test_delayed_motion_brakes_before_goal_and_retains_moving_gates (tests.test_adaptive_turn_fix.AdaptiveTurnFixTests.test_delayed_motion_brakes_before_goal_and_retains_moving_gates) ... ok
test_obstacle_route_keeps_crane_goal_and_uses_one_rear_wheel_turn (tests.test_adaptive_turn_fix.AdaptiveTurnFixTests.test_obstacle_route_keeps_crane_goal_and_uses_one_rear_wheel_turn) ... ok
test_verified_direct_incumbent_survives_lane_search_deadline (tests.test_adaptive_turn_fix.AdaptiveTurnFixTests.test_verified_direct_incumbent_survives_lane_search_deadline) ... ok
test_exit_heading_latches_when_distance_jitters_across_lead (tests.test_real_control_fixes.RealControlFixTests.test_exit_heading_latches_when_distance_jitters_across_lead) ... ok
test_missed_pivot_exit_does_not_keep_nonzero_rotation_at_zero_error (tests.test_real_control_fixes.RealControlFixTests.test_missed_pivot_exit_does_not_keep_nonzero_rotation_at_zero_error) ... ok
test_motor_lag_and_pose_delay_finish_without_repeated_pivot_reversals (tests.test_real_control_fixes.RealControlFixTests.test_motor_lag_and_pose_delay_finish_without_repeated_pivot_reversals) ... ok
test_terminal_wheel_straight_uses_low_speed_position_convergence (tests.test_real_control_fixes.RealControlFixTests.test_terminal_wheel_straight_uses_low_speed_position_convergence) ... ok
test_all_four_outer_corners_in_both_directions_execute_safe_pivots (tests.test_pivot_turns.PivotTurnsTests.test_all_four_outer_corners_in_both_directions_execute_safe_pivots) ... ok
test_arc_entry_and_exit_have_stricter_yaw_gate_than_ordinary_pass (tests.test_pivot_turns.PivotTurnsTests.test_arc_entry_and_exit_have_stricter_yaw_gate_than_ordinary_pass) ... ok
test_automatic_click_planner_selects_all_four_corners_both_directions (tests.test_pivot_turns.PivotTurnsTests.test_automatic_click_planner_selects_all_four_corners_both_directions) ... ok
test_backward_turns_use_rear_wheel_anchors (tests.test_pivot_turns.PivotTurnsTests.test_backward_turns_use_rear_wheel_anchors) ... ok
test_cancel_even_after_successful_arc_replay_cannot_return_result (tests.test_pivot_turns.PivotTurnsTests.test_cancel_even_after_successful_arc_replay_cannot_return_result) ... ok
test_center_motion_and_wheel_limits_with_nondefault_parameters (tests.test_pivot_turns.PivotTurnsTests.test_center_motion_and_wheel_limits_with_nondefault_parameters) ... ok
test_malformed_center_or_old_schema_cannot_silently_run_as_chord (tests.test_pivot_turns.PivotTurnsTests.test_malformed_center_or_old_schema_cannot_silently_run_as_chord) ... ok
test_no_new_motion_when_optimizer_budget_already_exhausted (tests.test_pivot_turns.PivotTurnsTests.test_no_new_motion_when_optimizer_budget_already_exhausted) ... ok
test_wheel_body_sweep_in_narrow_corner_is_rejected_before_control (tests.test_pivot_turns.PivotTurnsTests.test_wheel_body_sweep_in_narrow_corner_is_rejected_before_control) ... ok
test_disconnected_graph_reports_no_optimum (tests.test_route_optimality.GraphOracleTests.test_disconnected_graph_reports_no_optimum) ... ok
test_exact_diagonal_and_turn_weighted_route_cost (tests.test_route_optimality.GraphOracleTests.test_exact_diagonal_and_turn_weighted_route_cost) ... ok
test_incoming_direction_state_is_required_for_optimal_bend_cost (tests.test_route_optimality.GraphOracleTests.test_incoming_direction_state_is_required_for_optimal_bend_cost) ... ok
test_all_costs_match_independent_exhaustive_simple_path_oracle (tests.test_route_optimality.OrderedSkeletonTests.test_all_costs_match_independent_exhaustive_simple_path_oracle) ... ok
test_budget_does_not_claim_search_exhausted_and_cancel_is_observed (tests.test_route_optimality.OrderedSkeletonTests.test_budget_does_not_claim_search_exhausted_and_cancel_is_observed) ... ok
test_budget_exhaustion_retains_safe_seed_without_false_optimality_claim (tests.test_route_optimality.OrderedSkeletonTests.test_budget_exhaustion_retains_safe_seed_without_false_optimality_claim) ... ok
test_cancel_interrupts_actual_optimizer_without_returning_incumbent (tests.test_route_optimality.OrderedSkeletonTests.test_cancel_interrupts_actual_optimizer_without_returning_incumbent) ... ok
test_controller_selection_beats_old_first_safe_and_compares_all_settings (tests.test_route_optimality.OrderedSkeletonTests.test_controller_selection_beats_old_first_safe_and_compares_all_settings) ... ok
test_core_time_limit_is_distinct_from_user_cancel (tests.test_route_optimality.OrderedSkeletonTests.test_core_time_limit_is_distinct_from_user_cancel) ... ok
test_deadline_retains_verified_incumbent_but_never_claims_optimum (tests.test_route_optimality.OrderedSkeletonTests.test_deadline_retains_verified_incumbent_but_never_claims_optimum) ... ok
test_deadline_without_incumbent_and_explicit_cancel_refuse_a_plan (tests.test_route_optimality.OrderedSkeletonTests.test_deadline_without_incumbent_and_explicit_cancel_refuse_a_plan) ... ok
test_dense_replay_cache_is_bounded_by_samples_not_only_route_count (tests.test_route_optimality.OrderedSkeletonTests.test_dense_replay_cache_is_bounded_by_samples_not_only_route_count) ... ok
test_goal_aware_plan_can_disable_wheel_extension (tests.test_route_optimality.OrderedSkeletonTests.test_goal_aware_plan_can_disable_wheel_extension) ... ok
test_missing_direct_edge_is_not_invented_by_collinear_compression (tests.test_route_optimality.OrderedSkeletonTests.test_missing_direct_edge_is_not_invented_by_collinear_compression) ... ok
test_replay_cache_respects_parameter_constraint_changes_and_cancellation (tests.test_route_optimality.OrderedSkeletonTests.test_replay_cache_respects_parameter_constraint_changes_and_cancellation) ... ok
test_rough_storage_uses_tail_and_outer_wheel_turn_with_terminal_work_heading (tests.test_route_optimality.OrderedSkeletonTests.test_rough_storage_uses_tail_and_outer_wheel_turn_with_terminal_work_heading) ... ok
test_turn_state_lower_bound_matches_independent_dijkstra (tests.test_route_optimality.OrderedSkeletonTests.test_turn_state_lower_bound_matches_independent_dijkstra) ... ok
test_upper_bound_prunes_only_provably_more_expensive_routes (tests.test_route_optimality.OrderedSkeletonTests.test_upper_bound_prunes_only_provably_more_expensive_routes) ... ok
test_yaw_scoring_includes_first_integration_and_final_residual (tests.test_route_optimality.OrderedSkeletonTests.test_yaw_scoring_includes_first_integration_and_final_residual) ... ok

----------------------------------------------------------------------
Ran 35 tests in 27.202s

OK
PC四角指定圆心: [((2100, 2100), False, 149.96666296213968, 4.72, 7.5), ((2100, 2100), True, 149.96666296213968, 4.72, 7.5), ((300, 2100), False, 149.96666296213968, 4.72, 7.5), ((300, 2100), True, 149.96666296213968, 4.72, 7.5), ((300, 300), False, 149.96666296213968, 4.72, 7.5), ((300, 300), True, 149.96666296213968, 4.72, 7.5), ((2100, 300), False, 149.96666296213968, 4.72, 7.5), ((2100, 300), True, 149.96666296213968, 4.72, 7.5)]
