test_activation_guard_keeps_keyboard_remote_in_detached_window (test_debugger.DebuggerTests.test_activation_guard_keeps_keyboard_remote_in_detached_window) ... ok
test_astar_detour_is_collision_free (test_debugger.DebuggerTests.test_astar_detour_is_collision_free)
绕行路径的每一段都必须避开（按车体膨胀后的）禁区，且余量可报告。 ... ok
test_astar_finer_grid_keeps_path_clean (test_debugger.DebuggerTests.test_astar_finer_grid_keeps_path_clean) ... ok
test_astar_reports_sealed_corridors (test_debugger.DebuggerTests.test_astar_reports_sealed_corridors)
膨胀到把 40cm 走廊封死时，必须报"没有可行路径"而不是硬穿。 ... ok
test_astar_straight_when_unobstructed (test_debugger.DebuggerTests.test_astar_straight_when_unobstructed) ... ok
test_cancel_clears_unsent_commands (test_debugger.DebuggerTests.test_cancel_clears_unsent_commands) ... ok
test_car_icon_basis_matches_actual_travel (test_debugger.DebuggerTests.test_car_icon_basis_matches_actual_travel)
不依赖任何角度约定：指令 (左, 前) 的位移方向必须与图标自身基一致。 ... ok
test_car_icon_is_scaled_car_body (test_debugger.DebuggerTests.test_car_icon_is_scaled_car_body)
地图上的车必须是 28cm×26cm 的真实轮廓，车心落在映射位置上。 ... ok
test_clockwise_view_and_click_inverse (test_debugger.DebuggerTests.test_clockwise_view_and_click_inverse) ... ok
test_console_command_updates_wheel_state (test_debugger.DebuggerTests.test_console_command_updates_wheel_state) ... ok
test_continuous_latest_velocity_has_priority_without_backlog (test_debugger.DebuggerTests.test_continuous_latest_velocity_has_priority_without_backlog) ... ok
test_corrupt_crc_pose_never_reaches_map_or_raw_runtime_samples (test_debugger.DebuggerTests.test_corrupt_crc_pose_never_reaches_map_or_raw_runtime_samples) ... ok
test_detached_page_keeps_rendering_while_other_page_selected (test_debugger.DebuggerTests.test_detached_page_keeps_rendering_while_other_page_selected) ... ok
test_detached_window_is_not_owned_by_main_window (test_debugger.DebuggerTests.test_detached_window_is_not_owned_by_main_window)
独立窗口不能挂主窗口做父级。 ... ok
test_detached_window_topmost_and_close_returns_page (test_debugger.DebuggerTests.test_detached_window_topmost_and_close_returns_page) ... ok
test_field_target_yaw_is_inverse_of_readout (test_debugger.DebuggerTests.test_field_target_yaw_is_inverse_of_readout)
「目标航向=场地N°」下发后，遥测回来必须正好显示 N°。 ... ok
test_firmware_text_and_vofa_notice_reach_log (test_debugger.DebuggerTests.test_firmware_text_and_vofa_notice_reach_log) ... ok
test_firmware_text_is_surfaced_not_swallowed (test_debugger.DebuggerTests.test_firmware_text_is_surfaced_not_swallowed)
固件切到文字模式时的 ASCII 报错必须能被界面看到。 ... ok
test_follow_is_simulation_only_and_stops_on_stop (test_debugger.DebuggerTests.test_follow_is_simulation_only_and_stops_on_stop) ... ok
test_gotohold_stops_manual_and_is_queued (test_debugger.DebuggerTests.test_gotohold_stops_manual_and_is_queued) ... ok
test_icon_and_trail_share_one_mapping (test_debugger.DebuggerTests.test_icon_and_trail_share_one_mapping)
图标与轨迹必须来自同一变换。 ... ok
test_keyboard_combinations_release_and_slow (test_debugger.DebuggerTests.test_keyboard_combinations_release_and_slow) ... ok
test_keyboard_disabled_and_other_widgets_do_not_drive (test_debugger.DebuggerTests.test_keyboard_disabled_and_other_widgets_do_not_drive) ... ok
test_keyboard_exit_button_and_real_focus_change (test_debugger.DebuggerTests.test_keyboard_exit_button_and_real_focus_change) ... ok
test_keyboard_focus_loss_page_and_stop_disarm (test_debugger.DebuggerTests.test_keyboard_focus_loss_page_and_stop_disarm) ... ok
test_keyboard_opposites_space_repeat_and_escape (test_debugger.DebuggerTests.test_keyboard_opposites_space_repeat_and_escape) ... ok
test_main_close_closes_detached_windows (test_debugger.DebuggerTests.test_main_close_closes_detached_windows) ... ok
test_manual_direction_defaults_not_inverted (test_debugger.DebuggerTests.test_manual_direction_defaults_not_inverted)
车头方向反了已在固件协议边界统一修正，三个反向开关默认全部关闭。 ... ok
test_manual_hold_release_and_page_exit (test_debugger.DebuggerTests.test_manual_hold_release_and_page_exit) ... ok
test_manual_simulation_timeout_and_invalid (test_debugger.DebuggerTests.test_manual_simulation_timeout_and_invalid) ... ok
test_manual_stop_zero_goto_cancel_renewal (test_debugger.DebuggerTests.test_manual_stop_zero_goto_cancel_renewal) ... ok
test_map_click_plans_without_sending_anything (test_debugger.DebuggerTests.test_map_click_plans_without_sending_anything)
本阶段的核心约定：规划只算不下发，一条 GOTO 都不许进串口队列。 ... ok
test_map_decimation_keeps_a_single_gap_between_confirmed_pose_changes (test_debugger.DebuggerTests.test_map_decimation_keeps_a_single_gap_between_confirmed_pose_changes) ... ok
test_map_heading_readout_matches_icon (test_debugger.DebuggerTests.test_map_heading_readout_matches_icon)
地图里的航向数字与画出来的车头必须指向同一方向（历史上曾差 90°）。 ... ok
test_map_trail_does_not_join_telemetry_jumps_or_invalid_points (test_debugger.DebuggerTests.test_map_trail_does_not_join_telemetry_jumps_or_invalid_points) ... ok
test_mapping_roundtrip (test_debugger.DebuggerTests.test_mapping_roundtrip) ... ok
test_normal_simulator_start_uses_selected_zone_field_heading (test_debugger.DebuggerTests.test_normal_simulator_start_uses_selected_zone_field_heading) ... ok
test_offset_apply_stops_manual_and_sends_pair (test_debugger.DebuggerTests.test_offset_apply_stops_manual_and_sends_pair) ... ok
test_offset_file_roundtrip_and_invalid (test_debugger.DebuggerTests.test_offset_file_roundtrip_and_invalid) ... ok
test_offset_file_v1_migrates_axis_order_once (test_debugger.DebuggerTests.test_offset_file_v1_migrates_axis_order_once) ... ok
test_offset_simulator_residual_and_validation (test_debugger.DebuggerTests.test_offset_simulator_residual_and_validation) ... ok
test_origin_and_axes (test_debugger.DebuggerTests.test_origin_and_axes) ... ok
test_page_detach_keeps_stack_index_and_returns_page (test_debugger.DebuggerTests.test_page_detach_keeps_stack_index_and_returns_page) ... ok
test_page_header_button_detaches_page (test_debugger.DebuggerTests.test_page_header_button_detaches_page) ... ok
test_param_readback_updates_row_without_channel (test_debugger.DebuggerTests.test_param_readback_updates_row_without_channel)
没有遥测通道的参数行必须由文字回读点亮"回读"栏。 ... ok
test_param_reply_parsed_and_repeated_values_delivered (test_debugger.DebuggerTests.test_param_reply_parsed_and_repeated_values_delivered)
GET <名称> 的文字应答要能和 24 通道遥测共存，且重复值不能被去重吃掉。 ... ok
test_placeholder_checkbox_and_menu_action_set_topmost_pref (test_debugger.DebuggerTests.test_placeholder_checkbox_and_menu_action_set_topmost_pref) ... ok
test_plan_rejects_target_inside_forbidden_zone (test_debugger.DebuggerTests.test_plan_rejects_target_inside_forbidden_zone) ... ok
test_plan_switch_off_restores_direct_goto (test_debugger.DebuggerTests.test_plan_switch_off_restores_direct_goto) ... ok
test_planned_path_is_drivable_in_simulation (test_debugger.DebuggerTests.test_planned_path_is_drivable_in_simulation)
端到端连续跟踪：终点停稳且真实矩形车体扫掠无碰撞。 ... ok
test_poll_queries_only_params_without_telemetry_channel (test_debugger.DebuggerTests.test_poll_queries_only_params_without_telemetry_channel)
轮询只问没有通道位的参数，一次一条，避免挤占遥测帧。 ... ok
test_quick_target_and_home_plan_when_enabled (test_debugger.DebuggerTests.test_quick_target_and_home_plan_when_enabled) ... ok
test_refresh_rate_and_telemetry_rate_have_separate_readouts (test_debugger.DebuggerTests.test_refresh_rate_and_telemetry_rate_have_separate_readouts) ... ok
test_sending_param_requests_immediate_readback (test_debugger.DebuggerTests.test_sending_param_requests_immediate_readback)
写入后立刻回读一次：这两个参数没有波形可以对照。 ... ok
test_serial_idle_read_is_short_and_stop_precedes_velocity (test_debugger.DebuggerTests.test_serial_idle_read_is_short_and_stop_precedes_velocity) ... ok
test_serial_worker_resends_vofa_when_silent (test_debugger.DebuggerTests.test_serial_worker_resends_vofa_when_silent)
板子在上位机已连接时复位后，必须能自动补发 VOFA 恢复遥测。 ... ok
test_serial_worker_routes_param_replies_to_param_queue (test_debugger.DebuggerTests.test_serial_worker_routes_param_replies_to_param_queue)
工作线程把参数回读行分流转发，不能混进"固件文本"日志。 ... ok
test_simulation_home_bypasses_path_checks (test_debugger.DebuggerTests.test_simulation_home_bypasses_path_checks) ... ok
test_simulator_answers_param_query (test_debugger.DebuggerTests.test_simulator_answers_param_query)
演示模式也要给出回读值，否则界面在 --simulate 下永远显示"—"。 ... ok
test_simulator_goto_cm_and_telemetry_cm (test_debugger.DebuggerTests.test_simulator_goto_cm_and_telemetry_cm) ... ok
test_simulator_heading_and_zero_physical_axes (test_debugger.DebuggerTests.test_simulator_heading_and_zero_physical_axes) ... ok
test_simulator_hold_and_invalid_goto (test_debugger.DebuggerTests.test_simulator_hold_and_invalid_goto) ... ok
test_simulator_stop_and_zero (test_debugger.DebuggerTests.test_simulator_stop_and_zero) ... ok
test_simulator_wheel_gate_and_freeze (test_debugger.DebuggerTests.test_simulator_wheel_gate_and_freeze) ... ok
test_simulator_zero_resets_heading_reference (test_debugger.DebuggerTests.test_simulator_zero_resets_heading_reference) ... ok
test_single_bad_pose_cannot_flash_icon_but_raw_frame_is_kept (test_debugger.DebuggerTests.test_single_bad_pose_cannot_flash_icon_but_raw_frame_is_kept) ... ok
test_start_zone_calibration_sets_real_field_heading_and_forward_axis (test_debugger.DebuggerTests.test_start_zone_calibration_sets_real_field_heading_and_forward_axis) ... ok
test_stepper_buttons_units_and_uint32 (test_debugger.DebuggerTests.test_stepper_buttons_units_and_uint32) ... ok
test_stepper_query_enable_and_rpm_limits (test_debugger.DebuggerTests.test_stepper_query_enable_and_rpm_limits) ... ok
test_stepper_real_feedback_updates_page (test_debugger.DebuggerTests.test_stepper_real_feedback_updates_page) ... ok
test_target_heading_cardinal_directions_match_y_zero_convention (test_debugger.DebuggerTests.test_target_heading_cardinal_directions_match_y_zero_convention) ... ok
test_telemetry_direction_matches_field_axes (test_debugger.DebuggerTests.test_telemetry_direction_matches_field_axes)
验收桩：向前=+Y、向左=+X；地图上前进→屏幕上、左移→屏幕左，且点击方向一致。 ... ok
test_text_replies_survive_binary_in_same_read (test_debugger.DebuggerTests.test_text_replies_survive_binary_in_same_read) ... ok
test_topmost_toggle_keeps_window_visible_and_placed (test_debugger.DebuggerTests.test_topmost_toggle_keeps_window_visible_and_placed)
setWindowFlag 会隐藏窗口，置顶/取消置顶都必须重新显示。 ... ok
test_wheel_disabled_blocks_goto_keyboard_and_manual (test_debugger.DebuggerTests.test_wheel_disabled_blocks_goto_keyboard_and_manual) ... ok
test_wheel_lock_commands_track_state_and_stop_manual (test_debugger.DebuggerTests.test_wheel_lock_commands_track_state_and_stop_manual) ... ok
test_zone_two_does_not_change_field_origin (test_debugger.DebuggerTests.test_zone_two_does_not_change_field_origin) ... ok
test_click_places_obstacle_without_planning_or_sending (test_debugger.SimulatedObstacleUiTests.test_click_places_obstacle_without_planning_or_sending) ... ok
test_placement_rejects_overlap_limit_and_car (test_debugger.SimulatedObstacleUiTests.test_placement_rejects_overlap_limit_and_car) ... ok
test_plan_detours_and_old_plan_is_invalidated (test_debugger.SimulatedObstacleUiTests.test_plan_detours_and_old_plan_is_invalidated) ... ok
test_random_fill_avoids_car_and_clear_removes (test_debugger.SimulatedObstacleUiTests.test_random_fill_avoids_car_and_clear_removes) ... ok
test_color_buttons_send_the_bound_color (test_debugger.VisionPageTests.test_color_buttons_send_the_bound_color)
循环建按钮最容易写成闭包全绑最后一个值，这里逐个点真按钮。 ... ok
test_entering_vision_page_refreshes_readback (test_debugger.VisionPageTests.test_entering_vision_page_refreshes_readback) ... ok
test_page_has_six_colors_and_six_param_rows (test_debugger.VisionPageTests.test_page_has_six_colors_and_six_param_rows) ... ok
test_page_registered_last_without_shifting_existing_pages (test_debugger.VisionPageTests.test_page_registered_last_without_shifting_existing_pages)
新页面必须追加在末尾：既有测试与 _render_ui 依赖页面下标。 ... ok
test_param_echo_line_is_diverted_away_from_log (test_debugger.VisionPageTests.test_param_echo_line_is_diverted_away_from_log)
根因锁定：`名称=数值` 在 FrameParser 里就被截走，不进日志文本。 ... ok
test_queued_vtrack_is_discarded_on_stop (test_debugger.VisionPageTests.test_queued_vtrack_is_discarded_on_stop)
STOP 之后的队列里不能残留一条待发的跟踪启动。 ... ok
test_refresh_readback_queries_all_vision_params (test_debugger.VisionPageTests.test_refresh_readback_queries_all_vision_params) ... ok
test_sending_vision_param_requests_immediate_readback (test_debugger.VisionPageTests.test_sending_vision_param_requests_immediate_readback) ... ok
test_simulator_answers_and_stores_vision_params (test_debugger.VisionPageTests.test_simulator_answers_and_stores_vision_params) ... ok
test_stop_button_sends_vtrack_zero (test_debugger.VisionPageTests.test_stop_button_sends_vtrack_zero) ... ok
test_unknown_param_readback_is_logged_not_swallowed (test_debugger.VisionPageTests.test_unknown_param_readback_is_logged_not_swallowed)
回归守卫：参数回读行在解析层就被分流出了日志，若界面没有对应行又静默 ... ok
test_vision_param_readback_updates_row (test_debugger.VisionPageTests.test_vision_param_readback_updates_row) ... ok
test_vtrack_counts_as_commanding (test_debugger.VisionPageTests.test_vtrack_counts_as_commanding) ... ok
test_vtrack_stops_keyboard_remote (test_debugger.VisionPageTests.test_vtrack_stops_keyboard_remote)
固件启动跟踪会清掉 manual，但上位机 20Hz MANUAL 流必须自己停， ... ok
test_repeated_timeouts_or_device_loss_close_connection (test_serial_lifecycle.SerialLifecycleTests.test_repeated_timeouts_or_device_loss_close_connection) ... ok
test_stop_during_read_keeps_all_io_in_worker (test_serial_lifecycle.SerialLifecycleTests.test_stop_during_read_keeps_all_io_in_worker) ... ok
test_stop_timestamp_requires_a_complete_successful_write (test_serial_lifecycle.SerialLifecycleTests.test_stop_timestamp_requires_a_complete_successful_write) ... ok
test_stop_while_port_is_opening (test_serial_lifecycle.SerialLifecycleTests.test_stop_while_port_is_opening) ... ok
test_write_timeout_preserves_rx_and_does_not_replay_command (test_serial_lifecycle.SerialLifecycleTests.test_write_timeout_preserves_rx_and_does_not_replay_command) ... ok
test_close_waits_for_worker_before_destroying_window (test_serial_lifecycle.WindowLifecycleTests.test_close_waits_for_worker_before_destroying_window) ... ok
test_nonfinite_telemetry_renders (test_serial_lifecycle.WindowLifecycleTests.test_nonfinite_telemetry_renders) ... ok
test_old_error_does_not_stop_new_session (test_serial_lifecycle.WindowLifecycleTests.test_old_error_does_not_stop_new_session) ... ok
test_reconnect_and_sim_wait_for_previous_worker (test_serial_lifecycle.WindowLifecycleTests.test_reconnect_and_sim_wait_for_previous_worker) ... ok
test_chassis_send_buttons_supply_all_coordinate_parameters (test_map_click_qt.MapClickQtTests.test_chassis_send_buttons_supply_all_coordinate_parameters) ... ok
test_chassis_send_cancels_entire_competition (test_map_click_qt.MapClickQtTests.test_chassis_send_cancels_entire_competition) ... ok
test_chassis_send_immediately_cancels_coordinate_follow (test_map_click_qt.MapClickQtTests.test_chassis_send_immediately_cancels_coordinate_follow) ... ok
test_continuous_arc_tracks_to_final_stop_and_draws_four_layers (test_map_click_qt.MapClickQtTests.test_continuous_arc_tracks_to_final_stop_and_draws_four_layers) ... ok
test_coordinate_click_executes_and_exports_coordinate_program (test_map_click_qt.MapClickQtTests.test_coordinate_click_executes_and_exports_coordinate_program) ... ok
test_direct_obstacle_list_change_is_caught_before_next_core_motion (test_map_click_qt.MapClickQtTests.test_direct_obstacle_list_change_is_caught_before_next_core_motion) ... ok
test_direct_sim_home_respects_selected_zone_mapping_stop_and_disabled (test_map_click_qt.MapClickQtTests.test_direct_sim_home_respects_selected_zone_mapping_stop_and_disabled) ... ok
test_dynamic_snapshot_is_drawn_and_invalidates_old_plan (test_map_click_qt.MapClickQtTests.test_dynamic_snapshot_is_drawn_and_invalidates_old_plan) ... ok
test_fast_click_and_optional_full_optimization_share_safe_entry (test_map_click_qt.MapClickQtTests.test_fast_click_and_optional_full_optimization_share_safe_entry) ... ok
test_invalid_click_displays_failure_without_motion (test_map_click_qt.MapClickQtTests.test_invalid_click_displays_failure_without_motion) ... ok
test_manual_and_random_obstacles_are_preserved_by_match_start (test_map_click_qt.MapClickQtTests.test_manual_and_random_obstacles_are_preserved_by_match_start) ... ok
test_map_version_change_cancels_core_and_all_planned_layers_immediately (test_map_click_qt.MapClickQtTests.test_map_version_change_cancels_core_and_all_planned_layers_immediately) ... ok
test_match_preflight_cancellation_bad_code_and_hardware_are_rejected (test_map_click_qt.MapClickQtTests.test_match_preflight_cancellation_bad_code_and_hardware_are_rejected) ... ok
test_match_stop_work_phase_and_map_changes_stop_before_next_frame (test_map_click_qt.MapClickQtTests.test_match_stop_work_phase_and_map_changes_stop_before_next_frame) ... ok
test_mid_match_stop_then_direct_sim_home_bypasses_obstacles_without_restart (test_map_click_qt.MapClickQtTests.test_mid_match_stop_then_direct_sim_home_bypasses_obstacles_without_restart) ... ok
test_mouse_click_reaches_planner_and_draws_route (test_map_click_qt.MapClickQtTests.test_mouse_click_reaches_planner_and_draws_route) ... ok
test_no_preset_button_and_explicit_obstacles_preserved_for_match_and_json (test_map_click_qt.MapClickQtTests.test_no_preset_button_and_explicit_obstacles_preserved_for_match_and_json) ... ok
test_normal_sim_home_plans_and_clear_path_does_not_grant_bypass (test_map_click_qt.MapClickQtTests.test_normal_sim_home_plans_and_clear_path_does_not_grant_bypass) ... ok
test_obstacle_edits_cancel_preflight_motion_and_work_without_late_restart (test_map_click_qt.MapClickQtTests.test_obstacle_edits_cancel_preflight_motion_and_work_without_late_restart) ... ok
test_obstacle_occupied_station_refuses_start_and_preserves_actual_vehicle_pose (test_map_click_qt.MapClickQtTests.test_obstacle_occupied_station_refuses_start_and_preserves_actual_vehicle_pose) ... ok
test_one_key_complete_match_both_start_zones_and_real_json_export (test_map_click_qt.MapClickQtTests.test_one_key_complete_match_both_start_zones_and_real_json_export) ... ok
test_pending_sim_wheel_disable_cannot_be_bypassed_by_direct_return (test_map_click_qt.MapClickQtTests.test_pending_sim_wheel_disable_cannot_be_bypassed_by_direct_return) ... ok
test_pivot_route_shows_center_and_runs_same_coordinate_controller (test_map_click_qt.MapClickQtTests.test_pivot_route_shows_center_and_runs_same_coordinate_controller) ... ok
test_quick_target_button_reaches_planner (test_map_click_qt.MapClickQtTests.test_quick_target_button_reaches_planner) ... ok
test_reverse_and_diagonal_arrows_follow_motion_while_reference_shows_body (test_map_click_qt.MapClickQtTests.test_reverse_and_diagonal_arrows_follow_motion_while_reference_shows_body) ... ok
test_safe_arc_preview_uses_samples_and_exports_arc_geometry (test_map_click_qt.MapClickQtTests.test_safe_arc_preview_uses_samples_and_exports_arc_geometry) ... ok
test_screenshot_two_obstacles_plan_and_complete_through_real_match_button (test_map_click_qt.MapClickQtTests.test_screenshot_two_obstacles_plan_and_complete_through_real_match_button) ... ok
test_sim_match_protective_stop_allows_one_direct_return (test_map_click_qt.MapClickQtTests.test_sim_match_protective_stop_allows_one_direct_return) ... ok
test_slot_submission_exception_is_shown_not_swallowed (test_map_click_qt.MapClickQtTests.test_slot_submission_exception_is_shown_not_swallowed) ... ok
test_trajectory_arrows_follow_unwrapped_cw_and_ccw_tangents_and_clear (test_map_click_qt.MapClickQtTests.test_trajectory_arrows_follow_unwrapped_cw_and_ccw_tangents_and_clear) ... ok
test_arrival_requires_new_continuous_samples (tests.test_dm_position.MotionTests.test_arrival_requires_new_continuous_samples) ... ok
test_latest_reference_preserves_other_commands (tests.test_dm_position.MotionTests.test_latest_reference_preserves_other_commands) ... ok
test_reference_bounds_speed_acceleration_and_reverse (tests.test_dm_position.MotionTests.test_reference_bounds_speed_acceleration_and_reverse) ... ok
test_simulator_posvel_zero_speed_and_no_mit_gain_dependency (tests.test_dm_position.MotionTests.test_simulator_posvel_zero_speed_and_no_mit_gain_dependency) ... ok
test_unit_ratio_and_limits (tests.test_dm_position.MotionTests.test_unit_ratio_and_limits) ... ok
test_apply_mode_and_enable_keep_current_position (tests.test_dm_position.PositionQtTests.test_apply_mode_and_enable_keep_current_position) ... ok
test_corrupt_profile_does_not_replace_positions (tests.test_dm_position.PositionQtTests.test_corrupt_profile_does_not_replace_positions) ... ok
test_drive_parser_handles_split_repeated_mixed_telemetry (tests.test_dm_position.PositionQtTests.test_drive_parser_handles_split_repeated_mixed_telemetry) ... ok
test_drive_register_write_and_simulated_readback (tests.test_dm_position.PositionQtTests.test_drive_register_write_and_simulated_readback) ... ok
test_drive_requires_disabled_and_stop_cancels_deferred_send (tests.test_dm_position.PositionQtTests.test_drive_requires_disabled_and_stop_cancels_deferred_send) ... ok
test_drive_session_reset_rejects_late_response (tests.test_dm_position.PositionQtTests.test_drive_session_reset_rejects_late_response) ... ok
test_drive_stale_response_mismatch_and_timeout (tests.test_dm_position.PositionQtTests.test_drive_stale_response_mismatch_and_timeout) ... ok
test_external_target_stops_flow_without_restarting (tests.test_dm_position.PositionQtTests.test_external_target_stops_flow_without_restarting) ... ok
test_flow_requires_arrival_then_manual_release_and_return (tests.test_dm_position.PositionQtTests.test_flow_requires_arrival_then_manual_release_and_return) ... ok
test_internal_trapezoid_preset_flow (tests.test_dm_position.PositionQtTests.test_internal_trapezoid_preset_flow) ... ok
test_internal_trapezoid_requires_readback_and_sends_final_target_once (tests.test_dm_position.PositionQtTests.test_internal_trapezoid_requires_readback_and_sends_final_target_once) ... ok
test_mode_selection_only_switches_interface (tests.test_dm_position.PositionQtTests.test_mode_selection_only_switches_interface) ... ok
test_no_move_until_mode_enabled_and_limits_valid (tests.test_dm_position.PositionQtTests.test_no_move_until_mode_enabled_and_limits_valid) ... ok
test_persistence_and_zero_invalidation (tests.test_dm_position.PositionQtTests.test_persistence_and_zero_invalidation) ... ok
test_stale_telemetry_aborts_and_clears_reference (tests.test_dm_position.PositionQtTests.test_stale_telemetry_aborts_and_clears_reference) ... ok
test_switch_to_mit_requires_explicit_apply_before_enable (tests.test_dm_position.PositionQtTests.test_switch_to_mit_requires_explicit_apply_before_enable) ... ok
test_switching_mode_stops_running_goal (tests.test_dm_position.PositionQtTests.test_switching_mode_stops_running_goal) ... ok
test_cancelling_home_cannot_leave_queued_goto (tests.test_hardware_trajectory_qt.HardwareQtTests.test_cancelling_home_cannot_leave_queued_goto) ... ok
test_click_disabled_wheels_cannot_upload_with_nominal_map (tests.test_hardware_trajectory_qt.HardwareQtTests.test_click_disabled_wheels_cannot_upload_with_nominal_map) ... ok
test_click_stale_ops_cannot_upload_with_nominal_map (tests.test_hardware_trajectory_qt.HardwareQtTests.test_click_stale_ops_cannot_upload_with_nominal_map) ... ok
test_coordinate_parameter_loss_retries_only_missing_without_starting_motion (tests.test_hardware_trajectory_qt.HardwareQtTests.test_coordinate_parameter_loss_retries_only_missing_without_starting_motion) ... ok
test_coordinate_parameter_timeout_names_missing_and_session_change_is_distinct (tests.test_hardware_trajectory_qt.HardwareQtTests.test_coordinate_parameter_timeout_names_missing_and_session_change_is_distinct) ... ok
test_disabling_map_collision_does_not_disable_wheel_or_link_gate (tests.test_hardware_trajectory_qt.HardwareQtTests.test_disabling_map_collision_does_not_disable_wheel_or_link_gate) ... ok
test_fault13_home_bypasses_planner_and_uses_selected_zone_mapping (tests.test_hardware_trajectory_qt.HardwareQtTests.test_fault13_home_bypasses_planner_and_uses_selected_zone_mapping) ... ok
test_home_cancels_for_map_wheels_stale_pose_timeout_or_session_change (tests.test_hardware_trajectory_qt.HardwareQtTests.test_home_cancels_for_map_wheels_stale_pose_timeout_or_session_change) ... ok
test_invalid_explicit_profile_is_rejected_without_upload (tests.test_hardware_trajectory_qt.HardwareQtTests.test_invalid_explicit_profile_is_rejected_without_upload) ... ok
test_manual_movement_cancels_direct_home_and_clears_stop_exception (tests.test_hardware_trajectory_qt.HardwareQtTests.test_manual_movement_cancels_direct_home_and_clears_stop_exception) ... ok
test_map_change_cancels_click_upload (tests.test_hardware_trajectory_qt.HardwareQtTests.test_map_change_cancels_click_upload) ... ok
test_map_change_during_preflight_cancels (tests.test_hardware_trajectory_qt.HardwareQtTests.test_map_change_during_preflight_cancels) ... ok
test_missing_competition_config_is_loaded_before_parameter_snapshot (tests.test_hardware_trajectory_qt.HardwareQtTests.test_missing_competition_config_is_loaded_before_parameter_snapshot) ... ok
test_missing_profile_at_zone_two_preserves_live_ops_and_obstacles (tests.test_hardware_trajectory_qt.HardwareQtTests.test_missing_profile_at_zone_two_preserves_live_ops_and_obstacles) ... ok
test_moving_after_stop_cannot_dispatch_home (tests.test_hardware_trajectory_qt.HardwareQtTests.test_moving_after_stop_cannot_dispatch_home) ... ok
test_new_serial_session_drops_sent_home_and_recovery_permission (tests.test_hardware_trajectory_qt.HardwareQtTests.test_new_serial_session_drops_sent_home_and_recovery_permission) ... ok
test_normal_cancel_and_completion_do_not_grant_direct_return (tests.test_hardware_trajectory_qt.HardwareQtTests.test_normal_cancel_and_completion_do_not_grant_direct_return) ... ok
test_normal_home_always_plans_even_with_click_planning_disabled (tests.test_hardware_trajectory_qt.HardwareQtTests.test_normal_home_always_plans_even_with_click_planning_disabled) ... ok
test_normal_home_with_negative_zero_heading_plans_and_uploads_to_zero (tests.test_hardware_trajectory_qt.HardwareQtTests.test_normal_home_with_negative_zero_heading_plans_and_uploads_to_zero) ... ok
test_parameter_readback_timeout_and_stop_cannot_start (tests.test_hardware_trajectory_qt.HardwareQtTests.test_parameter_readback_timeout_and_stop_cannot_start) ... ok
test_real_click_automatically_uploads_all_then_runs_without_goto (tests.test_hardware_trajectory_qt.HardwareQtTests.test_real_click_automatically_uploads_all_then_runs_without_goto) ... ok
test_real_click_supports_calibration_offsets_beyond_old_goto_range (tests.test_hardware_trajectory_qt.HardwareQtTests.test_real_click_supports_calibration_offsets_beyond_old_goto_range) ... ok
test_real_preflight_caps_and_stop_discard_pending_points (tests.test_hardware_trajectory_qt.HardwareQtTests.test_real_preflight_caps_and_stop_discard_pending_points) ... ok
test_runtime_collision_switch_only_controls_map_collision_check (tests.test_hardware_trajectory_qt.HardwareQtTests.test_runtime_collision_switch_only_controls_map_collision_check) ... ok
test_screenshot_current_pose_is_clear_and_sweep_reason_has_previous_pose (tests.test_hardware_trajectory_qt.HardwareQtTests.test_screenshot_current_pose_is_clear_and_sweep_reason_has_previous_pose) ... ok
test_silent_calibration_change_reports_changed_field_and_snapshot (tests.test_hardware_trajectory_qt.HardwareQtTests.test_silent_calibration_change_reports_changed_field_and_snapshot) ... ok
test_stale_telemetry_cancels_with_specific_reason_even_collision_off (tests.test_hardware_trajectory_qt.HardwareQtTests.test_stale_telemetry_cancels_with_specific_reason_even_collision_off) ... ok
test_stop_home_waits_for_written_stop_and_fresh_stationary_pose (tests.test_hardware_trajectory_qt.HardwareQtTests.test_stop_home_waits_for_written_stop_and_fresh_stationary_pose) ... ok
test_wrong_actual_start_refuses_without_zero (tests.test_hardware_trajectory_qt.HardwareQtTests.test_wrong_actual_start_refuses_without_zero) ... ok
test_qt_float_readback_reuses_cli_integer_margin_cache (tests.test_right_crane_qt.RightCraneQtTests.test_qt_float_readback_reuses_cli_integer_margin_cache) ... ok
test_quick_targets_use_right_crane_heading_for_clearance_and_route (tests.test_right_crane_qt.RightCraneQtTests.test_quick_targets_use_right_crane_heading_for_clearance_and_route) ... ok
test_simulation_preparation_preserves_dynamic_and_fixed_geometry (tests.test_right_crane_qt.RightCraneQtTests.test_simulation_preparation_preserves_dynamic_and_fixed_geometry) ... ok
test_station_click_overrides_free_heading_but_ordinary_click_does_not (tests.test_right_crane_qt.RightCraneQtTests.test_station_click_overrides_free_heading_but_ordinary_click_does_not) ... ok
test_legacy_terminal_replies_remain_visible_without_page (tests.test_trajectory_settings_qt.TrajectorySettingsQtTests.test_legacy_terminal_replies_remain_visible_without_page) ... ok
test_legacy_terminal_writes_still_require_idle_hardware (tests.test_trajectory_settings_qt.TrajectorySettingsQtTests.test_legacy_terminal_writes_still_require_idle_hardware) ... ok
test_only_current_pages_and_chassis_shortcut_remain (tests.test_trajectory_settings_qt.TrajectorySettingsQtTests.test_only_current_pages_and_chassis_shortcut_remain) ... ok
test_page_switch_and_session_reset_have_no_obsolete_queries (tests.test_trajectory_settings_qt.TrajectorySettingsQtTests.test_page_switch_and_session_reset_have_no_obsolete_queries) ... ok
test_batch_initial_stop_does_not_end_run_and_pause_keeps_recording (tests.test_run_journal_qt.JournalQtTests.test_batch_initial_stop_does_not_end_run_and_pause_keeps_recording) ... ok
test_manual_command_starts_run_and_zero_ends_it (tests.test_run_journal_qt.JournalQtTests.test_manual_command_starts_run_and_zero_ends_it) ... ok
test_bluetooth_default_and_dl20_independent_slow_state_are_visible (tests.test_wireless_telemetry_qt.WirelessQtTests.test_bluetooth_default_and_dl20_independent_slow_state_are_visible) ... ok
test_recent_pose_cannot_refresh_stale_dm_feedback (tests.test_wireless_telemetry_qt.WirelessQtTests.test_recent_pose_cannot_refresh_stale_dm_feedback) ... ok

----------------------------------------------------------------------
Ran 197 tests in 181.438s

OK
