test_bad_start_yaw_and_forced_false_completion_cannot_be_accepted (tests.test_continuous_tracking.ContinuousUiTests.test_bad_start_yaw_and_forced_false_completion_cannot_be_accepted) ... ok
test_skeleton_continuous_reference_layers_and_simulation_end (tests.test_continuous_tracking.ContinuousUiTests.test_skeleton_continuous_reference_layers_and_simulation_end) ... ok
test_stale_pose_or_hardware_takeover_stops_with_no_serial_navigation (tests.test_continuous_tracking.ContinuousUiTests.test_stale_pose_or_hardware_takeover_stops_with_no_serial_navigation) ... ok
test_stop_clear_replan_map_replace_and_version_cancel_before_next_tick (tests.test_continuous_tracking.ContinuousUiTests.test_stop_clear_replan_map_replace_and_version_cancel_before_next_tick) ... ok
test_actual_projection_monotone_when_position_jitters_backward (tests.test_continuous_tracking.MonotoneProgressTests.test_actual_projection_monotone_when_position_jitters_backward) ... ok
test_closed_loop_start_cannot_jump_to_identical_endpoint (tests.test_continuous_tracking.MonotoneProgressTests.test_closed_loop_start_cannot_jump_to_identical_endpoint) ... ok
test_lookahead_is_one_hundred_mm_arclength_with_exact_arc_yaw (tests.test_continuous_tracking.MonotoneProgressTests.test_lookahead_is_one_hundred_mm_arclength_with_exact_arc_yaw) ... ok
test_progress_is_not_advanced_by_reference_or_frame_count (tests.test_continuous_tracking.MonotoneProgressTests.test_progress_is_not_advanced_by_reference_or_frame_count) ... ok
test_cancel_inside_acceptance_pose_guard_cannot_restore_tracker (tests.test_continuous_tracking.SimulatorContinuousTests.test_cancel_inside_acceptance_pose_guard_cannot_restore_tracker) ... ok
test_dynamic_obstacle_in_true_scene_guard_stops_before_contact (tests.test_continuous_tracking.SimulatorContinuousTests.test_dynamic_obstacle_in_true_scene_guard_stops_before_contact) ... ok
test_field_ops_mapping_rotation_offset_does_not_change_tracking (tests.test_continuous_tracking.SimulatorContinuousTests.test_field_ops_mapping_rotation_offset_does_not_change_tracking) ... ok
test_frozen_motion_watchdog_and_timeout (tests.test_continuous_tracking.SimulatorContinuousTests.test_frozen_motion_watchdog_and_timeout) ... ok
test_guard_rejects_actual_motion_without_position_or_yaw_commit (tests.test_continuous_tracking.SimulatorContinuousTests.test_guard_rejects_actual_motion_without_position_or_yaw_commit) ... ok
test_nan_pose_xy_jump_yaw_jump_and_guard_exception_fail_closed (tests.test_continuous_tracking.SimulatorContinuousTests.test_nan_pose_xy_jump_yaw_jump_and_guard_exception_fail_closed) ... ok
test_only_final_stop_needs_position_yaw_and_zero_velocity (tests.test_continuous_tracking.SimulatorContinuousTests.test_only_final_stop_needs_position_yaw_and_zero_velocity) ... ok
test_stop_during_acceptance_recheck_rejects_old_epoch (tests.test_continuous_tracking.SimulatorContinuousTests.test_stop_during_acceptance_recheck_rejects_old_epoch) ... ok
test_stop_or_version_change_inside_guard_cannot_commit_late_motion (tests.test_continuous_tracking.SimulatorContinuousTests.test_stop_or_version_change_inside_guard_cannot_commit_late_motion) ... ok
test_stop_zero_wheeloff_and_queued_stale_motion_cancel_immediately (tests.test_continuous_tracking.SimulatorContinuousTests.test_stop_zero_wheeloff_and_queued_stale_motion_cancel_immediately) ... ok
test_straight_l_z_u_complete_without_intermediate_stops (tests.test_continuous_tracking.SimulatorContinuousTests.test_straight_l_z_u_complete_without_intermediate_stops) ... ok
test_another_code_preserves_each_color_stack (tests.test_competition_simulation.CompetitionCodeTests.test_another_code_preserves_each_color_stack) ... ok
test_invalid_code_colors_slots_and_different_batches_rejected (tests.test_competition_simulation.CompetitionCodeTests.test_invalid_code_colors_slots_and_different_batches_rejected) ... ok
test_official_code_and_second_stack_by_color_not_second_rough_slot (tests.test_competition_simulation.CompetitionCodeTests.test_official_code_and_second_stack_by_color_not_second_rough_slot) ... ok
test_code_display_waits_for_qr_arrival_and_scan_action (tests.test_competition_simulation.CompetitionFlowTests.test_code_display_waits_for_qr_arrival_and_scan_action) ... ok
test_fake_completion_and_motion_during_action_are_rejected (tests.test_competition_simulation.CompetitionFlowTests.test_fake_completion_and_motion_during_action_are_rejected) ... ok
test_missing_cargo_fails_without_counting_a_placement (tests.test_competition_simulation.CompetitionFlowTests.test_missing_cargo_fails_without_counting_a_placement) ... ok
test_no_new_frame_cannot_advance_clock_actions_or_stages (tests.test_competition_simulation.CompetitionFlowTests.test_no_new_frame_cannot_advance_clock_actions_or_stages) ... ok
test_preflight_rejects_real_tracking_collision_even_if_geometry_is_safe (tests.test_competition_simulation.CompetitionFlowTests.test_preflight_rejects_real_tracking_collision_even_if_geometry_is_safe) ... ok
test_prepare_rejects_occupied_station_bad_margin_and_cancellation (tests.test_competition_simulation.CompetitionFlowTests.test_prepare_rejects_occupied_station_bad_margin_and_cancellation) ... ok
test_same_round_can_only_start_once (tests.test_competition_simulation.CompetitionFlowTests.test_same_round_can_only_start_once) ... ok
test_stop_and_version_changes_cancel_during_motion_and_work_without_restart (tests.test_competition_simulation.CompetitionFlowTests.test_stop_and_version_changes_cancel_during_motion_and_work_without_restart) ... ok
test_task_order_requires_all_rough_placements_before_retrieval_and_second_batch (tests.test_competition_simulation.CompetitionFlowTests.test_task_order_requires_all_rough_placements_before_retrieval_and_second_batch) ... ok
test_timeout_and_overlong_station_action_stop (tests.test_competition_simulation.CompetitionFlowTests.test_timeout_and_overlong_station_action_stop) ... ok
test_two_start_zones_complete_entire_round_with_actual_body_sweeps (tests.test_competition_simulation.CompetitionFlowTests.test_two_start_zones_complete_entire_round_with_actual_body_sweeps) ... ok
test_wrong_first_layer_cannot_count_a_stack (tests.test_competition_simulation.CompetitionFlowTests.test_wrong_first_layer_cannot_count_a_stack) ... ok
test_actual_pose_on_obstacle_stops_without_committing_more_motion (tests.test_competition_simulation.CompetitionObstacleTests.test_actual_pose_on_obstacle_stops_without_committing_more_motion) ... ok
test_central_blocker_forces_detour_instead_of_only_drawing_an_obstacle (tests.test_competition_simulation.CompetitionObstacleTests.test_central_blocker_forces_detour_instead_of_only_drawing_an_obstacle) ... ok
test_four_obstacles_both_zones_complete_with_every_actual_rectangle_sweep_safe (tests.test_competition_simulation.CompetitionObstacleTests.test_four_obstacles_both_zones_complete_with_every_actual_rectangle_sweep_safe) ... ok
test_invalid_obstacles_are_rejected_without_ignoring_them (tests.test_competition_simulation.CompetitionObstacleTests.test_invalid_obstacles_are_rejected_without_ignoring_them) ... ok
test_obstacle_snapshot_export_is_independent_and_map_has_no_duplicate_cylinders (tests.test_competition_simulation.CompetitionObstacleTests.test_obstacle_snapshot_export_is_independent_and_map_has_no_duplicate_cylinders) ... ok
test_occupied_start_or_station_and_disconnected_lanes_refuse_entire_round (tests.test_competition_simulation.CompetitionObstacleTests.test_occupied_start_or_station_and_disconnected_lanes_refuse_entire_round) ... ok

----------------------------------------------------------------------
Ran 40 tests in 20.673s

OK
