test_actual_click_handler_starts_worker_and_displays_result (tests.test_map_click_regression.MapClickRegressionTests.test_actual_click_handler_starts_worker_and_displays_result) ... ok
test_cancel_clears_pending_request_and_event_reference (tests.test_map_click_regression.MapClickRegressionTests.test_cancel_clears_pending_request_and_event_reference) ... ok
test_event_creation_error_is_visible (tests.test_map_click_regression.MapClickRegressionTests.test_event_creation_error_is_visible) ... ok
test_invalid_goal_shows_rejection_instead_of_silent_click (tests.test_map_click_regression.MapClickRegressionTests.test_invalid_goal_shows_rejection_instead_of_silent_click) ... ok
test_latest_click_wins (tests.test_map_click_regression.MapClickRegressionTests.test_latest_click_wins) ... ok
test_log_io_error_does_not_hide_original_error (tests.test_map_click_regression.MapClickRegressionTests.test_log_io_error_does_not_hide_original_error) ... ok
test_missing_production_import_is_not_injected_by_test_helper (tests.test_map_click_regression.MapClickRegressionTests.test_missing_production_import_is_not_injected_by_test_helper) ... ok
test_nonfinite_goal_is_rejected_before_worker (tests.test_map_click_regression.MapClickRegressionTests.test_nonfinite_goal_is_rejected_before_worker) ... ok
test_offline_click_plans_without_simulator_or_serial (tests.test_map_click_regression.MapClickRegressionTests.test_offline_click_plans_without_simulator_or_serial) ... ok
test_offline_home_button_uses_async_planning_in_planning_mode (tests.test_map_click_regression.MapClickRegressionTests.test_offline_home_button_uses_async_planning_in_planning_mode) ... ok
test_result_presentation_error_clears_partial_plan (tests.test_map_click_regression.MapClickRegressionTests.test_result_presentation_error_clears_partial_plan) ... ok
test_stale_exception_cannot_clear_newer_plan (tests.test_map_click_regression.MapClickRegressionTests.test_stale_exception_cannot_clear_newer_plan) ... ok
test_submit_error_is_visible_and_next_click_can_recover (tests.test_map_click_regression.MapClickRegressionTests.test_submit_error_is_visible_and_next_click_can_recover) ... ok
test_threading_binding_comes_from_main_import (tests.test_map_click_regression.MapClickRegressionTests.test_threading_binding_comes_from_main_import) ... ok
test_unexpected_preparation_error_is_visible (tests.test_map_click_regression.MapClickRegressionTests.test_unexpected_preparation_error_is_visible) ... ok
test_worker_error_is_visible (tests.test_map_click_regression.MapClickRegressionTests.test_worker_error_is_visible) ... ok
test_actual_rotated_body_still_rejects_illegal_boundary_start (tests.test_navigation_audit_fixes.AuditPlannerFixTests.test_actual_rotated_body_still_rejects_illegal_boundary_start) ... ok
test_arbitrary_initial_yaw_remains_exact_in_every_pose (tests.test_navigation_audit_fixes.AuditPlannerFixTests.test_arbitrary_initial_yaw_remains_exact_in_every_pose) ... ok
test_body_clearance_includes_turn_only_path (tests.test_navigation_audit_fixes.AuditPlannerFixTests.test_body_clearance_includes_turn_only_path) ... ok
test_cheapest_move_heuristic_matches_independent_dijkstra (tests.test_navigation_audit_fixes.AuditPlannerFixTests.test_cheapest_move_heuristic_matches_independent_dijkstra) ... ok
test_collinear_turn_preserves_action_segments (tests.test_navigation_audit_fixes.AuditPlannerFixTests.test_collinear_turn_preserves_action_segments) ... ok
test_direct_candidate_does_not_skip_cheaper_turns (tests.test_navigation_audit_fixes.AuditPlannerFixTests.test_direct_candidate_does_not_skip_cheaper_turns) ... ok
test_fine_grid_does_not_repeatedly_round_up_strafe_allowance (tests.test_navigation_audit_fixes.AuditPlannerFixTests.test_fine_grid_does_not_repeatedly_round_up_strafe_allowance) ... ok
test_operation_zone_does_not_exempt_outside_part (tests.test_navigation_audit_fixes.AuditPlannerFixTests.test_operation_zone_does_not_exempt_outside_part) ... ok
test_operation_zone_only_deducts_its_inside_distance (tests.test_navigation_audit_fixes.AuditPlannerFixTests.test_operation_zone_only_deducts_its_inside_distance) ... ok
test_revisiting_same_segment_and_corner_uses_correct_ledger_occurrence (tests.test_navigation_audit_fixes.AuditPlannerFixTests.test_revisiting_same_segment_and_corner_uses_correct_ledger_occurrence) ... ok
test_sample_gap_sweep_covers_dense_rotations_for_all_start_headings (tests.test_navigation_audit_fixes.AuditPlannerFixTests.test_sample_gap_sweep_covers_dense_rotations_for_all_start_headings) ... ok
test_turn_probe_is_not_returned_as_safe_in_place (tests.test_navigation_audit_fixes.AuditPlannerFixTests.test_turn_probe_is_not_returned_as_safe_in_place) ... ok
test_actual_ui_accepts_non_cardinal_yaw_without_sending_commands (tests.test_navigation_audit_fixes.AuditUiFixTests.test_actual_ui_accepts_non_cardinal_yaw_without_sending_commands) ... ok
test_every_turn_appears_in_ui_ledger_even_without_a_corner (tests.test_navigation_audit_fixes.AuditUiFixTests.test_every_turn_appears_in_ui_ledger_even_without_a_corner) ... ok
test_json_export_roundtrips_segments_and_corners (tests.test_navigation_audit_fixes.AuditUiFixTests.test_json_export_roundtrips_segments_and_corners) ... ok
test_quantized_turn_checks_actual_sweep_instead_of_skipping_turn (tests.test_navigation_audit_fixes.AuditUiFixTests.test_quantized_turn_checks_actual_sweep_instead_of_skipping_turn) ... ok
test_unmatched_action_segments_are_rejected_before_presenting_success (tests.test_navigation_audit_fixes.AuditUiFixTests.test_unmatched_action_segments_are_rejected_before_presenting_success) ... ok
test_adjacent_arcs_exact_join_is_single_station (tests.test_trajectory.TrajectoryGeometryTests.test_adjacent_arcs_exact_join_is_single_station) ... ok
test_arc_segment_object_cw_ccw_all_radii_uses_true_arclength (tests.test_trajectory.TrajectoryGeometryTests.test_arc_segment_object_cw_ccw_all_radii_uses_true_arclength) ... ok
test_empty_missing_body_invalid_geometry_and_sample_resource_limit (tests.test_trajectory.TrajectoryGeometryTests.test_empty_missing_body_invalid_geometry_and_sample_resource_limit) ... ok
test_fallback_turn_and_sharp_corner_are_not_fake_continuous_paths (tests.test_trajectory.TrajectoryGeometryTests.test_fallback_turn_and_sharp_corner_are_not_fake_continuous_paths) ... ok
test_global_station_grid_continues_across_line_boundary (tests.test_trajectory.TrajectoryGeometryTests.test_global_station_grid_continues_across_line_boundary) ... ok
test_line_arc_line_length_endpoints_and_tangent_join (tests.test_trajectory.TrajectoryGeometryTests.test_line_arc_line_length_endpoints_and_tangent_join) ... ok
test_line_segment_object_exact_twenty_mm_grid_and_short_endpoint (tests.test_trajectory.TrajectoryGeometryTests.test_line_segment_object_exact_twenty_mm_grid_and_short_endpoint) ... ok
test_unwrap_179_to_minus179_and_multiple_revolutions (tests.test_trajectory.TrajectoryGeometryTests.test_unwrap_179_to_minus179_and_multiple_revolutions) ... ok
test_json_export_five_fields_and_rejects_fallback (tests.test_trajectory.TrajectoryIntegrationTests.test_json_export_five_fields_and_rejects_fallback) ... ok
test_plan_automatically_returns_safe_trajectory_without_changing_raw_ledger (tests.test_trajectory.TrajectoryIntegrationTests.test_plan_automatically_returns_safe_trajectory_without_changing_raw_ledger) ... ok
test_ui_arrows_and_both_exports_no_motion_commands (tests.test_trajectory.TrajectoryIntegrationTests.test_ui_arrows_and_both_exports_no_motion_commands) ... ok
test_ui_refuses_corrupted_or_stale_trajectory_export (tests.test_trajectory.TrajectoryIntegrationTests.test_ui_refuses_corrupted_or_stale_trajectory_export) ... ok
test_cancellation_during_generation_and_final_check_never_publishes (tests.test_trajectory.TrajectorySafetyTests.test_cancellation_during_generation_and_final_check_never_publishes) ... ok
test_dense_independent_rectangle_poses_safe_along_complete_exported_path (tests.test_trajectory.TrajectorySafetyTests.test_dense_independent_rectangle_poses_safe_along_complete_exported_path) ... ok
test_every_pose_and_interval_rechecked_against_latest_scene (tests.test_trajectory.TrajectorySafetyTests.test_every_pose_and_interval_rechecked_against_latest_scene) ... ok
test_final_arc_sweep_rejects_between_export_and_check_samples (tests.test_trajectory.TrajectorySafetyTests.test_final_arc_sweep_rejects_between_export_and_check_samples) ... ok
test_final_line_sweep_rejects_obstacle_between_export_samples (tests.test_trajectory.TrajectorySafetyTests.test_final_line_sweep_rejects_obstacle_between_export_samples) ... ok
test_full_vehicle_and_drivable_hole_not_just_centers (tests.test_trajectory.TrajectorySafetyTests.test_full_vehicle_and_drivable_hole_not_just_centers) ... ok
test_new_tangent_yaw_is_checked_instead_of_original_strafe_heading (tests.test_trajectory.TrajectorySafetyTests.test_new_tangent_yaw_is_checked_instead_of_original_strafe_heading) ... ok
test_tampered_sample_position_yaw_type_and_station_rejected (tests.test_trajectory.TrajectorySafetyTests.test_tampered_sample_position_yaw_type_and_station_rejected) ... ok
test_bad_start_yaw_and_forced_false_completion_cannot_be_accepted (tests.test_continuous_tracking.ContinuousUiTests.test_bad_start_yaw_and_forced_false_completion_cannot_be_accepted) ... ok
test_skeleton_continuous_reference_layers_and_simulation_end (tests.test_continuous_tracking.ContinuousUiTests.test_skeleton_continuous_reference_layers_and_simulation_end) ... ok
test_stale_pose_or_hardware_takeover_stops_with_no_serial_navigation (tests.test_continuous_tracking.ContinuousUiTests.test_stale_pose_or_hardware_takeover_stops_with_no_serial_navigation) ... ok
test_stop_clear_replan_map_replace_and_version_cancel_before_next_tick (tests.test_continuous_tracking.ContinuousUiTests.test_stop_clear_replan_map_replace_and_version_cancel_before_next_tick) ... ok
test_actual_projection_monotone_when_position_jitters_backward (tests.test_continuous_tracking.MonotoneProgressTests.test_actual_projection_monotone_when_position_jitters_backward) ... ok
test_closed_loop_start_cannot_jump_to_identical_endpoint (tests.test_continuous_tracking.MonotoneProgressTests.test_closed_loop_start_cannot_jump_to_identical_endpoint) ... ok
test_lookahead_is_one_hundred_mm_arclength_with_exact_arc_yaw (tests.test_continuous_tracking.MonotoneProgressTests.test_lookahead_is_one_hundred_mm_arclength_with_exact_arc_yaw) ... ok
test_progress_is_not_advanced_by_reference_or_frame_count (tests.test_continuous_tracking.MonotoneProgressTests.test_progress_is_not_advanced_by_reference_or_frame_count) ... ok
test_cancel_inside_acceptance_pose_guard_cannot_restore_tracker (tests.test_continuous_tracking.SimulatorContinuousTests.test_cancel_inside_acceptance_pose_guard_cannot_restore_tracker) ... ok
test_dynamic_obstacle_in_true_scene_guard_stops_before_contact (tests.test_continuous_tracking.SimulatorContinuousTests.test_dynamic_obstacle_in_true_scene_guard_stops_before_contact) ... ok
test_field_ops_mapping_rotation_offset_does_not_change_tracking (tests.test_continuous_tracking.SimulatorContinuousTests.test_field_ops_mapping_rotation_offset_does_not_change_tracking) ... ok
test_frozen_motion_watchdog_and_timeout (tests.test_continuous_tracking.SimulatorContinuousTests.test_frozen_motion_watchdog_and_timeout) ... ok
test_guard_rejects_actual_motion_without_position_or_yaw_commit (tests.test_continuous_tracking.SimulatorContinuousTests.test_guard_rejects_actual_motion_without_position_or_yaw_commit) ... ok
test_lookahead_keeps_arc_reference_without_premature_turn_or_sideways_chord_motion (tests.test_continuous_tracking.SimulatorContinuousTests.test_lookahead_keeps_arc_reference_without_premature_turn_or_sideways_chord_motion) ... ok
test_nan_pose_xy_jump_yaw_jump_and_guard_exception_fail_closed (tests.test_continuous_tracking.SimulatorContinuousTests.test_nan_pose_xy_jump_yaw_jump_and_guard_exception_fail_closed) ... ok
test_narrow_competition_corner_tracks_without_chord_cutting_into_yellow_zone (tests.test_continuous_tracking.SimulatorContinuousTests.test_narrow_competition_corner_tracks_without_chord_cutting_into_yellow_zone) ... ok
test_only_final_stop_needs_position_yaw_and_zero_velocity (tests.test_continuous_tracking.SimulatorContinuousTests.test_only_final_stop_needs_position_yaw_and_zero_velocity) ... ok
test_stop_during_acceptance_recheck_rejects_old_epoch (tests.test_continuous_tracking.SimulatorContinuousTests.test_stop_during_acceptance_recheck_rejects_old_epoch) ... ok
test_stop_or_version_change_inside_guard_cannot_commit_late_motion (tests.test_continuous_tracking.SimulatorContinuousTests.test_stop_or_version_change_inside_guard_cannot_commit_late_motion) ... ok
test_stop_zero_wheeloff_and_queued_stale_motion_cancel_immediately (tests.test_continuous_tracking.SimulatorContinuousTests.test_stop_zero_wheeloff_and_queued_stale_motion_cancel_immediately) ... ok
test_straight_l_z_u_complete_without_intermediate_stops (tests.test_continuous_tracking.SimulatorContinuousTests.test_straight_l_z_u_complete_without_intermediate_stops) ... ok

----------------------------------------------------------------------
Ran 74 tests in 11.798s

OK
