test_obstacle_occupied_station_refuses_start_and_preserves_actual_vehicle_pose (test_map_click_qt.MapClickQtTests.test_obstacle_occupied_station_refuses_start_and_preserves_actual_vehicle_pose) ... ok
test_cancel_during_replay_never_returns_fast_result (tests.test_click_planning.ClickPlanningTests.test_cancel_during_replay_never_returns_fast_result) ... ok
test_direct_mecanum_route_avoids_graph_and_replays_whole_body (tests.test_click_planning.ClickPlanningTests.test_direct_mecanum_route_avoids_graph_and_replays_whole_body) ... ok
test_interactive_zero_budget_and_cancel_remain_distinct (tests.test_click_planning.ClickPlanningTests.test_interactive_zero_budget_and_cancel_remain_distinct) ... ok
test_invalid_start_and_goal_rejected_before_search (tests.test_click_planning.ClickPlanningTests.test_invalid_start_and_goal_rejected_before_search) ... ok
test_obstructed_direct_route_uses_safe_graph_detour (tests.test_click_planning.ClickPlanningTests.test_obstructed_direct_route_uses_safe_graph_detour) ... ok
test_optimizer_retains_fixed_incumbent_when_seed_later_hits_deadline (tests.test_click_planning.ClickPlanningTests.test_optimizer_retains_fixed_incumbent_when_seed_later_hits_deadline) ... FAIL
test_short_lateral_departure_accepts_fixed_heading_in_corner (tests.test_click_planning.ClickPlanningTests.test_short_lateral_departure_accepts_fixed_heading_in_corner) ... ok
test_strict_lateral_constraint_is_not_bypassed_by_direct_shortcut (tests.test_click_planning.ClickPlanningTests.test_strict_lateral_constraint_is_not_bypassed_by_direct_shortcut) ... ok
test_disconnected_graph_reports_no_optimum (tests.test_route_optimality.GraphOracleTests.test_disconnected_graph_reports_no_optimum) ... ok
test_exact_diagonal_and_turn_weighted_route_cost (tests.test_route_optimality.GraphOracleTests.test_exact_diagonal_and_turn_weighted_route_cost) ... ok
test_incoming_direction_state_is_required_for_optimal_bend_cost (tests.test_route_optimality.GraphOracleTests.test_incoming_direction_state_is_required_for_optimal_bend_cost) ... ok
test_all_costs_match_independent_exhaustive_simple_path_oracle (tests.test_route_optimality.OrderedSkeletonTests.test_all_costs_match_independent_exhaustive_simple_path_oracle) ... ok
test_budget_does_not_claim_search_exhausted_and_cancel_is_observed (tests.test_route_optimality.OrderedSkeletonTests.test_budget_does_not_claim_search_exhausted_and_cancel_is_observed) ... ok
test_budget_exhaustion_retains_safe_seed_without_false_optimality_claim (tests.test_route_optimality.OrderedSkeletonTests.test_budget_exhaustion_retains_safe_seed_without_false_optimality_claim) ... ok
test_cancel_interrupts_actual_optimizer_without_returning_incumbent (tests.test_route_optimality.OrderedSkeletonTests.test_cancel_interrupts_actual_optimizer_without_returning_incumbent) ... ok
test_controller_selection_beats_old_first_safe_and_compares_all_settings (tests.test_route_optimality.OrderedSkeletonTests.test_controller_selection_beats_old_first_safe_and_compares_all_settings) ... ok
test_core_time_limit_is_distinct_from_user_cancel (tests.test_route_optimality.OrderedSkeletonTests.test_core_time_limit_is_distinct_from_user_cancel) ... ok
test_deadline_retains_verified_incumbent_but_never_claims_optimum (tests.test_route_optimality.OrderedSkeletonTests.test_deadline_retains_verified_incumbent_but_never_claims_optimum) ... ok
test_deadline_without_incumbent_and_explicit_cancel_refuse_a_plan (tests.test_route_optimality.OrderedSkeletonTests.test_deadline_without_incumbent_and_explicit_cancel_refuse_a_plan) ... ok
test_missing_direct_edge_is_not_invented_by_collinear_compression (tests.test_route_optimality.OrderedSkeletonTests.test_missing_direct_edge_is_not_invented_by_collinear_compression) ... ok
test_replay_cache_respects_parameter_constraint_changes_and_cancellation (tests.test_route_optimality.OrderedSkeletonTests.test_replay_cache_respects_parameter_constraint_changes_and_cancellation) ... ok
test_turn_state_lower_bound_matches_independent_dijkstra (tests.test_route_optimality.OrderedSkeletonTests.test_turn_state_lower_bound_matches_independent_dijkstra) ... ok
test_upper_bound_prunes_only_provably_more_expensive_routes (tests.test_route_optimality.OrderedSkeletonTests.test_upper_bound_prunes_only_provably_more_expensive_routes) ... ok

======================================================================
FAIL: test_optimizer_retains_fixed_incumbent_when_seed_later_hits_deadline (tests.test_click_planning.ClickPlanningTests.test_optimizer_retains_fixed_incumbent_when_seed_later_hits_deadline)
----------------------------------------------------------------------
Traceback (most recent call last):
  File "E:\STM32\STM32F407VET6_ILHC\HostTools\ILHC_Debugger\ILHC_Qt_v2\tests\test_click_planning.py", line 63, in test_optimizer_retains_fixed_incumbent_when_seed_later_hits_deadline
    self.assertEqual(seed['planner'],'COORDINATE_FIXED')
    ~~~~~~~~~~~~~~~~^^^^^^^^^^^^^^^^^^^^^^^^^^^^^^^^^^^^
AssertionError: 'COORDINATE_MIN_TURN' != 'COORDINATE_FIXED'
- COORDINATE_MIN_TURN
+ COORDINATE_FIXED


----------------------------------------------------------------------
Ran 24 tests in 2.373s

FAILED (failures=1)
