test_add_defaults_without_replacing_map_or_modifying_input (tests.test_competition_profile.CompetitionProfileTests.test_add_defaults_without_replacing_map_or_modifying_input) ... ok
test_complete_user_profile_needs_no_default_file_and_is_idempotent (tests.test_competition_profile.CompetitionProfileTests.test_complete_user_profile_needs_no_default_file_and_is_idempotent) ... ok
test_invalid_explicit_coordinates_and_layout_are_not_overwritten (tests.test_competition_profile.CompetitionProfileTests.test_invalid_explicit_coordinates_and_layout_are_not_overwritten) ... ok
test_partial_config_preserves_existing_station_and_fills_missing_fields (tests.test_competition_profile.CompetitionProfileTests.test_partial_config_preserves_existing_station_and_fills_missing_fields) ... ok
test_disconnected_graph_reports_no_optimum (tests.test_route_optimality.GraphOracleTests.test_disconnected_graph_reports_no_optimum) ... ok
test_exact_diagonal_and_turn_weighted_route_cost (tests.test_route_optimality.GraphOracleTests.test_exact_diagonal_and_turn_weighted_route_cost) ... ok
test_incoming_direction_state_is_required_for_optimal_bend_cost (tests.test_route_optimality.GraphOracleTests.test_incoming_direction_state_is_required_for_optimal_bend_cost) ... ok
test_body_error_and_four_wheel_mixing_translate_and_turn_together (tests.test_coordinate_navigation.CoordinateTests.test_body_error_and_four_wheel_mixing_translate_and_turn_together) ... ok
test_both_start_zones_complete_without_arc_generator_or_dense_execution (tests.test_coordinate_navigation.CoordinateTests.test_both_start_zones_complete_without_arc_generator_or_dense_execution) ... ok
test_cancel_during_acceptance_cannot_restore_old_control (tests.test_coordinate_navigation.CoordinateTests.test_cancel_during_acceptance_cannot_restore_old_control) ... ok
test_changed_parameters_reject_stale_program_and_cancel_active (tests.test_coordinate_navigation.CoordinateTests.test_changed_parameters_reject_stale_program_and_cancel_active) ... ok
test_chassis_axis_gains_compensation_and_angular_units (tests.test_coordinate_navigation.CoordinateTests.test_chassis_axis_gains_compensation_and_angular_units) ... ok
test_coordinate_speed_uses_chassis_limit_without_old_250_cap (tests.test_coordinate_navigation.CoordinateTests.test_coordinate_speed_uses_chassis_limit_without_old_250_cap) ... ok
test_every_chassis_parameter_affects_coordinate_command (tests.test_coordinate_navigation.CoordinateTests.test_every_chassis_parameter_affects_coordinate_command) ... ok
test_final_stop_integrates_small_heading_residual_and_respects_zero_z_limit (tests.test_coordinate_navigation.CoordinateTests.test_final_stop_integrates_small_heading_residual_and_respects_zero_z_limit) ... ok
test_invalid_program_and_control_are_rejected (tests.test_coordinate_navigation.CoordinateTests.test_invalid_program_and_control_are_rejected) ... ok
test_lateral_limit_is_checked_during_replay (tests.test_coordinate_navigation.CoordinateTests.test_lateral_limit_is_checked_during_replay) ... ok
test_mid_path_obstacle_rejected_even_if_waypoints_safe (tests.test_coordinate_navigation.CoordinateTests.test_mid_path_obstacle_rejected_even_if_waypoints_safe) ... ok
test_nondefault_chassis_snapshot_is_shared_by_entire_match (tests.test_coordinate_navigation.CoordinateTests.test_nondefault_chassis_snapshot_is_shared_by_entire_match) ... ok
test_parameter_change_during_acceptance_cannot_install_stale_tracker (tests.test_coordinate_navigation.CoordinateTests.test_parameter_change_during_acceptance_cannot_install_stale_tracker) ... ok
test_pass_switches_while_moving_and_final_stop_settles (tests.test_coordinate_navigation.CoordinateTests.test_pass_switches_while_moving_and_final_stop_settles) ... ok
test_same_coordinate_hold_and_heading_alignment (tests.test_coordinate_navigation.CoordinateTests.test_same_coordinate_hold_and_heading_alignment) ... ok
test_shortest_angle_both_directions_across_180 (tests.test_coordinate_navigation.CoordinateTests.test_shortest_angle_both_directions_across_180) ... ok
test_stop_and_map_change_cancel_without_residual_motion (tests.test_coordinate_navigation.CoordinateTests.test_stop_and_map_change_cancel_without_residual_motion) ... ok
test_two_obstacle_zone2_return_uses_safe_mecanum_connector (tests.test_coordinate_navigation.CoordinateTests.test_two_obstacle_zone2_return_uses_safe_mecanum_connector) ... ok
test_zero_control_reports_no_progress_instead_of_hanging (tests.test_coordinate_navigation.CoordinateTests.test_zero_control_reports_no_progress_instead_of_hanging) ... ok
test_adaptive_parallel_lanes_work_when_every_original_lane_is_blocked (tests.test_competition_simulation.AvoidanceOptimizationTests.test_adaptive_parallel_lanes_work_when_every_original_lane_is_blocked) ... ok
test_completed_ninety_degree_maneuver_has_no_residual_yaw_before_translation (tests.test_competition_simulation.AvoidanceOptimizationTests.test_completed_ninety_degree_maneuver_has_no_residual_yaw_before_translation) ... ok
test_screenshot_two_cylinders_complete_both_zones_with_all_actual_sweeps_safe (tests.test_competition_simulation.AvoidanceOptimizationTests.test_screenshot_two_cylinders_complete_both_zones_with_all_actual_sweeps_safe) ... ok
test_small_screenshot_coordinate_error_also_finds_safe_full_round (tests.test_competition_simulation.AvoidanceOptimizationTests.test_small_screenshot_coordinate_error_also_finds_safe_full_round) ... ok
test_another_code_preserves_each_color_stack (tests.test_competition_simulation.CompetitionCodeTests.test_another_code_preserves_each_color_stack) ... ok
test_invalid_code_colors_slots_and_different_batches_rejected (tests.test_competition_simulation.CompetitionCodeTests.test_invalid_code_colors_slots_and_different_batches_rejected) ... ok
test_official_code_and_second_stack_by_color_not_second_rough_slot (tests.test_competition_simulation.CompetitionCodeTests.test_official_code_and_second_stack_by_color_not_second_rough_slot) ... ok
test_blocked_diagonal_docking_uses_safe_l_maneuvers (tests.test_competition_simulation.CompetitionFlowTests.test_blocked_diagonal_docking_uses_safe_l_maneuvers) ... ok
test_code_display_waits_for_qr_arrival_and_scan_action (tests.test_competition_simulation.CompetitionFlowTests.test_code_display_waits_for_qr_arrival_and_scan_action) ... ok
test_fake_completion_and_motion_during_action_are_rejected (tests.test_competition_simulation.CompetitionFlowTests.test_fake_completion_and_motion_during_action_are_rejected) ... ok
test_mecanum_round_compares_direction_cost_and_keeps_diagonal_docking (tests.test_competition_simulation.CompetitionFlowTests.test_mecanum_round_compares_direction_cost_and_keeps_diagonal_docking) ... ok
test_missing_cargo_fails_without_counting_a_placement (tests.test_competition_simulation.CompetitionFlowTests.test_missing_cargo_fails_without_counting_a_placement) ... ok
test_no_new_frame_cannot_advance_clock_actions_or_stages (tests.test_competition_simulation.CompetitionFlowTests.test_no_new_frame_cannot_advance_clock_actions_or_stages) ... ok
test_preflight_rejects_real_tracking_collision_even_if_geometry_is_safe (tests.test_competition_simulation.CompetitionFlowTests.test_preflight_rejects_real_tracking_collision_even_if_geometry_is_safe) ... ok
test_prepare_rejects_occupied_station_bad_margin_and_cancellation (tests.test_competition_simulation.CompetitionFlowTests.test_prepare_rejects_occupied_station_bad_margin_and_cancellation) ... ok
test_same_round_can_only_start_once (tests.test_competition_simulation.CompetitionFlowTests.test_same_round_can_only_start_once) ... ok
test_screenshot_one_obstacle_has_straight_lanes_and_no_raw_to_rough_strafe (tests.test_competition_simulation.CompetitionFlowTests.test_screenshot_one_obstacle_has_straight_lanes_and_no_raw_to_rough_strafe) ... ok
test_stop_and_version_changes_cancel_during_motion_and_work_without_restart (tests.test_competition_simulation.CompetitionFlowTests.test_stop_and_version_changes_cancel_during_motion_and_work_without_restart) ... ok
test_task_order_requires_all_rough_placements_before_retrieval_and_second_batch (tests.test_competition_simulation.CompetitionFlowTests.test_task_order_requires_all_rough_placements_before_retrieval_and_second_batch) ... ok
test_timeout_and_overlong_station_action_stop (tests.test_competition_simulation.CompetitionFlowTests.test_timeout_and_overlong_station_action_stop) ... ok
test_two_start_zones_complete_entire_round_with_actual_body_sweeps (tests.test_competition_simulation.CompetitionFlowTests.test_two_start_zones_complete_entire_round_with_actual_body_sweeps) ... ok
test_wrong_first_layer_cannot_count_a_stack (tests.test_competition_simulation.CompetitionFlowTests.test_wrong_first_layer_cannot_count_a_stack) ... ok
test_actual_pose_on_obstacle_stops_without_committing_more_motion (tests.test_competition_simulation.CompetitionObstacleTests.test_actual_pose_on_obstacle_stops_without_committing_more_motion) ... ok
test_central_blocker_forces_detour_instead_of_only_drawing_an_obstacle (tests.test_competition_simulation.CompetitionObstacleTests.test_central_blocker_forces_detour_instead_of_only_drawing_an_obstacle) ... ok
test_four_obstacles_both_zones_complete_with_every_actual_rectangle_sweep_safe (tests.test_competition_simulation.CompetitionObstacleTests.test_four_obstacles_both_zones_complete_with_every_actual_rectangle_sweep_safe) ... ok
test_invalid_obstacles_are_rejected_without_ignoring_them (tests.test_competition_simulation.CompetitionObstacleTests.test_invalid_obstacles_are_rejected_without_ignoring_them) ... ok
test_obstacle_snapshot_export_is_independent_and_map_has_no_duplicate_cylinders (tests.test_competition_simulation.CompetitionObstacleTests.test_obstacle_snapshot_export_is_independent_and_map_has_no_duplicate_cylinders) ... ok
test_occupied_start_or_station_and_disconnected_lanes_refuse_entire_round (tests.test_competition_simulation.CompetitionObstacleTests.test_occupied_start_or_station_and_disconnected_lanes_refuse_entire_round) ... ok
test_cancelling_home_cannot_leave_queued_goto (tests.test_hardware_trajectory_qt.HardwareQtTests.test_cancelling_home_cannot_leave_queued_goto) ... ok
test_click_disabled_wheels_cannot_upload_with_nominal_map (tests.test_hardware_trajectory_qt.HardwareQtTests.test_click_disabled_wheels_cannot_upload_with_nominal_map) ... ok
test_click_stale_ops_cannot_upload_with_nominal_map (tests.test_hardware_trajectory_qt.HardwareQtTests.test_click_stale_ops_cannot_upload_with_nominal_map) ... ok
test_disabling_map_collision_does_not_disable_wheel_or_link_gate (tests.test_hardware_trajectory_qt.HardwareQtTests.test_disabling_map_collision_does_not_disable_wheel_or_link_gate) ... ok
test_fault13_home_bypasses_planner_and_uses_selected_zone_mapping (tests.test_hardware_trajectory_qt.HardwareQtTests.test_fault13_home_bypasses_planner_and_uses_selected_zone_mapping) ... ok
test_home_cancels_for_map_wheels_stale_pose_timeout_or_session_change (tests.test_hardware_trajectory_qt.HardwareQtTests.test_home_cancels_for_map_wheels_stale_pose_timeout_or_session_change) ... ok
test_invalid_explicit_profile_is_rejected_without_upload (tests.test_hardware_trajectory_qt.HardwareQtTests.test_invalid_explicit_profile_is_rejected_without_upload) ... ok
test_manual_movement_cancels_direct_home_and_clears_stop_exception (tests.test_hardware_trajectory_qt.HardwareQtTests.test_manual_movement_cancels_direct_home_and_clears_stop_exception) ... ok
test_map_change_cancels_click_upload (tests.test_hardware_trajectory_qt.HardwareQtTests.test_map_change_cancels_click_upload) ... ok
test_map_change_during_preflight_cancels (tests.test_hardware_trajectory_qt.HardwareQtTests.test_map_change_during_preflight_cancels) ... ok
test_missing_competition_config_is_loaded_before_parameter_snapshot (tests.test_hardware_trajectory_qt.HardwareQtTests.test_missing_competition_config_is_loaded_before_parameter_snapshot) ... ok
test_missing_profile_at_zone_two_preserves_live_ops_and_obstacles (tests.test_hardware_trajectory_qt.HardwareQtTests.test_missing_profile_at_zone_two_preserves_live_ops_and_obstacles) ... ok
test_moving_after_stop_cannot_dispatch_home (tests.test_hardware_trajectory_qt.HardwareQtTests.test_moving_after_stop_cannot_dispatch_home) ... ok
test_new_serial_session_drops_sent_home_and_recovery_permission (tests.test_hardware_trajectory_qt.HardwareQtTests.test_new_serial_session_drops_sent_home_and_recovery_permission) ... ok
test_normal_cancel_and_completion_do_not_grant_direct_return (tests.test_hardware_trajectory_qt.HardwareQtTests.test_normal_cancel_and_completion_do_not_grant_direct_return) ... ok
test_normal_home_always_plans_even_with_click_planning_disabled (tests.test_hardware_trajectory_qt.HardwareQtTests.test_normal_home_always_plans_even_with_click_planning_disabled) ... ok
test_normal_home_with_negative_zero_heading_plans_and_uploads_to_zero (tests.test_hardware_trajectory_qt.HardwareQtTests.test_normal_home_with_negative_zero_heading_plans_and_uploads_to_zero) ... ok
test_parameter_readback_timeout_and_stop_cannot_start (tests.test_hardware_trajectory_qt.HardwareQtTests.test_parameter_readback_timeout_and_stop_cannot_start) ... ok
test_real_click_automatically_uploads_all_then_runs_without_goto (tests.test_hardware_trajectory_qt.HardwareQtTests.test_real_click_automatically_uploads_all_then_runs_without_goto) ... ok
test_real_click_supports_calibration_offsets_beyond_old_goto_range (tests.test_hardware_trajectory_qt.HardwareQtTests.test_real_click_supports_calibration_offsets_beyond_old_goto_range) ... ok
test_real_preflight_caps_and_stop_discard_pending_points (tests.test_hardware_trajectory_qt.HardwareQtTests.test_real_preflight_caps_and_stop_discard_pending_points) ... ok
test_runtime_collision_switch_only_controls_map_collision_check (tests.test_hardware_trajectory_qt.HardwareQtTests.test_runtime_collision_switch_only_controls_map_collision_check) ... ok
test_screenshot_current_pose_is_clear_and_sweep_reason_has_previous_pose (tests.test_hardware_trajectory_qt.HardwareQtTests.test_screenshot_current_pose_is_clear_and_sweep_reason_has_previous_pose) ... ok
test_stop_home_waits_for_written_stop_and_fresh_stationary_pose (tests.test_hardware_trajectory_qt.HardwareQtTests.test_stop_home_waits_for_written_stop_and_fresh_stationary_pose) ... ok
test_wrong_actual_start_refuses_without_zero (tests.test_hardware_trajectory_qt.HardwareQtTests.test_wrong_actual_start_refuses_without_zero) ... ok

----------------------------------------------------------------------
Ran 79 tests in 115.252s

OK
