test_actual_click_handler_starts_worker_and_displays_result (tests.test_map_click_regression.MapClickRegressionTests.test_actual_click_handler_starts_worker_and_displays_result) ... ok
test_cancel_clears_pending_request_and_event_reference (tests.test_map_click_regression.MapClickRegressionTests.test_cancel_clears_pending_request_and_event_reference) ... ok
test_event_creation_error_is_visible (tests.test_map_click_regression.MapClickRegressionTests.test_event_creation_error_is_visible) ... ok
test_invalid_goal_shows_rejection_instead_of_silent_click (tests.test_map_click_regression.MapClickRegressionTests.test_invalid_goal_shows_rejection_instead_of_silent_click) ... ok
test_latest_click_wins (tests.test_map_click_regression.MapClickRegressionTests.test_latest_click_wins) ... ERROR
test_log_io_error_does_not_hide_original_error (tests.test_map_click_regression.MapClickRegressionTests.test_log_io_error_does_not_hide_original_error) ... ok
test_missing_production_import_is_not_injected_by_test_helper (tests.test_map_click_regression.MapClickRegressionTests.test_missing_production_import_is_not_injected_by_test_helper) ... ok
test_nonfinite_goal_is_rejected_before_worker (tests.test_map_click_regression.MapClickRegressionTests.test_nonfinite_goal_is_rejected_before_worker) ... ok
test_offline_click_plans_without_simulator_or_serial (tests.test_map_click_regression.MapClickRegressionTests.test_offline_click_plans_without_simulator_or_serial) ... ok
test_offline_home_button_uses_async_planning_in_planning_mode (tests.test_map_click_regression.MapClickRegressionTests.test_offline_home_button_uses_async_planning_in_planning_mode) ... ok
test_result_presentation_error_clears_partial_plan (tests.test_map_click_regression.MapClickRegressionTests.test_result_presentation_error_clears_partial_plan) ... ok
test_stale_exception_cannot_clear_newer_plan (tests.test_map_click_regression.MapClickRegressionTests.test_stale_exception_cannot_clear_newer_plan) ... ok
test_submit_error_is_visible_and_next_click_can_recover (tests.test_map_click_regression.MapClickRegressionTests.test_submit_error_is_visible_and_next_click_can_recover) ... ok
test_threading_binding_comes_from_main_import (tests.test_map_click_regression.MapClickRegressionTests.test_threading_binding_comes_from_main_import) ... ok
test_unexpected_preparation_error_is_visible (tests.test_map_click_regression.MapClickRegressionTests.test_unexpected_preparation_error_is_visible) ... ok
test_worker_error_is_visible (tests.test_map_click_regression.MapClickRegressionTests.test_worker_error_is_visible) ... ok
test_body_error_and_four_wheel_mixing_translate_and_turn_together (tests.test_coordinate_navigation.CoordinateTests.test_body_error_and_four_wheel_mixing_translate_and_turn_together) ... ok
test_both_start_zones_complete_without_arc_generator_or_dense_execution (tests.test_coordinate_navigation.CoordinateTests.test_both_start_zones_complete_without_arc_generator_or_dense_execution) ... ok
test_cancel_during_acceptance_cannot_restore_old_control (tests.test_coordinate_navigation.CoordinateTests.test_cancel_during_acceptance_cannot_restore_old_control) ... ok
test_invalid_program_and_control_are_rejected (tests.test_coordinate_navigation.CoordinateTests.test_invalid_program_and_control_are_rejected) ... ok
test_mid_path_obstacle_rejected_even_if_waypoints_safe (tests.test_coordinate_navigation.CoordinateTests.test_mid_path_obstacle_rejected_even_if_waypoints_safe) ... ok
test_pass_switches_while_moving_and_final_stop_settles (tests.test_coordinate_navigation.CoordinateTests.test_pass_switches_while_moving_and_final_stop_settles) ... ok
test_shortest_angle_both_directions_across_180 (tests.test_coordinate_navigation.CoordinateTests.test_shortest_angle_both_directions_across_180) ... ok
test_stop_and_map_change_cancel_without_residual_motion (tests.test_coordinate_navigation.CoordinateTests.test_stop_and_map_change_cancel_without_residual_motion) ... ok

======================================================================
ERROR: test_latest_click_wins (tests.test_map_click_regression.MapClickRegressionTests.test_latest_click_wins)
----------------------------------------------------------------------
Traceback (most recent call last):
  File "E:\STM32\STM32F407VET6_ILHC\HostTools\ILHC_Debugger\ILHC_Qt_v2\tests\test_map_click_regression.py", line 178, in test_latest_click_wins
    self.assertTrue(self.w.planned_result['ok'])
                    ~~~~~~~~~~~~~~~~~~~~~^^^^^^
TypeError: 'NoneType' object is not subscriptable

----------------------------------------------------------------------
Ran 24 tests in 9.564s

FAILED (errors=1)
