test_body_error_and_four_wheel_mixing_translate_and_turn_together (tests.test_coordinate_navigation.CoordinateTests.test_body_error_and_four_wheel_mixing_translate_and_turn_together) ... ok
test_both_start_zones_complete_without_arc_generator_or_dense_execution (tests.test_coordinate_navigation.CoordinateTests.test_both_start_zones_complete_without_arc_generator_or_dense_execution) ... ok
test_cancel_during_acceptance_cannot_restore_old_control (tests.test_coordinate_navigation.CoordinateTests.test_cancel_during_acceptance_cannot_restore_old_control) ... ok
test_changed_parameters_reject_stale_program_and_cancel_active (tests.test_coordinate_navigation.CoordinateTests.test_changed_parameters_reject_stale_program_and_cancel_active) ... ok
test_chassis_axis_gains_compensation_and_angular_units (tests.test_coordinate_navigation.CoordinateTests.test_chassis_axis_gains_compensation_and_angular_units) ... ok
test_coordinate_speed_uses_chassis_limit_without_old_250_cap (tests.test_coordinate_navigation.CoordinateTests.test_coordinate_speed_uses_chassis_limit_without_old_250_cap) ... ok
test_every_chassis_parameter_affects_coordinate_command (tests.test_coordinate_navigation.CoordinateTests.test_every_chassis_parameter_affects_coordinate_command) ... ok
test_final_stop_integrates_small_heading_residual_and_respects_zero_z_limit (tests.test_coordinate_navigation.CoordinateTests.test_final_stop_integrates_small_heading_residual_and_respects_zero_z_limit) ... ok
test_invalid_program_and_control_are_rejected (tests.test_coordinate_navigation.CoordinateTests.test_invalid_program_and_control_are_rejected) ... ok
test_lateral_limit_is_checked_during_replay (tests.test_coordinate_navigation.CoordinateTests.test_lateral_limit_is_checked_during_replay) ... ok
test_mid_path_obstacle_rejected_even_if_waypoints_safe (tests.test_coordinate_navigation.CoordinateTests.test_mid_path_obstacle_rejected_even_if_waypoints_safe) ... ok
test_nondefault_chassis_snapshot_is_shared_by_entire_match (tests.test_coordinate_navigation.CoordinateTests.test_nondefault_chassis_snapshot_is_shared_by_entire_match) ... ok
test_parameter_change_during_acceptance_cannot_install_stale_tracker (tests.test_coordinate_navigation.CoordinateTests.test_parameter_change_during_acceptance_cannot_install_stale_tracker) ... ok
test_pass_switches_while_moving_and_final_stop_settles (tests.test_coordinate_navigation.CoordinateTests.test_pass_switches_while_moving_and_final_stop_settles) ... ok
test_same_coordinate_hold_and_heading_alignment (tests.test_coordinate_navigation.CoordinateTests.test_same_coordinate_hold_and_heading_alignment) ... ok
test_shortest_angle_both_directions_across_180 (tests.test_coordinate_navigation.CoordinateTests.test_shortest_angle_both_directions_across_180) ... ok
test_stop_and_map_change_cancel_without_residual_motion (tests.test_coordinate_navigation.CoordinateTests.test_stop_and_map_change_cancel_without_residual_motion) ... ok
test_two_obstacle_zone2_return_uses_safe_mecanum_connector (tests.test_coordinate_navigation.CoordinateTests.test_two_obstacle_zone2_return_uses_safe_mecanum_connector) ... ok
test_zero_control_reports_no_progress_instead_of_hanging (tests.test_coordinate_navigation.CoordinateTests.test_zero_control_reports_no_progress_instead_of_hanging) ... ok
test_actual_click_handler_starts_worker_and_displays_result (tests.test_map_click_regression.MapClickRegressionTests.test_actual_click_handler_starts_worker_and_displays_result) ... ok
test_cancel_clears_pending_request_and_event_reference (tests.test_map_click_regression.MapClickRegressionTests.test_cancel_clears_pending_request_and_event_reference) ... ok
test_event_creation_error_is_visible (tests.test_map_click_regression.MapClickRegressionTests.test_event_creation_error_is_visible) ... ok
test_invalid_goal_shows_rejection_instead_of_silent_click (tests.test_map_click_regression.MapClickRegressionTests.test_invalid_goal_shows_rejection_instead_of_silent_click) ... ok
test_latest_click_wins (tests.test_map_click_regression.MapClickRegressionTests.test_latest_click_wins) ... ok
test_log_io_error_does_not_hide_original_error (tests.test_map_click_regression.MapClickRegressionTests.test_log_io_error_does_not_hide_original_error) ... ok
test_missing_production_import_is_not_injected_by_test_helper (tests.test_map_click_regression.MapClickRegressionTests.test_missing_production_import_is_not_injected_by_test_helper) ... ok
test_nonfinite_goal_is_rejected_before_worker (tests.test_map_click_regression.MapClickRegressionTests.test_nonfinite_goal_is_rejected_before_worker) ... ok
test_offline_click_plans_without_simulator_or_serial (tests.test_map_click_regression.MapClickRegressionTests.test_offline_click_plans_without_simulator_or_serial) ... ok
test_offline_home_button_uses_async_planning_in_planning_mode (tests.test_map_click_regression.MapClickRegressionTests.test_offline_home_button_uses_async_planning_in_planning_mode) ... ok
test_result_presentation_error_clears_partial_plan (tests.test_map_click_regression.MapClickRegressionTests.test_result_presentation_error_clears_partial_plan) ... ok
test_stale_exception_cannot_clear_newer_plan (tests.test_map_click_regression.MapClickRegressionTests.test_stale_exception_cannot_clear_newer_plan) ... ok
test_submit_error_is_visible_and_next_click_can_recover (tests.test_map_click_regression.MapClickRegressionTests.test_submit_error_is_visible_and_next_click_can_recover) ... ok
test_threading_binding_comes_from_main_import (tests.test_map_click_regression.MapClickRegressionTests.test_threading_binding_comes_from_main_import) ... ok
test_unexpected_preparation_error_is_visible (tests.test_map_click_regression.MapClickRegressionTests.test_unexpected_preparation_error_is_visible) ... ok
test_worker_error_is_visible (tests.test_map_click_regression.MapClickRegressionTests.test_worker_error_is_visible) ... ok

----------------------------------------------------------------------
Ran 35 tests in 15.041s

OK
