test_repeated_timeouts_or_device_loss_close_connection (test_serial_lifecycle.SerialLifecycleTests.test_repeated_timeouts_or_device_loss_close_connection) ... ok
test_stop_during_read_keeps_all_io_in_worker (test_serial_lifecycle.SerialLifecycleTests.test_stop_during_read_keeps_all_io_in_worker) ... ok
test_stop_timestamp_requires_a_complete_successful_write (test_serial_lifecycle.SerialLifecycleTests.test_stop_timestamp_requires_a_complete_successful_write) ... ok
test_stop_while_port_is_opening (test_serial_lifecycle.SerialLifecycleTests.test_stop_while_port_is_opening) ... ok
test_write_timeout_preserves_rx_and_does_not_replay_command (test_serial_lifecycle.SerialLifecycleTests.test_write_timeout_preserves_rx_and_does_not_replay_command) ... ok
test_close_waits_for_worker_before_destroying_window (test_serial_lifecycle.WindowLifecycleTests.test_close_waits_for_worker_before_destroying_window) ... ok
test_nonfinite_telemetry_renders (test_serial_lifecycle.WindowLifecycleTests.test_nonfinite_telemetry_renders) ... ok
test_old_error_does_not_stop_new_session (test_serial_lifecycle.WindowLifecycleTests.test_old_error_does_not_stop_new_session) ... ok
test_reconnect_and_sim_wait_for_previous_worker (test_serial_lifecycle.WindowLifecycleTests.test_reconnect_and_sim_wait_for_previous_worker) ... ok
test_arrival_requires_new_continuous_samples (tests.test_dm_position.MotionTests.test_arrival_requires_new_continuous_samples) ... ok
test_latest_reference_preserves_other_commands (tests.test_dm_position.MotionTests.test_latest_reference_preserves_other_commands) ... ok
test_reference_bounds_speed_acceleration_and_reverse (tests.test_dm_position.MotionTests.test_reference_bounds_speed_acceleration_and_reverse) ... ok
test_simulator_posvel_zero_speed_and_no_mit_gain_dependency (tests.test_dm_position.MotionTests.test_simulator_posvel_zero_speed_and_no_mit_gain_dependency) ... ok
test_unit_ratio_and_limits (tests.test_dm_position.MotionTests.test_unit_ratio_and_limits) ... ok
test_apply_mode_and_enable_keep_current_position (tests.test_dm_position.PositionQtTests.test_apply_mode_and_enable_keep_current_position) ... ok
test_corrupt_profile_does_not_replace_positions (tests.test_dm_position.PositionQtTests.test_corrupt_profile_does_not_replace_positions) ... ok
test_drive_parser_handles_split_repeated_mixed_telemetry (tests.test_dm_position.PositionQtTests.test_drive_parser_handles_split_repeated_mixed_telemetry) ... ok
test_drive_register_write_and_simulated_readback (tests.test_dm_position.PositionQtTests.test_drive_register_write_and_simulated_readback) ... ok
test_drive_requires_disabled_and_stop_cancels_deferred_send (tests.test_dm_position.PositionQtTests.test_drive_requires_disabled_and_stop_cancels_deferred_send) ... ok
test_drive_session_reset_rejects_late_response (tests.test_dm_position.PositionQtTests.test_drive_session_reset_rejects_late_response) ... ok
test_drive_stale_response_mismatch_and_timeout (tests.test_dm_position.PositionQtTests.test_drive_stale_response_mismatch_and_timeout) ... ok
test_external_target_stops_flow_without_restarting (tests.test_dm_position.PositionQtTests.test_external_target_stops_flow_without_restarting) ... ok
test_flow_requires_arrival_then_manual_release_and_return (tests.test_dm_position.PositionQtTests.test_flow_requires_arrival_then_manual_release_and_return) ... ok
test_internal_trapezoid_preset_flow (tests.test_dm_position.PositionQtTests.test_internal_trapezoid_preset_flow) ... ok
test_internal_trapezoid_requires_readback_and_sends_final_target_once (tests.test_dm_position.PositionQtTests.test_internal_trapezoid_requires_readback_and_sends_final_target_once) ... ok
test_mode_selection_only_switches_interface (tests.test_dm_position.PositionQtTests.test_mode_selection_only_switches_interface) ... ok
test_no_move_until_mode_enabled_and_limits_valid (tests.test_dm_position.PositionQtTests.test_no_move_until_mode_enabled_and_limits_valid) ... ok
test_persistence_and_zero_invalidation (tests.test_dm_position.PositionQtTests.test_persistence_and_zero_invalidation) ... ok
test_stale_telemetry_aborts_and_clears_reference (tests.test_dm_position.PositionQtTests.test_stale_telemetry_aborts_and_clears_reference) ... ok
test_switch_to_mit_requires_explicit_apply_before_enable (tests.test_dm_position.PositionQtTests.test_switch_to_mit_requires_explicit_apply_before_enable) ... ok
test_switching_mode_stops_running_goal (tests.test_dm_position.PositionQtTests.test_switching_mode_stops_running_goal) ... ok
test_cancelling_home_cannot_leave_queued_goto (tests.test_hardware_trajectory_qt.HardwareQtTests.test_cancelling_home_cannot_leave_queued_goto) ... ok
test_click_disabled_wheels_cannot_upload_with_nominal_map (tests.test_hardware_trajectory_qt.HardwareQtTests.test_click_disabled_wheels_cannot_upload_with_nominal_map) ... ok
test_click_stale_ops_cannot_upload_with_nominal_map (tests.test_hardware_trajectory_qt.HardwareQtTests.test_click_stale_ops_cannot_upload_with_nominal_map) ... ok
test_coordinate_parameter_loss_retries_only_missing_without_starting_motion (tests.test_hardware_trajectory_qt.HardwareQtTests.test_coordinate_parameter_loss_retries_only_missing_without_starting_motion) ... ok
test_coordinate_parameter_timeout_names_missing_and_session_change_is_distinct (tests.test_hardware_trajectory_qt.HardwareQtTests.test_coordinate_parameter_timeout_names_missing_and_session_change_is_distinct) ... ok
test_disabling_map_collision_does_not_disable_wheel_or_link_gate (tests.test_hardware_trajectory_qt.HardwareQtTests.test_disabling_map_collision_does_not_disable_wheel_or_link_gate) ... ok
test_fault13_home_bypasses_planner_and_uses_selected_zone_mapping (tests.test_hardware_trajectory_qt.HardwareQtTests.test_fault13_home_bypasses_planner_and_uses_selected_zone_mapping) ... ok
test_home_cancels_for_map_wheels_stale_pose_timeout_or_session_change (tests.test_hardware_trajectory_qt.HardwareQtTests.test_home_cancels_for_map_wheels_stale_pose_timeout_or_session_change) ... ok
test_invalid_explicit_profile_is_rejected_without_upload (tests.test_hardware_trajectory_qt.HardwareQtTests.test_invalid_explicit_profile_is_rejected_without_upload) ... ok
test_manual_movement_cancels_direct_home_and_clears_stop_exception (tests.test_hardware_trajectory_qt.HardwareQtTests.test_manual_movement_cancels_direct_home_and_clears_stop_exception) ... ok
test_map_change_cancels_click_upload (tests.test_hardware_trajectory_qt.HardwareQtTests.test_map_change_cancels_click_upload) ... ok
test_map_change_during_preflight_cancels (tests.test_hardware_trajectory_qt.HardwareQtTests.test_map_change_during_preflight_cancels) ... ok
test_missing_competition_config_is_loaded_before_parameter_snapshot (tests.test_hardware_trajectory_qt.HardwareQtTests.test_missing_competition_config_is_loaded_before_parameter_snapshot) ... ok
test_missing_profile_at_zone_two_preserves_live_ops_and_obstacles (tests.test_hardware_trajectory_qt.HardwareQtTests.test_missing_profile_at_zone_two_preserves_live_ops_and_obstacles) ... ok
test_moving_after_stop_cannot_dispatch_home (tests.test_hardware_trajectory_qt.HardwareQtTests.test_moving_after_stop_cannot_dispatch_home) ... ok
test_new_serial_session_drops_sent_home_and_recovery_permission (tests.test_hardware_trajectory_qt.HardwareQtTests.test_new_serial_session_drops_sent_home_and_recovery_permission) ... ok
test_normal_cancel_and_completion_do_not_grant_direct_return (tests.test_hardware_trajectory_qt.HardwareQtTests.test_normal_cancel_and_completion_do_not_grant_direct_return) ... ok
test_normal_home_always_plans_even_with_click_planning_disabled (tests.test_hardware_trajectory_qt.HardwareQtTests.test_normal_home_always_plans_even_with_click_planning_disabled) ... ok
test_normal_home_with_negative_zero_heading_plans_and_uploads_to_zero (tests.test_hardware_trajectory_qt.HardwareQtTests.test_normal_home_with_negative_zero_heading_plans_and_uploads_to_zero) ... ok
test_parameter_readback_timeout_and_stop_cannot_start (tests.test_hardware_trajectory_qt.HardwareQtTests.test_parameter_readback_timeout_and_stop_cannot_start) ... ok
test_real_click_automatically_uploads_all_then_runs_without_goto (tests.test_hardware_trajectory_qt.HardwareQtTests.test_real_click_automatically_uploads_all_then_runs_without_goto) ... ok
test_real_click_supports_calibration_offsets_beyond_old_goto_range (tests.test_hardware_trajectory_qt.HardwareQtTests.test_real_click_supports_calibration_offsets_beyond_old_goto_range) ... ok
test_real_preflight_caps_and_stop_discard_pending_points (tests.test_hardware_trajectory_qt.HardwareQtTests.test_real_preflight_caps_and_stop_discard_pending_points) ... ok
test_runtime_collision_switch_only_controls_map_collision_check (tests.test_hardware_trajectory_qt.HardwareQtTests.test_runtime_collision_switch_only_controls_map_collision_check) ... ok
test_screenshot_current_pose_is_clear_and_sweep_reason_has_previous_pose (tests.test_hardware_trajectory_qt.HardwareQtTests.test_screenshot_current_pose_is_clear_and_sweep_reason_has_previous_pose) ... ok
test_silent_calibration_change_reports_changed_field_and_snapshot (tests.test_hardware_trajectory_qt.HardwareQtTests.test_silent_calibration_change_reports_changed_field_and_snapshot) ... ok
test_stale_telemetry_cancels_with_specific_reason_even_collision_off (tests.test_hardware_trajectory_qt.HardwareQtTests.test_stale_telemetry_cancels_with_specific_reason_even_collision_off) ... ok
test_stop_home_waits_for_written_stop_and_fresh_stationary_pose (tests.test_hardware_trajectory_qt.HardwareQtTests.test_stop_home_waits_for_written_stop_and_fresh_stationary_pose) ... ok
test_wrong_actual_start_refuses_without_zero (tests.test_hardware_trajectory_qt.HardwareQtTests.test_wrong_actual_start_refuses_without_zero) ... ok

----------------------------------------------------------------------
Ran 60 tests in 46.970s

OK
