test_screenshot_two_cylinders_complete_both_zones_with_all_actual_sweeps_safe (tests.test_competition_simulation.AvoidanceOptimizationTests.test_screenshot_two_cylinders_complete_both_zones_with_all_actual_sweeps_safe) ... ok
test_small_screenshot_coordinate_error_also_finds_safe_full_round (tests.test_competition_simulation.AvoidanceOptimizationTests.test_small_screenshot_coordinate_error_also_finds_safe_full_round) ... ok
test_blocked_diagonal_docking_uses_safe_l_maneuvers (tests.test_competition_simulation.CompetitionFlowTests.test_blocked_diagonal_docking_uses_safe_l_maneuvers) ... ok
test_code_display_waits_for_qr_arrival_and_scan_action (tests.test_competition_simulation.CompetitionFlowTests.test_code_display_waits_for_qr_arrival_and_scan_action) ... ok
test_fake_completion_and_motion_during_action_are_rejected (tests.test_competition_simulation.CompetitionFlowTests.test_fake_completion_and_motion_during_action_are_rejected) ... ok
test_missing_cargo_fails_without_counting_a_placement (tests.test_competition_simulation.CompetitionFlowTests.test_missing_cargo_fails_without_counting_a_placement) ... ok
test_no_new_frame_cannot_advance_clock_actions_or_stages (tests.test_competition_simulation.CompetitionFlowTests.test_no_new_frame_cannot_advance_clock_actions_or_stages) ... ok
test_same_round_can_only_start_once (tests.test_competition_simulation.CompetitionFlowTests.test_same_round_can_only_start_once) ... ok
test_screenshot_one_obstacle_has_straight_lanes_and_no_raw_to_rough_strafe (tests.test_competition_simulation.CompetitionFlowTests.test_screenshot_one_obstacle_has_straight_lanes_and_no_raw_to_rough_strafe) ... ok
test_stop_and_version_changes_cancel_during_motion_and_work_without_restart (tests.test_competition_simulation.CompetitionFlowTests.test_stop_and_version_changes_cancel_during_motion_and_work_without_restart) ... ok
test_timeout_and_overlong_station_action_stop (tests.test_competition_simulation.CompetitionFlowTests.test_timeout_and_overlong_station_action_stop) ... ok
test_two_start_zones_complete_entire_round_with_actual_body_sweeps (tests.test_competition_simulation.CompetitionFlowTests.test_two_start_zones_complete_entire_round_with_actual_body_sweeps) ... ok
test_wrong_first_layer_cannot_count_a_stack (tests.test_competition_simulation.CompetitionFlowTests.test_wrong_first_layer_cannot_count_a_stack) ... ok
test_actual_pose_on_obstacle_stops_without_committing_more_motion (tests.test_competition_simulation.CompetitionObstacleTests.test_actual_pose_on_obstacle_stops_without_committing_more_motion) ... ok
test_four_obstacles_both_zones_complete_with_every_actual_rectangle_sweep_safe (tests.test_competition_simulation.CompetitionObstacleTests.test_four_obstacles_both_zones_complete_with_every_actual_rectangle_sweep_safe) ... ok
test_obstacle_snapshot_export_is_independent_and_map_has_no_duplicate_cylinders (tests.test_competition_simulation.CompetitionObstacleTests.test_obstacle_snapshot_export_is_independent_and_map_has_no_duplicate_cylinders) ... ok
test_entire_match_executes_after_removing_all_dense_route_points (tests.test_segment_route.SegmentCompetitionTests.test_entire_match_executes_after_removing_all_dense_route_points) ... ok

----------------------------------------------------------------------
Ran 17 tests in 95.932s

OK
