test_map_click_qt (unittest.loader._FailedTest.test_map_click_qt) ... ERROR
test_cancelling_home_cannot_leave_queued_goto (tests.test_hardware_trajectory_qt.HardwareQtTests.test_cancelling_home_cannot_leave_queued_goto) ... ok
test_click_disabled_wheels_cannot_upload_with_nominal_map (tests.test_hardware_trajectory_qt.HardwareQtTests.test_click_disabled_wheels_cannot_upload_with_nominal_map) ... ok
test_click_stale_ops_cannot_upload_with_nominal_map (tests.test_hardware_trajectory_qt.HardwareQtTests.test_click_stale_ops_cannot_upload_with_nominal_map) ... ok
test_disabling_map_collision_does_not_disable_wheel_or_link_gate (tests.test_hardware_trajectory_qt.HardwareQtTests.test_disabling_map_collision_does_not_disable_wheel_or_link_gate) ... ok
test_fault13_home_bypasses_planner_and_uses_selected_zone_mapping (tests.test_hardware_trajectory_qt.HardwareQtTests.test_fault13_home_bypasses_planner_and_uses_selected_zone_mapping) ... ok
test_home_cancels_for_map_wheels_stale_pose_timeout_or_session_change (tests.test_hardware_trajectory_qt.HardwareQtTests.test_home_cancels_for_map_wheels_stale_pose_timeout_or_session_change) ... ok
test_invalid_explicit_profile_is_rejected_without_upload (tests.test_hardware_trajectory_qt.HardwareQtTests.test_invalid_explicit_profile_is_rejected_without_upload) ... ok
test_manual_movement_cancels_direct_home_and_clears_stop_exception (tests.test_hardware_trajectory_qt.HardwareQtTests.test_manual_movement_cancels_direct_home_and_clears_stop_exception) ... ok
test_map_change_cancels_click_upload (tests.test_hardware_trajectory_qt.HardwareQtTests.test_map_change_cancels_click_upload) ... ok
test_map_change_during_preflight_cancels (tests.test_hardware_trajectory_qt.HardwareQtTests.test_map_change_during_preflight_cancels) ... ok
test_missing_competition_config_is_loaded_before_parameter_snapshot (tests.test_hardware_trajectory_qt.HardwareQtTests.test_missing_competition_config_is_loaded_before_parameter_snapshot) ... ok
test_missing_profile_at_zone_two_preserves_live_ops_and_obstacles (tests.test_hardware_trajectory_qt.HardwareQtTests.test_missing_profile_at_zone_two_preserves_live_ops_and_obstacles) ... ok
test_moving_after_stop_cannot_dispatch_home (tests.test_hardware_trajectory_qt.HardwareQtTests.test_moving_after_stop_cannot_dispatch_home) ... ok
test_new_serial_session_drops_sent_home_and_recovery_permission (tests.test_hardware_trajectory_qt.HardwareQtTests.test_new_serial_session_drops_sent_home_and_recovery_permission) ... ok
test_normal_cancel_and_completion_do_not_grant_direct_return (tests.test_hardware_trajectory_qt.HardwareQtTests.test_normal_cancel_and_completion_do_not_grant_direct_return) ... ok
test_normal_home_always_plans_even_with_click_planning_disabled (tests.test_hardware_trajectory_qt.HardwareQtTests.test_normal_home_always_plans_even_with_click_planning_disabled) ... ok
test_normal_home_with_negative_zero_heading_plans_and_uploads_to_zero (tests.test_hardware_trajectory_qt.HardwareQtTests.test_normal_home_with_negative_zero_heading_plans_and_uploads_to_zero) ... ok
test_parameter_readback_timeout_and_stop_cannot_start (tests.test_hardware_trajectory_qt.HardwareQtTests.test_parameter_readback_timeout_and_stop_cannot_start) ... ok
test_real_click_automatically_uploads_all_then_runs_without_goto (tests.test_hardware_trajectory_qt.HardwareQtTests.test_real_click_automatically_uploads_all_then_runs_without_goto) ... ok
test_real_click_supports_calibration_offsets_beyond_old_goto_range (tests.test_hardware_trajectory_qt.HardwareQtTests.test_real_click_supports_calibration_offsets_beyond_old_goto_range) ... ok
test_real_preflight_caps_and_stop_discard_pending_points (tests.test_hardware_trajectory_qt.HardwareQtTests.test_real_preflight_caps_and_stop_discard_pending_points) ... ok
test_runtime_collision_switch_only_controls_map_collision_check (tests.test_hardware_trajectory_qt.HardwareQtTests.test_runtime_collision_switch_only_controls_map_collision_check) ... ok
test_screenshot_current_pose_is_clear_and_sweep_reason_has_previous_pose (tests.test_hardware_trajectory_qt.HardwareQtTests.test_screenshot_current_pose_is_clear_and_sweep_reason_has_previous_pose) ... ok
test_stop_home_waits_for_written_stop_and_fresh_stationary_pose (tests.test_hardware_trajectory_qt.HardwareQtTests.test_stop_home_waits_for_written_stop_and_fresh_stationary_pose) ... ok
test_wrong_actual_start_refuses_without_zero (tests.test_hardware_trajectory_qt.HardwareQtTests.test_wrong_actual_start_refuses_without_zero) ... ok

======================================================================
ERROR: test_map_click_qt (unittest.loader._FailedTest.test_map_click_qt)
----------------------------------------------------------------------
ImportError: Failed to import test module: test_map_click_qt
Traceback (most recent call last):
  File "C:\Users\Yuzi\AppData\Local\Programs\Python\Python313\Lib\unittest\loader.py", line 137, in loadTestsFromName
    module = __import__(module_name)
ModuleNotFoundError: No module named 'tests.test_map_click_qt'


----------------------------------------------------------------------
Ran 26 tests in 17.981s

FAILED (errors=1)
