test_duplicate_conflict_and_legacy_capability_do_not_run (test_coordinate_batch.CoordinateFirmwareTests.test_duplicate_conflict_and_legacy_capability_do_not_run) ... ok
test_eight_matches_c_execute_all_coordinates_with_swept_body (test_coordinate_batch.CoordinateFirmwareTests.test_eight_matches_c_execute_all_coordinates_with_swept_body) ... C关键坐标全场回放: [(0, 1, 26, 57.86), (0, 2, 26, 58.42), (1, 1, 26, 57.86), (1, 2, 26, 58.42), (4, 1, 29, 70.28), (4, 2, 29, 70.12), (2, 1, 40, 89.92), (2, 2, 41, 93.64)]
ok
test_exit_staging_and_next_stop_complete_through_integer_motors (test_coordinate_batch.CoordinateFirmwareTests.test_exit_staging_and_next_stop_complete_through_integer_motors) ... ok
test_fault_text_matches_coordinate_three_second_gate (test_coordinate_batch.CoordinateFirmwareTests.test_fault_text_matches_coordinate_three_second_gate) ... ok
test_four_outer_corners_both_directions_use_real_c_pivot_controller (test_coordinate_batch.CoordinateFirmwareTests.test_four_outer_corners_both_directions_use_real_c_pivot_controller) ... 真实C四角指定圆心: [((2100, 2100), False, 8.14, 1.475, 71.37), ((2100, 2100), True, 8.14, 1.475, 71.37), ((300, 2100), False, 8.16, 1.464, 71.37), ((300, 2100), True, 8.14, 1.475, 71.37), ((300, 300), False, 8.18, 1.464, 71.37), ((300, 300), True, 8.18, 1.464, 71.37), ((2100, 300), False, 8.14, 1.475, 71.37), ((2100, 300), True, 8.16, 1.464, 71.37)]
ok
test_fractional_rpm_mean_direction_limits_and_reset (test_coordinate_batch.CoordinateFirmwareTests.test_fractional_rpm_mean_direction_limits_and_reset) ... ok
test_new_pivot_batch_refuses_old_firmware_before_begin_or_points (test_coordinate_batch.CoordinateFirmwareTests.test_new_pivot_batch_refuses_old_firmware_before_begin_or_points) ... ok
test_pivot_center_is_covered_by_crc_and_geometry_verification (test_coordinate_batch.CoordinateFirmwareTests.test_pivot_center_is_covered_by_crc_and_geometry_verification) ... ok
test_pivot_center_mapping_and_final_arc_stop_use_real_motor_output (test_coordinate_batch.CoordinateFirmwareTests.test_pivot_center_mapping_and_final_arc_stop_use_real_motor_output) ... ok
test_plain_coordinate_batch_also_requires_calibrated_geometry_firmware (test_coordinate_batch.CoordinateFirmwareTests.test_plain_coordinate_batch_also_requires_calibrated_geometry_firmware) ... ok
test_protocol_crc_and_parameters (test_coordinate_batch.CoordinateFirmwareTests.test_protocol_crc_and_parameters) ... ok
test_real_c_wheel_lag_and_delayed_ops_finish_with_strict_gates (test_coordinate_batch.CoordinateFirmwareTests.test_real_c_wheel_lag_and_delayed_ops_finish_with_strict_gates) ... 
  test_real_c_wheel_lag_and_delayed_ops_finish_with_strict_gates (test_coordinate_batch.CoordinateFirmwareTests.test_real_c_wheel_lag_and_delayed_ops_finish_with_strict_gates) (tau=0.08, delay=0.04) ... FAIL
test_real_drift_cannot_finish_initial_stop (test_coordinate_batch.CoordinateFirmwareTests.test_real_drift_cannot_finish_initial_stop) ... ok
test_rotated_mapping_and_nondefault_body_parameters (test_coordinate_batch.CoordinateFirmwareTests.test_rotated_mapping_and_nondefault_body_parameters) ... ok
test_stall_diagnostic_retry_and_old_send_ack_keep_new_generation (test_coordinate_batch.CoordinateFirmwareTests.test_stall_diagnostic_retry_and_old_send_ack_keep_new_generation) ... ok
test_stall_does_not_disable_stop_and_total_timeout (test_coordinate_batch.CoordinateFirmwareTests.test_stall_does_not_disable_stop_and_total_timeout) ... ok
test_stationary_ops_noise_can_finish_initial_stop (test_coordinate_batch.CoordinateFirmwareTests.test_stationary_ops_noise_can_finish_initial_stop) ... ok
test_stop_parameter_change_pose_loss_and_deviation (test_coordinate_batch.CoordinateFirmwareTests.test_stop_parameter_change_pose_loss_and_deviation) ... ok
test_three_second_stall_warns_then_recovers_without_abort_or_skip (test_coordinate_batch.CoordinateFirmwareTests.test_three_second_stall_warns_then_recovers_without_abort_or_skip) ... ok

======================================================================
FAIL: test_real_c_wheel_lag_and_delayed_ops_finish_with_strict_gates (test_coordinate_batch.CoordinateFirmwareTests.test_real_c_wheel_lag_and_delayed_ops_finish_with_strict_gates) (tau=0.08, delay=0.04)
----------------------------------------------------------------------
Traceback (most recent call last):
  File "E:\STM32\STM32F407VET6_ILHC\Tests\hardware\test_coordinate_batch.py", line 130, in test_real_c_wheel_lag_and_delayed_ops_finish_with_strict_gates
    if tau>=.08:self.assertGreater(recoveries,0,'错过绕轮出口必须报告恢复阶段')
                ~~~~~~~~~~~~~~~~~~^^^^^^^^^^^^^^^^^^^^^^^^^^^^^^^^^^^^^^^^^^^^^
AssertionError: 0 not greater than 0 : 错过绕轮出口必须报告恢复阶段

----------------------------------------------------------------------
Ran 19 tests in 33.497s

FAILED (failures=1)
