test_incomplete_ready_and_old_firmware_capacity_fail_closed (tests.test_hardware_trajectory.UploaderTests.test_incomplete_ready_and_old_firmware_capacity_fail_closed) ... ok
test_invalid_context_preserves_specific_reason_and_stop_before_run (tests.test_hardware_trajectory.UploaderTests.test_invalid_context_preserves_specific_reason_and_stop_before_run) ... ok
test_invalid_session_and_timeout_cancel (tests.test_hardware_trajectory.UploaderTests.test_invalid_session_and_timeout_cancel) ... ok
test_old_batch_and_stale_upload_reply_cannot_rewind (tests.test_hardware_trajectory.UploaderTests.test_old_batch_and_stale_upload_reply_cannot_rewind) ... ok
test_rotation_center_fault_names_phase_and_keeps_stop (tests.test_hardware_trajectory.UploaderTests.test_rotation_center_fault_names_phase_and_keeps_stop) ... ok
test_status_parser_preserves_identical_progress_replies (tests.test_hardware_trajectory.UploaderTests.test_status_parser_preserves_identical_progress_replies) ... ok
test_upload_all_before_run_then_resume_does_not_resend (tests.test_hardware_trajectory.UploaderTests.test_upload_all_before_run_then_resume_does_not_resend) ... ok
test_cancelling_home_cannot_leave_queued_goto (tests.test_hardware_trajectory_qt.HardwareQtTests.test_cancelling_home_cannot_leave_queued_goto) ... ok
test_click_disabled_wheels_cannot_upload_with_nominal_map (tests.test_hardware_trajectory_qt.HardwareQtTests.test_click_disabled_wheels_cannot_upload_with_nominal_map) ... ok
test_click_stale_ops_cannot_upload_with_nominal_map (tests.test_hardware_trajectory_qt.HardwareQtTests.test_click_stale_ops_cannot_upload_with_nominal_map) ... ok
test_disabling_map_collision_does_not_disable_wheel_or_link_gate (tests.test_hardware_trajectory_qt.HardwareQtTests.test_disabling_map_collision_does_not_disable_wheel_or_link_gate) ... ok
test_fault13_home_bypasses_planner_and_uses_selected_zone_mapping (tests.test_hardware_trajectory_qt.HardwareQtTests.test_fault13_home_bypasses_planner_and_uses_selected_zone_mapping) ... ok
test_home_cancels_for_map_wheels_stale_pose_timeout_or_session_change (tests.test_hardware_trajectory_qt.HardwareQtTests.test_home_cancels_for_map_wheels_stale_pose_timeout_or_session_change) ... ok
test_invalid_explicit_profile_is_rejected_without_upload (tests.test_hardware_trajectory_qt.HardwareQtTests.test_invalid_explicit_profile_is_rejected_without_upload) ... ok
test_manual_movement_cancels_direct_home_and_clears_stop_exception (tests.test_hardware_trajectory_qt.HardwareQtTests.test_manual_movement_cancels_direct_home_and_clears_stop_exception) ... ok
test_map_change_cancels_click_upload (tests.test_hardware_trajectory_qt.HardwareQtTests.test_map_change_cancels_click_upload) ... ok
test_map_change_during_preflight_cancels (tests.test_hardware_trajectory_qt.HardwareQtTests.test_map_change_during_preflight_cancels) ... ok
test_missing_competition_config_is_loaded_before_parameter_snapshot (tests.test_hardware_trajectory_qt.HardwareQtTests.test_missing_competition_config_is_loaded_before_parameter_snapshot) ... ok
test_missing_profile_at_zone_two_preserves_live_ops_and_obstacles (tests.test_hardware_trajectory_qt.HardwareQtTests.test_missing_profile_at_zone_two_preserves_live_ops_and_obstacles) ... ok
test_moving_after_stop_cannot_dispatch_home (tests.test_hardware_trajectory_qt.HardwareQtTests.test_moving_after_stop_cannot_dispatch_home) ... ok
test_new_serial_session_drops_sent_home_and_recovery_permission (tests.test_hardware_trajectory_qt.HardwareQtTests.test_new_serial_session_drops_sent_home_and_recovery_permission) ... ok
test_normal_cancel_and_completion_do_not_grant_direct_return (tests.test_hardware_trajectory_qt.HardwareQtTests.test_normal_cancel_and_completion_do_not_grant_direct_return) ... ok
test_normal_home_always_plans_even_with_click_planning_disabled (tests.test_hardware_trajectory_qt.HardwareQtTests.test_normal_home_always_plans_even_with_click_planning_disabled) ... ok
test_normal_home_with_negative_zero_heading_plans_and_uploads_to_zero (tests.test_hardware_trajectory_qt.HardwareQtTests.test_normal_home_with_negative_zero_heading_plans_and_uploads_to_zero) ... ok
test_parameter_readback_timeout_and_stop_cannot_start (tests.test_hardware_trajectory_qt.HardwareQtTests.test_parameter_readback_timeout_and_stop_cannot_start) ... ok
test_real_click_automatically_uploads_all_then_runs_without_goto (tests.test_hardware_trajectory_qt.HardwareQtTests.test_real_click_automatically_uploads_all_then_runs_without_goto) ... ok
test_real_click_supports_calibration_offsets_beyond_old_goto_range (tests.test_hardware_trajectory_qt.HardwareQtTests.test_real_click_supports_calibration_offsets_beyond_old_goto_range) ... ok
test_real_preflight_caps_and_stop_discard_pending_points (tests.test_hardware_trajectory_qt.HardwareQtTests.test_real_preflight_caps_and_stop_discard_pending_points) ... ok
test_runtime_collision_switch_only_controls_map_collision_check (tests.test_hardware_trajectory_qt.HardwareQtTests.test_runtime_collision_switch_only_controls_map_collision_check) ... ok
test_screenshot_current_pose_is_clear_and_sweep_reason_has_previous_pose (tests.test_hardware_trajectory_qt.HardwareQtTests.test_screenshot_current_pose_is_clear_and_sweep_reason_has_previous_pose) ... ok
test_silent_calibration_change_reports_changed_field_and_snapshot (tests.test_hardware_trajectory_qt.HardwareQtTests.test_silent_calibration_change_reports_changed_field_and_snapshot) ... ok
test_stale_telemetry_cancels_with_specific_reason_even_collision_off (tests.test_hardware_trajectory_qt.HardwareQtTests.test_stale_telemetry_cancels_with_specific_reason_even_collision_off) ... ok
test_stop_home_waits_for_written_stop_and_fresh_stationary_pose (tests.test_hardware_trajectory_qt.HardwareQtTests.test_stop_home_waits_for_written_stop_and_fresh_stationary_pose) ... ok
test_wrong_actual_start_refuses_without_zero (tests.test_hardware_trajectory_qt.HardwareQtTests.test_wrong_actual_start_refuses_without_zero) ... ok

----------------------------------------------------------------------
Ran 34 tests in 14.377s

OK
