{
  "physical_motion_verified": false,
  "nano_verified": false,
  "precompute": [
    {
      "map": "competition_map.json",
      "zone": 1,
      "seconds": 5.709981199994218
    },
    {
      "map": "competition_map.json",
      "zone": 2,
      "seconds": 5.541384599986486
    },
    {
      "map": "navigation_map.json",
      "zone": 1,
      "seconds": 5.967835100018419
    },
    {
      "map": "navigation_map.json",
      "zone": 2,
      "seconds": 5.713538000010885
    }
  ],
  "runs": [
    {
      "map": "competition_map.json",
      "zone": 1,
      "pass_kind": "DISK",
      "plan_wall_s": 0.07252550002885982,
      "batch_wall_s": 0.3284884000313468,
      "point_count": 21,
      "planning_stats": {
        "search_calls": 0,
        "static_hits": 6,
        "revalidated_hits": 0,
        "local_hits": 2
      },
      "modeled_round_s": 64.20000000000437,
      "modeled_travel_s": 44.96
    },
    {
      "map": "competition_map.json",
      "zone": 1,
      "pass_kind": "MEMORY",
      "plan_wall_s": 0.02525250002508983,
      "batch_wall_s": 0.3342494000098668,
      "point_count": 21,
      "planning_stats": {
        "search_calls": 0,
        "static_hits": 6,
        "revalidated_hits": 0,
        "local_hits": 2
      },
      "modeled_round_s": 64.20000000000437,
      "modeled_travel_s": 44.96
    },
    {
      "map": "competition_map.json",
      "zone": 2,
      "pass_kind": "DISK",
      "plan_wall_s": 0.07256780000170693,
      "batch_wall_s": 0.3300734999938868,
      "point_count": 21,
      "planning_stats": {
        "search_calls": 0,
        "static_hits": 6,
        "revalidated_hits": 0,
        "local_hits": 2
      },
      "modeled_round_s": 64.0200000000044,
      "modeled_travel_s": 44.82
    },
    {
      "map": "competition_map.json",
      "zone": 2,
      "pass_kind": "MEMORY",
      "plan_wall_s": 0.025544899981468916,
      "batch_wall_s": 0.3431865000165999,
      "point_count": 21,
      "planning_stats": {
        "search_calls": 0,
        "static_hits": 6,
        "revalidated_hits": 0,
        "local_hits": 2
      },
      "modeled_round_s": 64.0200000000044,
      "modeled_travel_s": 44.82
    },
    {
      "map": "navigation_map.json",
      "zone": 1,
      "pass_kind": "DISK",
      "plan_wall_s": 0.07361820002552122,
      "batch_wall_s": 0.33404419996077195,
      "point_count": 20,
      "planning_stats": {
        "search_calls": 0,
        "static_hits": 6,
        "revalidated_hits": 0,
        "local_hits": 2
      },
      "modeled_round_s": 63.040000000004255,
      "modeled_travel_s": 43.82
    },
    {
      "map": "navigation_map.json",
      "zone": 1,
      "pass_kind": "MEMORY",
      "plan_wall_s": 0.02378869999665767,
      "batch_wall_s": 0.32345229998463765,
      "point_count": 20,
      "planning_stats": {
        "search_calls": 0,
        "static_hits": 6,
        "revalidated_hits": 0,
        "local_hits": 2
      },
      "modeled_round_s": 63.040000000004255,
      "modeled_travel_s": 43.82
    },
    {
      "map": "navigation_map.json",
      "zone": 2,
      "pass_kind": "DISK",
      "plan_wall_s": 0.0728561999858357,
      "batch_wall_s": 0.32465120003325865,
      "point_count": 21,
      "planning_stats": {
        "search_calls": 0,
        "static_hits": 6,
        "revalidated_hits": 0,
        "local_hits": 2
      },
      "modeled_round_s": 64.0200000000044,
      "modeled_travel_s": 44.82
    },
    {
      "map": "navigation_map.json",
      "zone": 2,
      "pass_kind": "MEMORY",
      "plan_wall_s": 0.024885899969376624,
      "batch_wall_s": 0.32307260000379756,
      "point_count": 21,
      "planning_stats": {
        "search_calls": 0,
        "static_hits": 6,
        "revalidated_hits": 0,
        "local_hits": 2
      },
      "modeled_round_s": 64.0200000000044,
      "modeled_travel_s": 44.82
    },
    {
      "map": "competition_map.json",
      "zone": 1,
      "pass_kind": "OBSTACLES",
      "obstacles": [
        [
          700,
          1200
        ]
      ],
      "plan_wall_s": 0.7284176000393927,
      "planning_stats": {
        "search_calls": 2,
        "static_hits": 0,
        "revalidated_hits": 4,
        "local_hits": 2
      },
      "modeled_round_s": 68.66000000000348
    },
    {
      "map": "competition_map.json",
      "zone": 2,
      "pass_kind": "OBSTACLES",
      "obstacles": [
        [
          700,
          1200
        ]
      ],
      "plan_wall_s": 0.7279071999946609,
      "planning_stats": {
        "search_calls": 2,
        "static_hits": 0,
        "revalidated_hits": 4,
        "local_hits": 2
      },
      "modeled_round_s": 68.50000000000351
    },
    {
      "map": "competition_map.json",
      "zone": 1,
      "pass_kind": "OBSTACLES",
      "obstacles": [
        [
          1200,
          1700
        ],
        [
          220,
          700
        ],
        [
          220,
          1700
        ],
        [
          700,
          220
        ]
      ],
      "plan_wall_s": 1.1002584000234492,
      "planning_stats": {
        "search_calls": 2,
        "static_hits": 0,
        "revalidated_hits": 4,
        "local_hits": 2
      },
      "modeled_round_s": 79.6400000000013
    },
    {
      "map": "competition_map.json",
      "zone": 2,
      "pass_kind": "OBSTACLES",
      "obstacles": [
        [
          1200,
          1700
        ],
        [
          220,
          700
        ],
        [
          220,
          1700
        ],
        [
          700,
          220
        ]
      ],
      "plan_wall_s": 1.1297921999939717,
      "planning_stats": {
        "search_calls": 3,
        "static_hits": 0,
        "revalidated_hits": 3,
        "local_hits": 2
      },
      "modeled_round_s": 79.22000000000138
    },
    {
      "map": "competition_map.json",
      "zone": 1,
      "pass_kind": "OBSTACLES",
      "obstacles": [
        [
          1200,
          1200
        ],
        [
          297,
          294
        ]
      ],
      "plan_wall_s": 1.7000512999948114,
      "planning_stats": {
        "search_calls": 3,
        "static_hits": 0,
        "revalidated_hits": 3,
        "local_hits": 2
      },
      "modeled_round_s": 98.59999999999752
    },
    {
      "map": "competition_map.json",
      "zone": 2,
      "pass_kind": "OBSTACLES",
      "obstacles": [
        [
          1200,
          1200
        ],
        [
          297,
          294
        ]
      ],
      "plan_wall_s": 1.9269017999758944,
      "planning_stats": {
        "search_calls": 4,
        "static_hits": 0,
        "revalidated_hits": 2,
        "local_hits": 2
      },
      "modeled_round_s": 101.27999999999699
    }
  ],
  "algorithm": "c8e4173a7ce9e4bf5e2a4ac2a332d6fd5b0a5e499c0dece59d21ce0a959220a9",
  "qt_imported": false
}
