
RUN: C:\Users\Yuzi\AppData\Local\Programs\Python\Python313\python.exe main.py --selftest
[1] FrameParser 基本解析 ...
    ok
[2] payload 内嵌帧尾 (+inf) ...
    ok
[3] Simulator 参数/DM/视觉 ...
    ok
[4] 场地禁区 ...
    ok
[5] 四轮使能/失能闸门 ...
    ok
[6] A* 路径规划 ...
    ok
全部核心自检通过 ✔

RUN: C:\Users\Yuzi\AppData\Local\Programs\Python\Python313\python.exe -m unittest tests.test_navigation_safety tests.test_map_click_regression tests.test_navigation_audit_fixes tests.test_arc_smoothing tests.test_trajectory tests.test_continuous_tracking tests.test_competition_simulation tests.test_mecanum_planning tests.test_hardware_trajectory tests.test_home_return tests.test_trajectory_settings tests.test_segment_route tests.test_coordinate_navigation tests.test_mixed_telemetry tests.test_crc_telemetry tests.test_competition_profile tests.test_route_optimality -v
test_adjacent_legal_rectangles_must_be_unioned (tests.test_navigation_safety.CoreSafetyTests.test_adjacent_legal_rectangles_must_be_unioned) ... ok
test_bounded_runtime (tests.test_navigation_safety.CoreSafetyTests.test_bounded_runtime) ... ok
test_cancelled_search (tests.test_navigation_safety.CoreSafetyTests.test_cancelled_search) ... ok
test_clearance_single_point_and_empty_obstacles (tests.test_navigation_safety.CoreSafetyTests.test_clearance_single_point_and_empty_obstacles) ... ok
test_clearance_uses_custom_scene (tests.test_navigation_safety.CoreSafetyTests.test_clearance_uses_custom_scene) ... ok
test_coarse_grid_edge_cannot_jump_over_cylinder (tests.test_navigation_safety.CoreSafetyTests.test_coarse_grid_edge_cannot_jump_over_cylinder) ... ok
test_concave_lane_sweep_cannot_cut_corner (tests.test_navigation_safety.CoreSafetyTests.test_concave_lane_sweep_cannot_cut_corner) ... ok
test_continuous_clearance_cannot_skip_midpoint (tests.test_navigation_safety.CoreSafetyTests.test_continuous_clearance_cannot_skip_midpoint) ... ok
test_default_material_goal_rejected (tests.test_navigation_safety.CoreSafetyTests.test_default_material_goal_rejected) ... ok
test_empty_whitelist_rejected (tests.test_navigation_safety.CoreSafetyTests.test_empty_whitelist_rejected) ... ok
test_first_and_last_connectors_checked (tests.test_navigation_safety.CoreSafetyTests.test_first_and_last_connectors_checked) ... ok
test_fixed_body_is_checked_and_hardware_gate_stays_closed (tests.test_navigation_safety.CoreSafetyTests.test_fixed_body_is_checked_and_hardware_gate_stays_closed) ... ok
test_fixed_rect_not_disc_and_diagonal_corner (tests.test_navigation_safety.CoreSafetyTests.test_fixed_rect_not_disc_and_diagonal_corner) ... ok
test_independent_dijkstra_40_scenes (tests.test_navigation_safety.CoreSafetyTests.test_independent_dijkstra_40_scenes)
独立参照：**状态=(格, 航向)** 的 Dijkstra，与 plan() 同一套动作代价。 ... ok
test_legal_region_not_just_absence_of_obstacles (tests.test_navigation_safety.CoreSafetyTests.test_legal_region_not_just_absence_of_obstacles) ... ok
test_nondivisible_grid_cannot_escape_wall (tests.test_navigation_safety.CoreSafetyTests.test_nondivisible_grid_cannot_escape_wall) ... ok
test_nonfinite_and_invalid_inputs_return_failure_not_exception (tests.test_navigation_safety.CoreSafetyTests.test_nonfinite_and_invalid_inputs_return_failure_not_exception) ... ok
test_pad_only_plan_is_not_car_execution_approval (tests.test_navigation_safety.CoreSafetyTests.test_pad_only_plan_is_not_car_execution_approval) ... ok
test_raw_connectors_and_cost_are_included (tests.test_navigation_safety.CoreSafetyTests.test_raw_connectors_and_cost_are_included) ... ok
test_self_intersecting_map_rejected (tests.test_navigation_safety.CoreSafetyTests.test_self_intersecting_map_rejected) ... ok
test_simplification_cannot_fallback_to_bad_adjacent_edge (tests.test_navigation_safety.CoreSafetyTests.test_simplification_cannot_fallback_to_bad_adjacent_edge) ... ok
test_start_equals_goal_no_division_by_zero (tests.test_navigation_safety.CoreSafetyTests.test_start_equals_goal_no_division_by_zero) ... ok
test_swept_polygon_not_just_corners (tests.test_navigation_safety.CoreSafetyTests.test_swept_polygon_not_just_corners) ... ok
test_two_point_simplification_checks_segment (tests.test_navigation_safety.CoreSafetyTests.test_two_point_simplification_checks_segment) ... ok
test_vehicle_centre_on_outer_boundary_rejected (tests.test_navigation_safety.CoreSafetyTests.test_vehicle_centre_on_outer_boundary_rejected) ... ok
test_whole_body_outside_boundary (tests.test_navigation_safety.CoreSafetyTests.test_whole_body_outside_boundary) ... ok
test_cost_weights_are_applied_per_action (tests.test_navigation_safety.HeadingPlanTests.test_cost_weights_are_applied_per_action) ... ok
test_forbidding_strafe_turns_instead (tests.test_navigation_safety.HeadingPlanTests.test_forbidding_strafe_turns_instead)
禁横移 + 有转向空间时改用原地转向；操作区多边形可放开横移。 ... ok
test_raised_lateral_cost_never_increases_lateral_distance (tests.test_navigation_safety.HeadingPlanTests.test_raised_lateral_cost_never_increases_lateral_distance)
提高横移系数后，同一对起终点的横移总距离不会增加（需求 6）。 ... ok
test_start_heading_must_match_footprint (tests.test_navigation_safety.HeadingPlanTests.test_start_heading_must_match_footprint)
车体朝向与起始航向不一致必须显式拒绝，不能静默换朝向求解。 ... ok
test_steps_report_x_y_heading_action (tests.test_navigation_safety.HeadingPlanTests.test_steps_report_x_y_heading_action)
回溯必须给出 x,y,heading,action，且动作与"当时航向"自洽；没有圆弧。 ... ok
test_every_segment_is_axis_aligned (tests.test_navigation_safety.ManhattanPlanTests.test_every_segment_is_axis_aligned)
覆盖：同侧直达、需绕行、端点不在网格上、同列、长对角。 ... ok
test_obstacles_keep_right_angles_and_clearance (tests.test_navigation_safety.ManhattanPlanTests.test_obstacles_keep_right_angles_and_clearance) ... ok
test_simplification_keeps_right_angles_and_never_lengthens (tests.test_navigation_safety.ManhattanPlanTests.test_simplification_keeps_right_angles_and_never_lengthens)
共线合并只删同方向中间点：直角保留、长度不变、航点数不增加。 ... ok
test_hardcoded_quick_target_removed_and_still_illegal (tests.test_navigation_safety.MapDataComplianceTests.test_hardcoded_quick_target_removed_and_still_illegal)
旧写死坐标必须已删除，且在同一模型下仍判非法（防止校验被放松）。 ... ok
test_map_matches_rulebook_dimensions (tests.test_navigation_safety.MapDataComplianceTests.test_map_matches_rulebook_dimensions) ... ok
test_quick_targets_are_legal_for_every_heading (tests.test_navigation_safety.MapDataComplianceTests.test_quick_targets_are_legal_for_every_heading) ... ok
test_turntable_declared_position_and_radius (tests.test_navigation_safety.MapDataComplianceTests.test_turntable_declared_position_and_radius) ... ok
test_corner_and_turn_are_not_the_same_thing (tests.test_navigation_safety.PathAxesTests.test_corner_and_turn_are_not_the_same_thing)
几何角点未必有转向；原地转向也未必留角点。 ... ok
test_diagonal_segment_is_rejected (tests.test_navigation_safety.PathAxesTests.test_diagonal_segment_is_rejected) ... ok
test_l_shape_has_two_segments_and_one_left_corner (tests.test_navigation_safety.PathAxesTests.test_l_shape_has_two_segments_and_one_left_corner) ... ok
test_line_has_two_segments_and_no_corner (tests.test_navigation_safety.PathAxesTests.test_line_has_two_segments_and_no_corner) ... ok
test_only_duplicate_points_are_dropped (tests.test_navigation_safety.PathAxesTests.test_only_duplicate_points_are_dropped)
geometry_axes 的压缩只有"删重复点"这一条：共线中间点在这里**不**删。 ... ok
test_real_plan_segments_keep_ledger_semantics (tests.test_navigation_safety.PathAxesTests.test_real_plan_segments_keep_ledger_semantics)
真实规划：每段/每角都来自台账，折线严格轴对齐。 ... ok
test_u_shape_keeps_axis_alignment (tests.test_navigation_safety.PathAxesTests.test_u_shape_keeps_axis_alignment)
∩ 形（右→上→左）是连续两次左转；∪ 形才是两次右转。 ... ok
test_z_shape_has_three_segments_and_two_opposite_corners (tests.test_navigation_safety.PathAxesTests.test_z_shape_has_three_segments_and_two_opposite_corners) ... ok
test_circle_table_is_phi50 (tests.test_navigation_safety.SimulatedObstacleTests.test_circle_table_is_phi50) ... ok
test_placement_rejects_conflicts_and_edge (tests.test_navigation_safety.SimulatedObstacleTests.test_placement_rejects_conflicts_and_edge) ... ok
test_plan_must_avoid_simulated_obstacle (tests.test_navigation_safety.SimulatedObstacleTests.test_plan_must_avoid_simulated_obstacle) ... ok
test_random_placement_is_legal_and_reports_shortfall (tests.test_navigation_safety.SimulatedObstacleTests.test_random_placement_is_legal_and_reports_shortfall) ... ok
test_random_placement_keeps_clear_of_given_area (tests.test_navigation_safety.SimulatedObstacleTests.test_random_placement_keeps_clear_of_given_area) ... ok
test_limit_zero_matches_the_old_hard_forbid (tests.test_navigation_safety.StrafeRunLimitTests.test_limit_zero_matches_the_old_hard_forbid)
上限 0 与 allow_strafe=False 必须等价（同一约束的两种写法）。 ... ok
test_long_continuous_strafe_is_cut_to_the_limit (tests.test_navigation_safety.StrafeRunLimitTests.test_long_continuous_strafe_is_cut_to_the_limit)
转向很贵时规划器本来会一口气横移 1450mm；加上限后必须切成一节一节。 ... ok
test_no_limit_keeps_the_previous_behaviour (tests.test_navigation_safety.StrafeRunLimitTests.test_no_limit_keeps_the_previous_behaviour)
不设上限时结果与"给了个足够大的上限"完全一致（默认行为没变）。 ... ok
test_operation_area_is_exempt_from_the_limit (tests.test_navigation_safety.StrafeRunLimitTests.test_operation_area_is_exempt_from_the_limit)
操作区（strafe_polygons）内不受上限约束，横移额度不占。 ... ok
test_raising_the_limit_never_increases_cost (tests.test_navigation_safety.StrafeRunLimitTests.test_raising_the_limit_never_increases_cost)
上限放宽＝可行集变大：最优代价单调不增，可行解不会反而消失。 ... ok
test_short_strafe_lets_the_car_leave_the_start_pocket (tests.test_navigation_safety.StrafeRunLimitTests.test_short_strafe_lets_the_car_leave_the_start_pocket)
出启停区角落要横移 150mm：上限 500mm 时照常可用，0 才是完全禁横移。 ... ok
test_steps_ledger_carries_the_running_strafe_length (tests.test_navigation_safety.StrafeRunLimitTests.test_steps_ledger_carries_the_running_strafe_length)
台账每步的 strafe_run_mm 必须与动作自洽，且不超上限（非操作区）。 ... ok
test_actual_motion_guard_cancels_collision (tests.test_navigation_safety.UiLogicTests.test_actual_motion_guard_cancels_collision) ... ok
test_actual_start_drift_requires_replan (tests.test_navigation_safety.UiLogicTests.test_actual_start_drift_requires_replan) ... ok
test_async_request_then_poll (tests.test_navigation_safety.UiLogicTests.test_async_request_then_poll) ... ok
test_cancel_drops_simulators_own_pending_goal (tests.test_navigation_safety.UiLogicTests.test_cancel_drops_simulators_own_pending_goal) ... ok
test_cancel_pending_background_search (tests.test_navigation_safety.UiLogicTests.test_cancel_pending_background_search) ... ok
test_cannot_start_unverified_injected_point_list (tests.test_navigation_safety.UiLogicTests.test_cannot_start_unverified_injected_point_list) ... ok
test_changed_map_without_signal_is_detected_before_start (tests.test_navigation_safety.UiLogicTests.test_changed_map_without_signal_is_detected_before_start) ... ok
test_clear_path_stops_current_goal (tests.test_navigation_safety.UiLogicTests.test_clear_path_stops_current_goal) ... ok
test_fallback_turn_route_is_refused_by_continuous_tracker (tests.test_navigation_safety.UiLogicTests.test_fallback_turn_route_is_refused_by_continuous_tracker)
保留原地转向的fallback不能伪装成连续Trajectory。 ... ok
test_goal_yaw_enters_planning_context_without_implicit_rotation (tests.test_navigation_safety.UiLogicTests.test_goal_yaw_enters_planning_context_without_implicit_rotation) ... ok
test_mapping_change_invalidates_plan (tests.test_navigation_safety.UiLogicTests.test_mapping_change_invalidates_plan) ... ok
test_mapping_roundtrip (tests.test_navigation_safety.UiLogicTests.test_mapping_roundtrip) ... ok
test_old_background_result_is_ignored (tests.test_navigation_safety.UiLogicTests.test_old_background_result_is_ignored) ... ok
test_old_goal_epoch_cannot_restart (tests.test_navigation_safety.UiLogicTests.test_old_goal_epoch_cannot_restart) ... ok
test_old_zero_errors_not_current_goal_completion (tests.test_navigation_safety.UiLogicTests.test_old_zero_errors_not_current_goal_completion) ... ok
test_plan_does_not_emit_serial_commands (tests.test_navigation_safety.UiLogicTests.test_plan_does_not_emit_serial_commands) ... ok
test_queue_cancel_discards_only_motion (tests.test_navigation_safety.UiLogicTests.test_queue_cancel_discards_only_motion) ... ok
test_rejected_target_invalidates_old_plan (tests.test_navigation_safety.UiLogicTests.test_rejected_target_invalidates_old_plan) ... ok
test_replan_cancels_old_snapshot (tests.test_navigation_safety.UiLogicTests.test_replan_cancels_old_snapshot) ... ok
test_route_executes_in_real_simulator_with_full_body_checks (tests.test_navigation_safety.UiLogicTests.test_route_executes_in_real_simulator_with_full_body_checks) ... ok
test_same_frame_cannot_accumulate_settle (tests.test_navigation_safety.UiLogicTests.test_same_frame_cannot_accumulate_settle) ... ok
test_simulation_stays_gated_from_real_serial (tests.test_navigation_safety.UiLogicTests.test_simulation_stays_gated_from_real_serial) ... ok
test_stale_sim_pose_stops (tests.test_navigation_safety.UiLogicTests.test_stale_sim_pose_stops) ... ok
test_stop_button_stops_current_goal_not_only_timer (tests.test_navigation_safety.UiLogicTests.test_stop_button_stops_current_goal_not_only_timer) ... ok
test_strafe_limit_check_reaches_the_planner (tests.test_navigation_safety.UiLogicTests.test_strafe_limit_check_reaches_the_planner)
勾上「限制长距离横移」后上限必须真的进规划器；调到 0 = 完全禁横移，如实报错。 ... ok
test_timeout_stops_current_goal (tests.test_navigation_safety.UiLogicTests.test_timeout_stops_current_goal) ... ok
test_unsafe_goal_cannot_start_simulation (tests.test_navigation_safety.UiLogicTests.test_unsafe_goal_cannot_start_simulation) ... ok
test_urgent_stop_prevents_queued_goal_replay (tests.test_navigation_safety.UiLogicTests.test_urgent_stop_prevents_queued_goal_replay) ... ok
test_wheel_disabled_cannot_start (tests.test_navigation_safety.UiLogicTests.test_wheel_disabled_cannot_start) ... ok
test_zero_offset_wheel_changes_invalidate_navigation (tests.test_navigation_safety.UiLogicTests.test_zero_offset_wheel_changes_invalidate_navigation) ... ok
test_actual_click_handler_starts_worker_and_displays_result (tests.test_map_click_regression.MapClickRegressionTests.test_actual_click_handler_starts_worker_and_displays_result) ... ok
test_cancel_clears_pending_request_and_event_reference (tests.test_map_click_regression.MapClickRegressionTests.test_cancel_clears_pending_request_and_event_reference) ... ok
test_event_creation_error_is_visible (tests.test_map_click_regression.MapClickRegressionTests.test_event_creation_error_is_visible) ... ok
test_invalid_goal_shows_rejection_instead_of_silent_click (tests.test_map_click_regression.MapClickRegressionTests.test_invalid_goal_shows_rejection_instead_of_silent_click) ... ok
test_latest_click_wins (tests.test_map_click_regression.MapClickRegressionTests.test_latest_click_wins) ... ok
test_log_io_error_does_not_hide_original_error (tests.test_map_click_regression.MapClickRegressionTests.test_log_io_error_does_not_hide_original_error) ... ok
test_missing_production_import_is_not_injected_by_test_helper (tests.test_map_click_regression.MapClickRegressionTests.test_missing_production_import_is_not_injected_by_test_helper) ... ok
test_nonfinite_goal_is_rejected_before_worker (tests.test_map_click_regression.MapClickRegressionTests.test_nonfinite_goal_is_rejected_before_worker) ... ok
test_offline_click_plans_without_simulator_or_serial (tests.test_map_click_regression.MapClickRegressionTests.test_offline_click_plans_without_simulator_or_serial) ... ok
test_offline_home_button_uses_async_planning_in_planning_mode (tests.test_map_click_regression.MapClickRegressionTests.test_offline_home_button_uses_async_planning_in_planning_mode) ... ok
test_result_presentation_error_clears_partial_plan (tests.test_map_click_regression.MapClickRegressionTests.test_result_presentation_error_clears_partial_plan) ... ok
test_stale_exception_cannot_clear_newer_plan (tests.test_map_click_regression.MapClickRegressionTests.test_stale_exception_cannot_clear_newer_plan) ... ok
test_submit_error_is_visible_and_next_click_can_recover (tests.test_map_click_regression.MapClickRegressionTests.test_submit_error_is_visible_and_next_click_can_recover) ... ok
test_threading_binding_comes_from_main_import (tests.test_map_click_regression.MapClickRegressionTests.test_threading_binding_comes_from_main_import) ... ok
test_unexpected_preparation_error_is_visible (tests.test_map_click_regression.MapClickRegressionTests.test_unexpected_preparation_error_is_visible) ... ok
test_worker_error_is_visible (tests.test_map_click_regression.MapClickRegressionTests.test_worker_error_is_visible) ... ok
test_actual_rotated_body_still_rejects_illegal_boundary_start (tests.test_navigation_audit_fixes.AuditPlannerFixTests.test_actual_rotated_body_still_rejects_illegal_boundary_start) ... ok
test_arbitrary_initial_yaw_remains_exact_in_every_pose (tests.test_navigation_audit_fixes.AuditPlannerFixTests.test_arbitrary_initial_yaw_remains_exact_in_every_pose) ... ok
test_body_clearance_includes_turn_only_path (tests.test_navigation_audit_fixes.AuditPlannerFixTests.test_body_clearance_includes_turn_only_path) ... ok
test_cheapest_move_heuristic_matches_independent_dijkstra (tests.test_navigation_audit_fixes.AuditPlannerFixTests.test_cheapest_move_heuristic_matches_independent_dijkstra) ... ok
test_collinear_turn_preserves_action_segments (tests.test_navigation_audit_fixes.AuditPlannerFixTests.test_collinear_turn_preserves_action_segments) ... ok
test_direct_candidate_does_not_skip_cheaper_turns (tests.test_navigation_audit_fixes.AuditPlannerFixTests.test_direct_candidate_does_not_skip_cheaper_turns) ... ok
test_fine_grid_does_not_repeatedly_round_up_strafe_allowance (tests.test_navigation_audit_fixes.AuditPlannerFixTests.test_fine_grid_does_not_repeatedly_round_up_strafe_allowance) ... ok
test_operation_zone_does_not_exempt_outside_part (tests.test_navigation_audit_fixes.AuditPlannerFixTests.test_operation_zone_does_not_exempt_outside_part) ... ok
test_operation_zone_only_deducts_its_inside_distance (tests.test_navigation_audit_fixes.AuditPlannerFixTests.test_operation_zone_only_deducts_its_inside_distance) ... ok
test_revisiting_same_segment_and_corner_uses_correct_ledger_occurrence (tests.test_navigation_audit_fixes.AuditPlannerFixTests.test_revisiting_same_segment_and_corner_uses_correct_ledger_occurrence) ... ok
test_sample_gap_sweep_covers_dense_rotations_for_all_start_headings (tests.test_navigation_audit_fixes.AuditPlannerFixTests.test_sample_gap_sweep_covers_dense_rotations_for_all_start_headings) ... ok
test_turn_probe_is_not_returned_as_safe_in_place (tests.test_navigation_audit_fixes.AuditPlannerFixTests.test_turn_probe_is_not_returned_as_safe_in_place) ... ok
test_actual_ui_accepts_non_cardinal_yaw_without_sending_commands (tests.test_navigation_audit_fixes.AuditUiFixTests.test_actual_ui_accepts_non_cardinal_yaw_without_sending_commands) ... ok
test_every_turn_appears_in_ui_ledger_even_without_a_corner (tests.test_navigation_audit_fixes.AuditUiFixTests.test_every_turn_appears_in_ui_ledger_even_without_a_corner) ... ok
test_json_export_roundtrips_segments_and_corners (tests.test_navigation_audit_fixes.AuditUiFixTests.test_json_export_roundtrips_segments_and_corners) ... ok
test_quantized_turn_checks_actual_sweep_instead_of_skipping_turn (tests.test_navigation_audit_fixes.AuditUiFixTests.test_quantized_turn_checks_actual_sweep_instead_of_skipping_turn) ... ok
test_unmatched_action_segments_are_rejected_before_presenting_success (tests.test_navigation_audit_fixes.AuditUiFixTests.test_unmatched_action_segments_are_rejected_before_presenting_success) ... ok
test_between_sample_collision_is_rejected_by_continuous_sweep (tests.test_arc_smoothing.ArcCollisionTests.test_between_sample_collision_is_rejected_by_continuous_sweep) ... ok
test_dense_independent_poses_are_inside_each_sampling_envelope (tests.test_arc_smoothing.ArcCollisionTests.test_dense_independent_poses_are_inside_each_sampling_envelope) ... ok
test_drivable_hole_prevents_all_arcs_but_keeps_original_l_safe (tests.test_arc_smoothing.ArcCollisionTests.test_drivable_hole_prevents_all_arcs_but_keeps_original_l_safe) ... ok
test_missing_body_and_cancellation_never_force_an_arc (tests.test_arc_smoothing.ArcCollisionTests.test_missing_body_and_cancellation_never_force_an_arc) ... ok
test_obstacle_shrinks_radius_without_changing_safe_raw_corner (tests.test_arc_smoothing.ArcCollisionTests.test_obstacle_shrinks_radius_without_changing_safe_raw_corner) ... ok
test_simulated_and_dynamic_obstacles_participate_in_arc_checks (tests.test_arc_smoothing.ArcCollisionTests.test_simulated_and_dynamic_obstacles_participate_in_arc_checks) ... ok
test_unsafe_leftover_line_rejects_complete_smoothed_trajectory (tests.test_arc_smoothing.ArcCollisionTests.test_unsafe_leftover_line_rejects_complete_smoothed_trajectory) ... ok
test_adjacent_corner_can_fallback_after_first_arc_consumes_space (tests.test_arc_smoothing.ArcGeometryTests.test_adjacent_corner_can_fallback_after_first_arc_consumes_space) ... ok
test_adjacent_z_and_u_arcs_cannot_overlap_shared_segment (tests.test_arc_smoothing.ArcGeometryTests.test_adjacent_z_and_u_arcs_cannot_overlap_shared_segment) ... ok
test_backward_arc_and_noncardinal_yaw_preserved (tests.test_arc_smoothing.ArcGeometryTests.test_backward_arc_and_noncardinal_yaw_preserved) ... ok
test_entry_center_exit_and_sampling_both_turn_directions_all_quadrants (tests.test_arc_smoothing.ArcGeometryTests.test_entry_center_exit_and_sampling_both_turn_directions_all_quadrants) ... ok
test_every_radius_failed_returns_explicit_fallback_and_original_turn (tests.test_arc_smoothing.ArcGeometryTests.test_every_radius_failed_returns_explicit_fallback_and_original_turn) ... ok
test_mode_change_corner_and_mixed_actions_are_not_forced_to_turn (tests.test_arc_smoothing.ArcGeometryTests.test_mode_change_corner_and_mixed_actions_are_not_forced_to_turn) ... ok
test_radius_order_shrinks_for_short_segments (tests.test_arc_smoothing.ArcGeometryTests.test_radius_order_shrinks_for_short_segments) ... ok
test_real_turn_while_strafing_preserves_body_yaw_and_mode (tests.test_arc_smoothing.ArcGeometryTests.test_real_turn_while_strafing_preserves_body_yaw_and_mode) ... ok
test_straight_and_turn_only_preserve_original_trajectory (tests.test_arc_smoothing.ArcGeometryTests.test_straight_and_turn_only_preserve_original_trajectory) ... ok
test_dynamic_obstacle_rejects_start_in_search_too (tests.test_arc_smoothing.ArcIntegrationTests.test_dynamic_obstacle_rejects_start_in_search_too) ... ok
test_dynamic_snapshot_invalidates_old_result_and_is_used_for_new_plan (tests.test_arc_smoothing.ArcIntegrationTests.test_dynamic_snapshot_invalidates_old_result_and_is_used_for_new_plan) ... ok
test_plan_adds_arcs_and_preserves_original_search_and_ledger (tests.test_arc_smoothing.ArcIntegrationTests.test_plan_adds_arcs_and_preserves_original_search_and_ledger) ... ok
test_ui_draws_arc_preview_exports_geometry_and_does_not_send_motion (tests.test_arc_smoothing.ArcIntegrationTests.test_ui_draws_arc_preview_exports_geometry_and_does_not_send_motion) ... ok
test_fixed_simulated_dynamic_rectangles_and_circles_all_block (tests.test_arc_smoothing.PoseSafeTests.test_fixed_simulated_dynamic_rectangles_and_circles_all_block) ... ok
test_missing_footprint_and_nonfinite_pose_rejected (tests.test_arc_smoothing.PoseSafeTests.test_missing_footprint_and_nonfinite_pose_rejected) ... ok
test_real_rectangle_and_margin_respect_yaw_and_boundary (tests.test_arc_smoothing.PoseSafeTests.test_real_rectangle_and_margin_respect_yaw_and_boundary) ... ok
test_touching_obstacle_rejected (tests.test_arc_smoothing.PoseSafeTests.test_touching_obstacle_rejected) ... ok
test_whole_body_cannot_cover_a_hole_even_when_all_corners_inside (tests.test_arc_smoothing.PoseSafeTests.test_whole_body_cannot_cover_a_hole_even_when_all_corners_inside) ... ok
test_adjacent_arcs_exact_join_is_single_station (tests.test_trajectory.TrajectoryGeometryTests.test_adjacent_arcs_exact_join_is_single_station) ... ok
test_arc_segment_object_cw_ccw_all_radii_uses_true_arclength (tests.test_trajectory.TrajectoryGeometryTests.test_arc_segment_object_cw_ccw_all_radii_uses_true_arclength) ... ok
test_empty_missing_body_invalid_geometry_and_sample_resource_limit (tests.test_trajectory.TrajectoryGeometryTests.test_empty_missing_body_invalid_geometry_and_sample_resource_limit) ... ok
test_fallback_turn_and_sharp_corner_are_not_fake_continuous_paths (tests.test_trajectory.TrajectoryGeometryTests.test_fallback_turn_and_sharp_corner_are_not_fake_continuous_paths) ... ok
test_global_station_grid_continues_across_line_boundary (tests.test_trajectory.TrajectoryGeometryTests.test_global_station_grid_continues_across_line_boundary) ... ok
test_line_arc_line_length_endpoints_and_tangent_join (tests.test_trajectory.TrajectoryGeometryTests.test_line_arc_line_length_endpoints_and_tangent_join) ... ok
test_line_segment_object_exact_twenty_mm_grid_and_short_endpoint (tests.test_trajectory.TrajectoryGeometryTests.test_line_segment_object_exact_twenty_mm_grid_and_short_endpoint) ... ok
test_unwrap_179_to_minus179_and_multiple_revolutions (tests.test_trajectory.TrajectoryGeometryTests.test_unwrap_179_to_minus179_and_multiple_revolutions) ... ok
test_json_export_five_fields_and_rejects_fallback (tests.test_trajectory.TrajectoryIntegrationTests.test_json_export_five_fields_and_rejects_fallback) ... ok
test_plan_automatically_returns_safe_trajectory_without_changing_raw_ledger (tests.test_trajectory.TrajectoryIntegrationTests.test_plan_automatically_returns_safe_trajectory_without_changing_raw_ledger) ... ok
test_ui_arrows_and_both_exports_no_motion_commands (tests.test_trajectory.TrajectoryIntegrationTests.test_ui_arrows_and_both_exports_no_motion_commands) ... ok
test_ui_refuses_corrupted_or_stale_trajectory_export (tests.test_trajectory.TrajectoryIntegrationTests.test_ui_refuses_corrupted_or_stale_trajectory_export) ... ok
test_cancellation_during_generation_and_final_check_never_publishes (tests.test_trajectory.TrajectorySafetyTests.test_cancellation_during_generation_and_final_check_never_publishes) ... ok
test_dense_independent_rectangle_poses_safe_along_complete_exported_path (tests.test_trajectory.TrajectorySafetyTests.test_dense_independent_rectangle_poses_safe_along_complete_exported_path) ... ok
test_every_pose_and_interval_rechecked_against_latest_scene (tests.test_trajectory.TrajectorySafetyTests.test_every_pose_and_interval_rechecked_against_latest_scene) ... ok
test_final_arc_sweep_rejects_between_export_and_check_samples (tests.test_trajectory.TrajectorySafetyTests.test_final_arc_sweep_rejects_between_export_and_check_samples) ... ok
test_final_line_sweep_rejects_obstacle_between_export_samples (tests.test_trajectory.TrajectorySafetyTests.test_final_line_sweep_rejects_obstacle_between_export_samples) ... ok
test_full_vehicle_and_drivable_hole_not_just_centers (tests.test_trajectory.TrajectorySafetyTests.test_full_vehicle_and_drivable_hole_not_just_centers) ... ok
test_new_tangent_yaw_is_checked_instead_of_original_strafe_heading (tests.test_trajectory.TrajectorySafetyTests.test_new_tangent_yaw_is_checked_instead_of_original_strafe_heading) ... ok
test_tampered_sample_position_yaw_type_and_station_rejected (tests.test_trajectory.TrajectorySafetyTests.test_tampered_sample_position_yaw_type_and_station_rejected) ... ok
test_bad_start_yaw_and_forced_false_completion_cannot_be_accepted (tests.test_continuous_tracking.ContinuousUiTests.test_bad_start_yaw_and_forced_false_completion_cannot_be_accepted) ... ok
test_skeleton_continuous_reference_layers_and_simulation_end (tests.test_continuous_tracking.ContinuousUiTests.test_skeleton_continuous_reference_layers_and_simulation_end) ... ok
test_stale_pose_or_hardware_takeover_stops_with_no_serial_navigation (tests.test_continuous_tracking.ContinuousUiTests.test_stale_pose_or_hardware_takeover_stops_with_no_serial_navigation) ... ok
test_stop_clear_replan_map_replace_and_version_cancel_before_next_tick (tests.test_continuous_tracking.ContinuousUiTests.test_stop_clear_replan_map_replace_and_version_cancel_before_next_tick) ... ok
test_actual_projection_monotone_when_position_jitters_backward (tests.test_continuous_tracking.MonotoneProgressTests.test_actual_projection_monotone_when_position_jitters_backward) ... ok
test_closed_loop_start_cannot_jump_to_identical_endpoint (tests.test_continuous_tracking.MonotoneProgressTests.test_closed_loop_start_cannot_jump_to_identical_endpoint) ... ok
test_lookahead_is_one_hundred_mm_arclength_with_exact_arc_yaw (tests.test_continuous_tracking.MonotoneProgressTests.test_lookahead_is_one_hundred_mm_arclength_with_exact_arc_yaw) ... ok
test_progress_is_not_advanced_by_reference_or_frame_count (tests.test_continuous_tracking.MonotoneProgressTests.test_progress_is_not_advanced_by_reference_or_frame_count) ... ok
test_cancel_inside_acceptance_pose_guard_cannot_restore_tracker (tests.test_continuous_tracking.SimulatorContinuousTests.test_cancel_inside_acceptance_pose_guard_cannot_restore_tracker) ... ok
test_dynamic_obstacle_in_true_scene_guard_stops_before_contact (tests.test_continuous_tracking.SimulatorContinuousTests.test_dynamic_obstacle_in_true_scene_guard_stops_before_contact) ... ok
test_field_ops_mapping_rotation_offset_does_not_change_tracking (tests.test_continuous_tracking.SimulatorContinuousTests.test_field_ops_mapping_rotation_offset_does_not_change_tracking) ... ok
test_frozen_motion_watchdog_and_timeout (tests.test_continuous_tracking.SimulatorContinuousTests.test_frozen_motion_watchdog_and_timeout) ... ok
test_guard_rejects_actual_motion_without_position_or_yaw_commit (tests.test_continuous_tracking.SimulatorContinuousTests.test_guard_rejects_actual_motion_without_position_or_yaw_commit) ... ok
test_lookahead_keeps_arc_reference_without_premature_turn_or_sideways_chord_motion (tests.test_continuous_tracking.SimulatorContinuousTests.test_lookahead_keeps_arc_reference_without_premature_turn_or_sideways_chord_motion) ... ok
test_nan_pose_xy_jump_yaw_jump_and_guard_exception_fail_closed (tests.test_continuous_tracking.SimulatorContinuousTests.test_nan_pose_xy_jump_yaw_jump_and_guard_exception_fail_closed) ... ok
test_narrow_competition_corner_tracks_without_chord_cutting_into_yellow_zone (tests.test_continuous_tracking.SimulatorContinuousTests.test_narrow_competition_corner_tracks_without_chord_cutting_into_yellow_zone) ... ok
test_only_final_stop_needs_position_yaw_and_zero_velocity (tests.test_continuous_tracking.SimulatorContinuousTests.test_only_final_stop_needs_position_yaw_and_zero_velocity) ... ok
test_stop_during_acceptance_recheck_rejects_old_epoch (tests.test_continuous_tracking.SimulatorContinuousTests.test_stop_during_acceptance_recheck_rejects_old_epoch) ... ok
test_stop_or_version_change_inside_guard_cannot_commit_late_motion (tests.test_continuous_tracking.SimulatorContinuousTests.test_stop_or_version_change_inside_guard_cannot_commit_late_motion) ... ok
test_stop_zero_wheeloff_and_queued_stale_motion_cancel_immediately (tests.test_continuous_tracking.SimulatorContinuousTests.test_stop_zero_wheeloff_and_queued_stale_motion_cancel_immediately) ... ok
test_straight_l_z_u_complete_without_intermediate_stops (tests.test_continuous_tracking.SimulatorContinuousTests.test_straight_l_z_u_complete_without_intermediate_stops) ... ok
test_adaptive_parallel_lanes_work_when_every_original_lane_is_blocked (tests.test_competition_simulation.AvoidanceOptimizationTests.test_adaptive_parallel_lanes_work_when_every_original_lane_is_blocked) ... ok
test_completed_ninety_degree_maneuver_has_no_residual_yaw_before_translation (tests.test_competition_simulation.AvoidanceOptimizationTests.test_completed_ninety_degree_maneuver_has_no_residual_yaw_before_translation) ... ok
test_screenshot_two_cylinders_complete_both_zones_with_all_actual_sweeps_safe (tests.test_competition_simulation.AvoidanceOptimizationTests.test_screenshot_two_cylinders_complete_both_zones_with_all_actual_sweeps_safe) ... ok
test_small_screenshot_coordinate_error_also_finds_safe_full_round (tests.test_competition_simulation.AvoidanceOptimizationTests.test_small_screenshot_coordinate_error_also_finds_safe_full_round) ... ok
test_another_code_preserves_each_color_stack (tests.test_competition_simulation.CompetitionCodeTests.test_another_code_preserves_each_color_stack) ... ok
test_invalid_code_colors_slots_and_different_batches_rejected (tests.test_competition_simulation.CompetitionCodeTests.test_invalid_code_colors_slots_and_different_batches_rejected) ... ok
test_official_code_and_second_stack_by_color_not_second_rough_slot (tests.test_competition_simulation.CompetitionCodeTests.test_official_code_and_second_stack_by_color_not_second_rough_slot) ... ok
test_blocked_diagonal_docking_uses_safe_l_maneuvers (tests.test_competition_simulation.CompetitionFlowTests.test_blocked_diagonal_docking_uses_safe_l_maneuvers) ... ok
test_code_display_waits_for_qr_arrival_and_scan_action (tests.test_competition_simulation.CompetitionFlowTests.test_code_display_waits_for_qr_arrival_and_scan_action) ... ok
test_fake_completion_and_motion_during_action_are_rejected (tests.test_competition_simulation.CompetitionFlowTests.test_fake_completion_and_motion_during_action_are_rejected) ... ok
test_mecanum_round_compares_direction_cost_and_keeps_diagonal_docking (tests.test_competition_simulation.CompetitionFlowTests.test_mecanum_round_compares_direction_cost_and_keeps_diagonal_docking) ... ok
test_missing_cargo_fails_without_counting_a_placement (tests.test_competition_simulation.CompetitionFlowTests.test_missing_cargo_fails_without_counting_a_placement) ... ok
test_no_new_frame_cannot_advance_clock_actions_or_stages (tests.test_competition_simulation.CompetitionFlowTests.test_no_new_frame_cannot_advance_clock_actions_or_stages) ... ok
test_preflight_rejects_real_tracking_collision_even_if_geometry_is_safe (tests.test_competition_simulation.CompetitionFlowTests.test_preflight_rejects_real_tracking_collision_even_if_geometry_is_safe) ... ok
test_prepare_rejects_occupied_station_bad_margin_and_cancellation (tests.test_competition_simulation.CompetitionFlowTests.test_prepare_rejects_occupied_station_bad_margin_and_cancellation) ... ok
test_same_round_can_only_start_once (tests.test_competition_simulation.CompetitionFlowTests.test_same_round_can_only_start_once) ... ok
test_screenshot_one_obstacle_has_straight_lanes_and_no_raw_to_rough_strafe (tests.test_competition_simulation.CompetitionFlowTests.test_screenshot_one_obstacle_has_straight_lanes_and_no_raw_to_rough_strafe) ... ok
test_stop_and_version_changes_cancel_during_motion_and_work_without_restart (tests.test_competition_simulation.CompetitionFlowTests.test_stop_and_version_changes_cancel_during_motion_and_work_without_restart) ... ok
test_task_order_requires_all_rough_placements_before_retrieval_and_second_batch (tests.test_competition_simulation.CompetitionFlowTests.test_task_order_requires_all_rough_placements_before_retrieval_and_second_batch) ... ok
test_timeout_and_overlong_station_action_stop (tests.test_competition_simulation.CompetitionFlowTests.test_timeout_and_overlong_station_action_stop) ... ok
test_two_start_zones_complete_entire_round_with_actual_body_sweeps (tests.test_competition_simulation.CompetitionFlowTests.test_two_start_zones_complete_entire_round_with_actual_body_sweeps) ... ok
test_wrong_first_layer_cannot_count_a_stack (tests.test_competition_simulation.CompetitionFlowTests.test_wrong_first_layer_cannot_count_a_stack) ... ok
test_actual_pose_on_obstacle_stops_without_committing_more_motion (tests.test_competition_simulation.CompetitionObstacleTests.test_actual_pose_on_obstacle_stops_without_committing_more_motion) ... ok
test_central_blocker_forces_detour_instead_of_only_drawing_an_obstacle (tests.test_competition_simulation.CompetitionObstacleTests.test_central_blocker_forces_detour_instead_of_only_drawing_an_obstacle) ... ok
test_four_obstacles_both_zones_complete_with_every_actual_rectangle_sweep_safe (tests.test_competition_simulation.CompetitionObstacleTests.test_four_obstacles_both_zones_complete_with_every_actual_rectangle_sweep_safe) ... ok
test_invalid_obstacles_are_rejected_without_ignoring_them (tests.test_competition_simulation.CompetitionObstacleTests.test_invalid_obstacles_are_rejected_without_ignoring_them) ... ok
test_obstacle_snapshot_export_is_independent_and_map_has_no_duplicate_cylinders (tests.test_competition_simulation.CompetitionObstacleTests.test_obstacle_snapshot_export_is_independent_and_map_has_no_duplicate_cylinders) ... ok
test_occupied_start_or_station_and_disconnected_lanes_refuse_entire_round (tests.test_competition_simulation.CompetitionObstacleTests.test_occupied_start_or_station_and_disconnected_lanes_refuse_entire_round) ... ok
test_all_arc_radii_fail_explicitly_without_forcing_corner (tests.test_mecanum_planning.MecanumPlanningTests.test_all_arc_radii_fail_explicitly_without_forcing_corner) ... ok
test_checks_real_rectangle_orientation_in_narrow_corridor (tests.test_mecanum_planning.MecanumPlanningTests.test_checks_real_rectangle_orientation_in_narrow_corridor) ... ok
test_diagonal_translation_keeps_real_body_heading (tests.test_mecanum_planning.MecanumPlanningTests.test_diagonal_translation_keeps_real_body_heading) ... ok
test_direction_cost_distinguishes_forward_reverse_and_long_strafe (tests.test_mecanum_planning.MecanumPlanningTests.test_direction_cost_distinguishes_forward_reverse_and_long_strafe) ... ok
test_export_distinguishes_body_and_driving_direction (tests.test_mecanum_planning.MecanumPlanningTests.test_export_distinguishes_body_and_driving_direction) ... ok
test_fixed_and_reverse_arc_body_yaw_and_unwrap_are_continuous (tests.test_mecanum_planning.MecanumPlanningTests.test_fixed_and_reverse_arc_body_yaw_and_unwrap_are_continuous) ... ok
test_fixed_arc_interval_includes_center_sagitta_even_with_zero_yaw_change (tests.test_mecanum_planning.MecanumPlanningTests.test_fixed_arc_interval_includes_center_sagitta_even_with_zero_yaw_change) ... ok
test_fixed_heading_cannot_hide_sharp_velocity_corner (tests.test_mecanum_planning.MecanumPlanningTests.test_fixed_heading_cannot_hide_sharp_velocity_corner) ... ok
test_invalid_modes_and_tampered_heading_metadata_are_rejected (tests.test_mecanum_planning.MecanumPlanningTests.test_invalid_modes_and_tampered_heading_metadata_are_rejected) ... ok
test_non_ninety_degree_diagonal_corner_is_smooth_and_safe (tests.test_mecanum_planning.MecanumPlanningTests.test_non_ninety_degree_diagonal_corner_is_smooth_and_safe) ... ok
test_reverse_has_opposite_body_and_tangent_without_turning (tests.test_mecanum_planning.MecanumPlanningTests.test_reverse_has_opposite_body_and_tangent_without_turning) ... ok
test_reverse_stop_and_snapshot_change_cancel_before_more_motion (tests.test_mecanum_planning.MecanumPlanningTests.test_reverse_stop_and_snapshot_change_cancel_before_more_motion) ... ok
test_straight_lane_replaces_unnecessary_shallow_diagonal_but_checks_whole_body (tests.test_mecanum_planning.MecanumPlanningTests.test_straight_lane_replaces_unnecessary_shallow_diagonal_but_checks_whole_body) ... ok
test_calibration_inverse_applies_rotation_translation_to_ops (tests.test_hardware_trajectory.MatchPackingTests.test_calibration_inverse_applies_rotation_translation_to_ops) ... ok
test_click_fallback_stops_at_turns_and_never_forces_smoothing (tests.test_hardware_trajectory.MatchPackingTests.test_click_fallback_stops_at_turns_and_never_forces_smoothing) ... ok
test_click_path_initial_and_final_rotation_and_quantized_crc (tests.test_hardware_trajectory.MatchPackingTests.test_click_path_initial_and_final_rotation_and_quantized_crc) ... ok
test_full_match_quantized_crc_body_tangent_and_automatic_stations (tests.test_hardware_trajectory.MatchPackingTests.test_full_match_quantized_crc_body_tangent_and_automatic_stations) ... ok
test_future_real_action_wait_is_explicit_and_unknown_mode_rejected (tests.test_hardware_trajectory.MatchPackingTests.test_future_real_action_wait_is_explicit_and_unknown_mode_rejected) ... ok
test_map_verification_flag_does_not_block_batch_but_cancel_still_does (tests.test_hardware_trajectory.MatchPackingTests.test_map_verification_flag_does_not_block_batch_but_cancel_still_does) ... ok
test_incomplete_ready_and_old_firmware_capacity_fail_closed (tests.test_hardware_trajectory.UploaderTests.test_incomplete_ready_and_old_firmware_capacity_fail_closed) ... ok
test_invalid_session_and_timeout_cancel (tests.test_hardware_trajectory.UploaderTests.test_invalid_session_and_timeout_cancel) ... ok
test_old_batch_and_stale_upload_reply_cannot_rewind (tests.test_hardware_trajectory.UploaderTests.test_old_batch_and_stale_upload_reply_cannot_rewind) ... ok
test_rotation_center_fault_names_phase_and_keeps_stop (tests.test_hardware_trajectory.UploaderTests.test_rotation_center_fault_names_phase_and_keeps_stop) ... ok
test_status_parser_preserves_identical_progress_replies (tests.test_hardware_trajectory.UploaderTests.test_status_parser_preserves_identical_progress_replies) ... ok
test_upload_all_before_run_then_resume_does_not_resend (tests.test_hardware_trajectory.UploaderTests.test_upload_all_before_run_then_resume_does_not_resend) ... ok
test_both_zones_home_restores_zero_and_preserves_actual_alignment (tests.test_home_return.HomeReturnTests.test_both_zones_home_restores_zero_and_preserves_actual_alignment) ... ok
test_cancelled_home_cannot_produce_executable_path (tests.test_home_return.HomeReturnTests.test_cancelled_home_cannot_produce_executable_path) ... ok
test_home_does_not_reduce_margin_or_ignore_obstacles (tests.test_home_return.HomeReturnTests.test_home_does_not_reduce_margin_or_ignore_obstacles) ... ok
test_screenshot_negative_zero_reproduces_old_target_failure (tests.test_home_return.HomeReturnTests.test_screenshot_negative_zero_reproduces_old_target_failure) ... ok
test_unsafe_actual_alignment_is_rejected_without_rounding_pose (tests.test_home_return.HomeReturnTests.test_unsafe_actual_alignment_is_rejected_without_rounding_pose) ... ok
test_missing_unknown_boolean_nonfinite_and_range_rejected (tests.test_trajectory_settings.SettingsTests.test_missing_unknown_boolean_nonfinite_and_range_rejected) ... ok
test_old_nine_parameter_json_gets_new_speed_defaults (tests.test_trajectory_settings.SettingsTests.test_old_nine_parameter_json_gets_new_speed_defaults) ... ok
test_ui_ranges_match_actual_firmware_table (tests.test_trajectory_settings.SettingsTests.test_ui_ranges_match_actual_firmware_table) ... ok
test_valid_profile_and_default_units (tests.test_trajectory_settings.SettingsTests.test_valid_profile_and_default_units) ... ok
test_entire_match_executes_after_removing_all_dense_route_points (tests.test_segment_route.SegmentCompetitionTests.test_entire_match_executes_after_removing_all_dense_route_points) ... ok
test_arc_moves_and_changes_heading_without_waiting_at_endpoints (tests.test_segment_route.SegmentRouteTests.test_arc_moves_and_changes_heading_without_waiting_at_endpoints) ... ok
test_collinear_endpoints_merge_and_json_contains_no_sample_table (tests.test_segment_route.SegmentRouteTests.test_collinear_endpoints_merge_and_json_contains_no_sample_table) ... ok
test_invalid_geometry_and_turn_fallback_are_not_implicitly_connected (tests.test_segment_route.SegmentRouteTests.test_invalid_geometry_and_turn_fallback_are_not_implicitly_connected) ... ok
test_program_still_requires_full_rectangular_collision_recheck (tests.test_segment_route.SegmentRouteTests.test_program_still_requires_full_rectangular_collision_recheck) ... ok
test_segment_tracker_needs_only_geometry_and_matches_old_commands (tests.test_segment_route.SegmentRouteTests.test_segment_tracker_needs_only_geometry_and_matches_old_commands) ... ok
test_stop_and_map_version_change_cancel_without_residual_motion (tests.test_segment_route.SegmentRouteTests.test_stop_and_map_version_change_cancel_without_residual_motion) ... ok
test_stop_during_segment_recheck_does_not_block_or_accept_old_epoch (tests.test_segment_route.SegmentRouteTests.test_stop_during_segment_recheck_does_not_block_or_accept_old_epoch) ... ok
test_body_error_and_four_wheel_mixing_translate_and_turn_together (tests.test_coordinate_navigation.CoordinateTests.test_body_error_and_four_wheel_mixing_translate_and_turn_together) ... ok
test_both_start_zones_complete_without_arc_generator_or_dense_execution (tests.test_coordinate_navigation.CoordinateTests.test_both_start_zones_complete_without_arc_generator_or_dense_execution) ... ok
test_cancel_during_acceptance_cannot_restore_old_control (tests.test_coordinate_navigation.CoordinateTests.test_cancel_during_acceptance_cannot_restore_old_control) ... ok
test_changed_parameters_reject_stale_program_and_cancel_active (tests.test_coordinate_navigation.CoordinateTests.test_changed_parameters_reject_stale_program_and_cancel_active) ... ok
test_chassis_axis_gains_compensation_and_angular_units (tests.test_coordinate_navigation.CoordinateTests.test_chassis_axis_gains_compensation_and_angular_units) ... ok
test_coordinate_speed_uses_chassis_limit_without_old_250_cap (tests.test_coordinate_navigation.CoordinateTests.test_coordinate_speed_uses_chassis_limit_without_old_250_cap) ... ok
test_every_chassis_parameter_affects_coordinate_command (tests.test_coordinate_navigation.CoordinateTests.test_every_chassis_parameter_affects_coordinate_command) ... ok
test_final_stop_integrates_small_heading_residual_and_respects_zero_z_limit (tests.test_coordinate_navigation.CoordinateTests.test_final_stop_integrates_small_heading_residual_and_respects_zero_z_limit) ... ok
test_invalid_program_and_control_are_rejected (tests.test_coordinate_navigation.CoordinateTests.test_invalid_program_and_control_are_rejected) ... ok
test_lateral_limit_is_checked_during_replay (tests.test_coordinate_navigation.CoordinateTests.test_lateral_limit_is_checked_during_replay) ... ok
test_mid_path_obstacle_rejected_even_if_waypoints_safe (tests.test_coordinate_navigation.CoordinateTests.test_mid_path_obstacle_rejected_even_if_waypoints_safe) ... ok
test_nondefault_chassis_snapshot_is_shared_by_entire_match (tests.test_coordinate_navigation.CoordinateTests.test_nondefault_chassis_snapshot_is_shared_by_entire_match) ... ok
test_parameter_change_during_acceptance_cannot_install_stale_tracker (tests.test_coordinate_navigation.CoordinateTests.test_parameter_change_during_acceptance_cannot_install_stale_tracker) ... ok
test_pass_switches_while_moving_and_final_stop_settles (tests.test_coordinate_navigation.CoordinateTests.test_pass_switches_while_moving_and_final_stop_settles) ... ok
test_same_coordinate_hold_and_heading_alignment (tests.test_coordinate_navigation.CoordinateTests.test_same_coordinate_hold_and_heading_alignment) ... ok
test_shortest_angle_both_directions_across_180 (tests.test_coordinate_navigation.CoordinateTests.test_shortest_angle_both_directions_across_180) ... ok
test_stop_and_map_change_cancel_without_residual_motion (tests.test_coordinate_navigation.CoordinateTests.test_stop_and_map_change_cancel_without_residual_motion) ... ok
test_two_obstacle_zone2_return_uses_safe_mecanum_connector (tests.test_coordinate_navigation.CoordinateTests.test_two_obstacle_zone2_return_uses_safe_mecanum_connector) ... ok
test_zero_control_reports_no_progress_instead_of_hanging (tests.test_coordinate_navigation.CoordinateTests.test_zero_control_reports_no_progress_instead_of_hanging) ... ok
test_reply_on_startup_and_repeated_partial_rows_preserve_frame (tests.test_mixed_telemetry.MixedTelemetryTests.test_reply_on_startup_and_repeated_partial_rows_preserve_frame) ... ok
test_status_and_embedded_tail_preserve_every_pose_and_text (tests.test_mixed_telemetry.MixedTelemetryTests.test_status_and_embedded_tail_preserve_every_pose_and_text) ... ok
test_bad_initial_header_never_locks_onto_payload_inf (tests.test_crc_telemetry.CrcTelemetryTests.test_bad_initial_header_never_locks_onto_payload_inf) ... ok
test_batch_read_preserves_device_spacing_and_rejects_bad_frame_before_queue (tests.test_crc_telemetry.CrcTelemetryTests.test_batch_read_preserves_device_spacing_and_rejects_bad_frame_before_queue) ... ok
test_batched_mode_switch_does_not_enqueue_legacy_after_crc_is_observed (tests.test_crc_telemetry.CrcTelemetryTests.test_batched_mode_switch_does_not_enqueue_legacy_after_crc_is_observed) ... ok
test_each_byte_loss_insertion_bit_damage_only_delivers_intact_positions (tests.test_crc_telemetry.CrcTelemetryTests.test_each_byte_loss_insertion_bit_damage_only_delivers_intact_positions) ... ok
test_legacy_then_crc_text_chunking_and_no_fallback_after_corruption (tests.test_crc_telemetry.CrcTelemetryTests.test_legacy_then_crc_text_chunking_and_no_fallback_after_corruption) ... ok
test_no_corrupt_data_refreshes_link_freshness (tests.test_crc_telemetry.CrcTelemetryTests.test_no_corrupt_data_refreshes_link_freshness) ... ok
test_printable_payload_does_not_inject_parameters_or_status (tests.test_crc_telemetry.CrcTelemetryTests.test_printable_payload_does_not_inject_parameters_or_status) ... ok
test_renegotiate_crc_after_firmware_reset_without_replaying_motion (tests.test_crc_telemetry.CrcTelemetryTests.test_renegotiate_crc_after_firmware_reset_without_replaying_motion) ... ok
test_sequence_wrap_duplicates_reboot_and_invalid_position (tests.test_crc_telemetry.CrcTelemetryTests.test_sequence_wrap_duplicates_reboot_and_invalid_position) ... ok
test_add_defaults_without_replacing_map_or_modifying_input (tests.test_competition_profile.CompetitionProfileTests.test_add_defaults_without_replacing_map_or_modifying_input) ... ok
test_complete_user_profile_needs_no_default_file_and_is_idempotent (tests.test_competition_profile.CompetitionProfileTests.test_complete_user_profile_needs_no_default_file_and_is_idempotent) ... ok
test_damaged_default_template_reports_a_configuration_error (tests.test_competition_profile.CompetitionProfileTests.test_damaged_default_template_reports_a_configuration_error) ... ok
test_invalid_explicit_coordinates_and_layout_are_not_overwritten (tests.test_competition_profile.CompetitionProfileTests.test_invalid_explicit_coordinates_and_layout_are_not_overwritten) ... ok
test_partial_config_preserves_existing_station_and_fills_missing_fields (tests.test_competition_profile.CompetitionProfileTests.test_partial_config_preserves_existing_station_and_fills_missing_fields) ... ok
test_disconnected_graph_reports_no_optimum (tests.test_route_optimality.GraphOracleTests.test_disconnected_graph_reports_no_optimum) ... ok
test_exact_diagonal_and_turn_weighted_route_cost (tests.test_route_optimality.GraphOracleTests.test_exact_diagonal_and_turn_weighted_route_cost) ... ok
test_incoming_direction_state_is_required_for_optimal_bend_cost (tests.test_route_optimality.GraphOracleTests.test_incoming_direction_state_is_required_for_optimal_bend_cost) ... ok
test_all_costs_match_independent_exhaustive_simple_path_oracle (tests.test_route_optimality.OrderedSkeletonTests.test_all_costs_match_independent_exhaustive_simple_path_oracle) ... ok
test_budget_does_not_claim_search_exhausted_and_cancel_is_observed (tests.test_route_optimality.OrderedSkeletonTests.test_budget_does_not_claim_search_exhausted_and_cancel_is_observed) ... ok
test_budget_exhaustion_retains_safe_seed_without_false_optimality_claim (tests.test_route_optimality.OrderedSkeletonTests.test_budget_exhaustion_retains_safe_seed_without_false_optimality_claim) ... ok
test_cancel_interrupts_actual_optimizer_without_returning_incumbent (tests.test_route_optimality.OrderedSkeletonTests.test_cancel_interrupts_actual_optimizer_without_returning_incumbent) ... ok
test_controller_selection_beats_old_first_safe_and_compares_all_settings (tests.test_route_optimality.OrderedSkeletonTests.test_controller_selection_beats_old_first_safe_and_compares_all_settings) ... ok
test_core_time_limit_is_distinct_from_user_cancel (tests.test_route_optimality.OrderedSkeletonTests.test_core_time_limit_is_distinct_from_user_cancel) ... ok
test_deadline_retains_verified_incumbent_but_never_claims_optimum (tests.test_route_optimality.OrderedSkeletonTests.test_deadline_retains_verified_incumbent_but_never_claims_optimum) ... ok
test_deadline_without_incumbent_and_explicit_cancel_refuse_a_plan (tests.test_route_optimality.OrderedSkeletonTests.test_deadline_without_incumbent_and_explicit_cancel_refuse_a_plan) ... ok
test_missing_direct_edge_is_not_invented_by_collinear_compression (tests.test_route_optimality.OrderedSkeletonTests.test_missing_direct_edge_is_not_invented_by_collinear_compression) ... ok
test_replay_cache_respects_parameter_constraint_changes_and_cancellation (tests.test_route_optimality.OrderedSkeletonTests.test_replay_cache_respects_parameter_constraint_changes_and_cancellation) ... ok
test_turn_state_lower_bound_matches_independent_dijkstra (tests.test_route_optimality.OrderedSkeletonTests.test_turn_state_lower_bound_matches_independent_dijkstra) ... ok
test_upper_bound_prunes_only_provably_more_expensive_routes (tests.test_route_optimality.OrderedSkeletonTests.test_upper_bound_prunes_only_provably_more_expensive_routes) ... ok

----------------------------------------------------------------------
Ran 307 tests in 210.267s

OK

完成。本次仅无GUI测试；完整Qt验收请加 --qt。
