test_cancelling_home_cannot_leave_queued_goto (tests.test_hardware_trajectory_qt.HardwareQtTests.test_cancelling_home_cannot_leave_queued_goto) ... ok
test_click_disabled_wheels_cannot_upload_with_nominal_map (tests.test_hardware_trajectory_qt.HardwareQtTests.test_click_disabled_wheels_cannot_upload_with_nominal_map) ... ok
test_click_stale_ops_cannot_upload_with_nominal_map (tests.test_hardware_trajectory_qt.HardwareQtTests.test_click_stale_ops_cannot_upload_with_nominal_map) ... ok
test_coordinate_parameter_loss_retries_only_missing_without_starting_motion (tests.test_hardware_trajectory_qt.HardwareQtTests.test_coordinate_parameter_loss_retries_only_missing_without_starting_motion) ... ok
test_coordinate_parameter_timeout_names_missing_and_session_change_is_distinct (tests.test_hardware_trajectory_qt.HardwareQtTests.test_coordinate_parameter_timeout_names_missing_and_session_change_is_distinct) ... ok
test_disabling_map_collision_does_not_disable_wheel_or_link_gate (tests.test_hardware_trajectory_qt.HardwareQtTests.test_disabling_map_collision_does_not_disable_wheel_or_link_gate) ... ok
test_fault13_home_bypasses_planner_and_uses_selected_zone_mapping (tests.test_hardware_trajectory_qt.HardwareQtTests.test_fault13_home_bypasses_planner_and_uses_selected_zone_mapping) ... ok
test_home_cancels_for_map_wheels_stale_pose_timeout_or_session_change (tests.test_hardware_trajectory_qt.HardwareQtTests.test_home_cancels_for_map_wheels_stale_pose_timeout_or_session_change) ... ok
test_invalid_explicit_profile_is_rejected_without_upload (tests.test_hardware_trajectory_qt.HardwareQtTests.test_invalid_explicit_profile_is_rejected_without_upload) ... ok
test_manual_movement_cancels_direct_home_and_clears_stop_exception (tests.test_hardware_trajectory_qt.HardwareQtTests.test_manual_movement_cancels_direct_home_and_clears_stop_exception) ... ok
test_map_change_cancels_click_upload (tests.test_hardware_trajectory_qt.HardwareQtTests.test_map_change_cancels_click_upload) ... ok
test_map_change_during_preflight_cancels (tests.test_hardware_trajectory_qt.HardwareQtTests.test_map_change_during_preflight_cancels) ... ok
test_missing_competition_config_is_loaded_before_parameter_snapshot (tests.test_hardware_trajectory_qt.HardwareQtTests.test_missing_competition_config_is_loaded_before_parameter_snapshot) ... ok
test_missing_profile_at_zone_two_preserves_live_ops_and_obstacles (tests.test_hardware_trajectory_qt.HardwareQtTests.test_missing_profile_at_zone_two_preserves_live_ops_and_obstacles) ... ok
test_moving_after_stop_cannot_dispatch_home (tests.test_hardware_trajectory_qt.HardwareQtTests.test_moving_after_stop_cannot_dispatch_home) ... ok
test_new_serial_session_drops_sent_home_and_recovery_permission (tests.test_hardware_trajectory_qt.HardwareQtTests.test_new_serial_session_drops_sent_home_and_recovery_permission) ... ok
test_normal_cancel_and_completion_do_not_grant_direct_return (tests.test_hardware_trajectory_qt.HardwareQtTests.test_normal_cancel_and_completion_do_not_grant_direct_return) ... ok
test_normal_home_always_plans_even_with_click_planning_disabled (tests.test_hardware_trajectory_qt.HardwareQtTests.test_normal_home_always_plans_even_with_click_planning_disabled) ... ok
test_normal_home_with_negative_zero_heading_plans_and_uploads_to_zero (tests.test_hardware_trajectory_qt.HardwareQtTests.test_normal_home_with_negative_zero_heading_plans_and_uploads_to_zero) ... ok
test_parameter_readback_timeout_and_stop_cannot_start (tests.test_hardware_trajectory_qt.HardwareQtTests.test_parameter_readback_timeout_and_stop_cannot_start) ... ok
test_real_click_automatically_uploads_all_then_runs_without_goto (tests.test_hardware_trajectory_qt.HardwareQtTests.test_real_click_automatically_uploads_all_then_runs_without_goto) ... ok
test_real_click_supports_calibration_offsets_beyond_old_goto_range (tests.test_hardware_trajectory_qt.HardwareQtTests.test_real_click_supports_calibration_offsets_beyond_old_goto_range) ... ok
test_real_preflight_caps_and_stop_discard_pending_points (tests.test_hardware_trajectory_qt.HardwareQtTests.test_real_preflight_caps_and_stop_discard_pending_points) ... ok
test_runtime_collision_switch_only_controls_map_collision_check (tests.test_hardware_trajectory_qt.HardwareQtTests.test_runtime_collision_switch_only_controls_map_collision_check) ... ok
test_screenshot_current_pose_is_clear_and_sweep_reason_has_previous_pose (tests.test_hardware_trajectory_qt.HardwareQtTests.test_screenshot_current_pose_is_clear_and_sweep_reason_has_previous_pose) ... ok
test_silent_calibration_change_reports_changed_field_and_snapshot (tests.test_hardware_trajectory_qt.HardwareQtTests.test_silent_calibration_change_reports_changed_field_and_snapshot) ... ok
test_stale_telemetry_cancels_with_specific_reason_even_collision_off (tests.test_hardware_trajectory_qt.HardwareQtTests.test_stale_telemetry_cancels_with_specific_reason_even_collision_off) ... ok
test_stop_home_waits_for_written_stop_and_fresh_stationary_pose (tests.test_hardware_trajectory_qt.HardwareQtTests.test_stop_home_waits_for_written_stop_and_fresh_stationary_pose) ... ok
test_wrong_actual_start_refuses_without_zero (tests.test_hardware_trajectory_qt.HardwareQtTests.test_wrong_actual_start_refuses_without_zero) ... ok
test_qt_float_readback_reuses_cli_integer_margin_cache (tests.test_right_crane_qt.RightCraneQtTests.test_qt_float_readback_reuses_cli_integer_margin_cache) ... ok
test_quick_targets_use_right_crane_heading_for_clearance_and_route (tests.test_right_crane_qt.RightCraneQtTests.test_quick_targets_use_right_crane_heading_for_clearance_and_route) ... ok
test_simulation_preparation_preserves_dynamic_and_fixed_geometry (tests.test_right_crane_qt.RightCraneQtTests.test_simulation_preparation_preserves_dynamic_and_fixed_geometry) ... ok
test_station_click_overrides_free_heading_but_ordinary_click_does_not (tests.test_right_crane_qt.RightCraneQtTests.test_station_click_overrides_free_heading_but_ordinary_click_does_not) ... ok
test_bluetooth_default_and_dl20_independent_slow_state_are_visible (tests.test_wireless_telemetry_qt.WirelessQtTests.test_bluetooth_default_and_dl20_independent_slow_state_are_visible) ... ok
test_recent_pose_cannot_refresh_stale_dm_feedback (tests.test_wireless_telemetry_qt.WirelessQtTests.test_recent_pose_cannot_refresh_stale_dm_feedback) ... ok
test_repeated_timeouts_or_device_loss_close_connection (test_serial_lifecycle.SerialLifecycleTests.test_repeated_timeouts_or_device_loss_close_connection) ... ok
test_stop_during_read_keeps_all_io_in_worker (test_serial_lifecycle.SerialLifecycleTests.test_stop_during_read_keeps_all_io_in_worker) ... ok
test_stop_timestamp_requires_a_complete_successful_write (test_serial_lifecycle.SerialLifecycleTests.test_stop_timestamp_requires_a_complete_successful_write) ... ok
test_stop_while_port_is_opening (test_serial_lifecycle.SerialLifecycleTests.test_stop_while_port_is_opening) ... ok
test_write_timeout_preserves_rx_and_does_not_replay_command (test_serial_lifecycle.SerialLifecycleTests.test_write_timeout_preserves_rx_and_does_not_replay_command) ... ok
test_close_waits_for_worker_before_destroying_window (test_serial_lifecycle.WindowLifecycleTests.test_close_waits_for_worker_before_destroying_window) ... ok
test_nonfinite_telemetry_renders (test_serial_lifecycle.WindowLifecycleTests.test_nonfinite_telemetry_renders) ... ok
test_old_error_does_not_stop_new_session (test_serial_lifecycle.WindowLifecycleTests.test_old_error_does_not_stop_new_session) ... ok
test_reconnect_and_sim_wait_for_previous_worker (test_serial_lifecycle.WindowLifecycleTests.test_reconnect_and_sim_wait_for_previous_worker) ... ok
test_chassis_send_buttons_supply_all_coordinate_parameters (test_map_click_qt.MapClickQtTests.test_chassis_send_buttons_supply_all_coordinate_parameters) ... ok
test_chassis_send_cancels_entire_competition (test_map_click_qt.MapClickQtTests.test_chassis_send_cancels_entire_competition) ... ok
test_chassis_send_immediately_cancels_coordinate_follow (test_map_click_qt.MapClickQtTests.test_chassis_send_immediately_cancels_coordinate_follow) ... ok
test_continuous_arc_tracks_to_final_stop_and_draws_four_layers (test_map_click_qt.MapClickQtTests.test_continuous_arc_tracks_to_final_stop_and_draws_four_layers) ... ok
test_coordinate_click_executes_and_exports_coordinate_program (test_map_click_qt.MapClickQtTests.test_coordinate_click_executes_and_exports_coordinate_program) ... ok
test_direct_obstacle_list_change_is_caught_before_next_core_motion (test_map_click_qt.MapClickQtTests.test_direct_obstacle_list_change_is_caught_before_next_core_motion) ... ok
test_direct_sim_home_respects_selected_zone_mapping_stop_and_disabled (test_map_click_qt.MapClickQtTests.test_direct_sim_home_respects_selected_zone_mapping_stop_and_disabled) ... ok
test_dynamic_snapshot_is_drawn_and_invalidates_old_plan (test_map_click_qt.MapClickQtTests.test_dynamic_snapshot_is_drawn_and_invalidates_old_plan) ... ok
test_fast_click_and_optional_full_optimization_share_safe_entry (test_map_click_qt.MapClickQtTests.test_fast_click_and_optional_full_optimization_share_safe_entry) ... ok
test_invalid_click_displays_failure_without_motion (test_map_click_qt.MapClickQtTests.test_invalid_click_displays_failure_without_motion) ... ok
test_manual_and_random_obstacles_are_preserved_by_match_start (test_map_click_qt.MapClickQtTests.test_manual_and_random_obstacles_are_preserved_by_match_start) ... ok
test_map_version_change_cancels_core_and_all_planned_layers_immediately (test_map_click_qt.MapClickQtTests.test_map_version_change_cancels_core_and_all_planned_layers_immediately) ... ok
test_match_preflight_cancellation_bad_code_and_hardware_are_rejected (test_map_click_qt.MapClickQtTests.test_match_preflight_cancellation_bad_code_and_hardware_are_rejected) ... ok
test_match_stop_work_phase_and_map_changes_stop_before_next_frame (test_map_click_qt.MapClickQtTests.test_match_stop_work_phase_and_map_changes_stop_before_next_frame) ... ok
test_mid_match_stop_then_direct_sim_home_bypasses_obstacles_without_restart (test_map_click_qt.MapClickQtTests.test_mid_match_stop_then_direct_sim_home_bypasses_obstacles_without_restart) ... ok
test_mouse_click_reaches_planner_and_draws_route (test_map_click_qt.MapClickQtTests.test_mouse_click_reaches_planner_and_draws_route) ... ok
test_no_preset_button_and_explicit_obstacles_preserved_for_match_and_json (test_map_click_qt.MapClickQtTests.test_no_preset_button_and_explicit_obstacles_preserved_for_match_and_json) ... ok
test_normal_sim_home_plans_and_clear_path_does_not_grant_bypass (test_map_click_qt.MapClickQtTests.test_normal_sim_home_plans_and_clear_path_does_not_grant_bypass) ... ok
test_obstacle_edits_cancel_preflight_motion_and_work_without_late_restart (test_map_click_qt.MapClickQtTests.test_obstacle_edits_cancel_preflight_motion_and_work_without_late_restart) ... ok
test_obstacle_occupied_station_refuses_start_and_preserves_actual_vehicle_pose (test_map_click_qt.MapClickQtTests.test_obstacle_occupied_station_refuses_start_and_preserves_actual_vehicle_pose) ... ok
test_one_key_complete_match_both_start_zones_and_real_json_export (test_map_click_qt.MapClickQtTests.test_one_key_complete_match_both_start_zones_and_real_json_export) ... ok
test_pending_sim_wheel_disable_cannot_be_bypassed_by_direct_return (test_map_click_qt.MapClickQtTests.test_pending_sim_wheel_disable_cannot_be_bypassed_by_direct_return) ... ok
test_pivot_route_shows_center_and_runs_same_coordinate_controller (test_map_click_qt.MapClickQtTests.test_pivot_route_shows_center_and_runs_same_coordinate_controller) ... ok
test_quick_target_button_reaches_planner (test_map_click_qt.MapClickQtTests.test_quick_target_button_reaches_planner) ... ok
test_reverse_and_diagonal_arrows_follow_motion_while_reference_shows_body (test_map_click_qt.MapClickQtTests.test_reverse_and_diagonal_arrows_follow_motion_while_reference_shows_body) ... ok
test_safe_arc_preview_uses_samples_and_exports_arc_geometry (test_map_click_qt.MapClickQtTests.test_safe_arc_preview_uses_samples_and_exports_arc_geometry) ... ok
test_screenshot_two_obstacles_plan_and_complete_through_real_match_button (test_map_click_qt.MapClickQtTests.test_screenshot_two_obstacles_plan_and_complete_through_real_match_button) ... ok
test_sim_match_protective_stop_allows_one_direct_return (test_map_click_qt.MapClickQtTests.test_sim_match_protective_stop_allows_one_direct_return) ... ok
test_slot_submission_exception_is_shown_not_swallowed (test_map_click_qt.MapClickQtTests.test_slot_submission_exception_is_shown_not_swallowed) ... ok
test_trajectory_arrows_follow_unwrapped_cw_and_ccw_tangents_and_clear (test_map_click_qt.MapClickQtTests.test_trajectory_arrows_follow_unwrapped_cw_and_ccw_tangents_and_clear) ... ok

----------------------------------------------------------------------
Ran 74 tests in 107.186s

OK
