test_both_zones_home_restores_zero_and_preserves_actual_alignment (tests.test_home_return.HomeReturnTests.test_both_zones_home_restores_zero_and_preserves_actual_alignment) ... ok
test_cancelled_home_cannot_produce_executable_path (tests.test_home_return.HomeReturnTests.test_cancelled_home_cannot_produce_executable_path) ... ok
test_home_does_not_reduce_margin_or_ignore_obstacles (tests.test_home_return.HomeReturnTests.test_home_does_not_reduce_margin_or_ignore_obstacles) ... ok
test_screenshot_negative_zero_reproduces_old_target_failure (tests.test_home_return.HomeReturnTests.test_screenshot_negative_zero_reproduces_old_target_failure) ... ok
test_unsafe_actual_alignment_is_rejected_without_rounding_pose (tests.test_home_return.HomeReturnTests.test_unsafe_actual_alignment_is_rejected_without_rounding_pose) ... ok
test_adaptive_parallel_lanes_work_when_every_original_lane_is_blocked (tests.test_competition_simulation.AvoidanceOptimizationTests.test_adaptive_parallel_lanes_work_when_every_original_lane_is_blocked) ... ok
test_completed_ninety_degree_maneuver_has_no_residual_yaw_before_translation (tests.test_competition_simulation.AvoidanceOptimizationTests.test_completed_ninety_degree_maneuver_has_no_residual_yaw_before_translation) ... ok
test_screenshot_two_cylinders_complete_both_zones_with_all_actual_sweeps_safe (tests.test_competition_simulation.AvoidanceOptimizationTests.test_screenshot_two_cylinders_complete_both_zones_with_all_actual_sweeps_safe) ... ok
test_small_screenshot_coordinate_error_also_finds_safe_full_round (tests.test_competition_simulation.AvoidanceOptimizationTests.test_small_screenshot_coordinate_error_also_finds_safe_full_round) ... ok
test_another_code_preserves_each_color_stack (tests.test_competition_simulation.CompetitionCodeTests.test_another_code_preserves_each_color_stack) ... ok
test_invalid_code_colors_slots_and_different_batches_rejected (tests.test_competition_simulation.CompetitionCodeTests.test_invalid_code_colors_slots_and_different_batches_rejected) ... ok
test_official_code_and_second_stack_by_color_not_second_rough_slot (tests.test_competition_simulation.CompetitionCodeTests.test_official_code_and_second_stack_by_color_not_second_rough_slot) ... ok
test_blocked_diagonal_docking_uses_safe_l_maneuvers (tests.test_competition_simulation.CompetitionFlowTests.test_blocked_diagonal_docking_uses_safe_l_maneuvers) ... ok
test_code_display_waits_for_qr_arrival_and_scan_action (tests.test_competition_simulation.CompetitionFlowTests.test_code_display_waits_for_qr_arrival_and_scan_action) ... ok
test_fake_completion_and_motion_during_action_are_rejected (tests.test_competition_simulation.CompetitionFlowTests.test_fake_completion_and_motion_during_action_are_rejected) ... ok
test_mecanum_round_compares_direction_cost_and_keeps_diagonal_docking (tests.test_competition_simulation.CompetitionFlowTests.test_mecanum_round_compares_direction_cost_and_keeps_diagonal_docking) ... ok
test_missing_cargo_fails_without_counting_a_placement (tests.test_competition_simulation.CompetitionFlowTests.test_missing_cargo_fails_without_counting_a_placement) ... ok
test_no_new_frame_cannot_advance_clock_actions_or_stages (tests.test_competition_simulation.CompetitionFlowTests.test_no_new_frame_cannot_advance_clock_actions_or_stages) ... ok
test_preflight_rejects_real_tracking_collision_even_if_geometry_is_safe (tests.test_competition_simulation.CompetitionFlowTests.test_preflight_rejects_real_tracking_collision_even_if_geometry_is_safe) ... ok
test_prepare_rejects_occupied_station_bad_margin_and_cancellation (tests.test_competition_simulation.CompetitionFlowTests.test_prepare_rejects_occupied_station_bad_margin_and_cancellation) ... ok
test_same_round_can_only_start_once (tests.test_competition_simulation.CompetitionFlowTests.test_same_round_can_only_start_once) ... ok
test_screenshot_one_obstacle_has_straight_lanes_and_no_raw_to_rough_strafe (tests.test_competition_simulation.CompetitionFlowTests.test_screenshot_one_obstacle_has_straight_lanes_and_no_raw_to_rough_strafe) ... ok
test_stop_and_version_changes_cancel_during_motion_and_work_without_restart (tests.test_competition_simulation.CompetitionFlowTests.test_stop_and_version_changes_cancel_during_motion_and_work_without_restart) ... ok
test_task_order_requires_all_rough_placements_before_retrieval_and_second_batch (tests.test_competition_simulation.CompetitionFlowTests.test_task_order_requires_all_rough_placements_before_retrieval_and_second_batch) ... ok
test_timeout_and_overlong_station_action_stop (tests.test_competition_simulation.CompetitionFlowTests.test_timeout_and_overlong_station_action_stop) ... ok
test_two_start_zones_complete_entire_round_with_actual_body_sweeps (tests.test_competition_simulation.CompetitionFlowTests.test_two_start_zones_complete_entire_round_with_actual_body_sweeps) ... ok
test_wrong_first_layer_cannot_count_a_stack (tests.test_competition_simulation.CompetitionFlowTests.test_wrong_first_layer_cannot_count_a_stack) ... ok
test_actual_pose_on_obstacle_stops_without_committing_more_motion (tests.test_competition_simulation.CompetitionObstacleTests.test_actual_pose_on_obstacle_stops_without_committing_more_motion) ... ok
test_central_blocker_forces_detour_instead_of_only_drawing_an_obstacle (tests.test_competition_simulation.CompetitionObstacleTests.test_central_blocker_forces_detour_instead_of_only_drawing_an_obstacle) ... ok
test_four_obstacles_both_zones_complete_with_every_actual_rectangle_sweep_safe (tests.test_competition_simulation.CompetitionObstacleTests.test_four_obstacles_both_zones_complete_with_every_actual_rectangle_sweep_safe) ... ok
test_invalid_obstacles_are_rejected_without_ignoring_them (tests.test_competition_simulation.CompetitionObstacleTests.test_invalid_obstacles_are_rejected_without_ignoring_them) ... ok
test_obstacle_snapshot_export_is_independent_and_map_has_no_duplicate_cylinders (tests.test_competition_simulation.CompetitionObstacleTests.test_obstacle_snapshot_export_is_independent_and_map_has_no_duplicate_cylinders) ... ok
test_occupied_start_or_station_and_disconnected_lanes_refuse_entire_round (tests.test_competition_simulation.CompetitionObstacleTests.test_occupied_start_or_station_and_disconnected_lanes_refuse_entire_round) ... ok
test_adjacent_legal_rectangles_must_be_unioned (tests.test_navigation_safety.CoreSafetyTests.test_adjacent_legal_rectangles_must_be_unioned) ... ok
test_bounded_runtime (tests.test_navigation_safety.CoreSafetyTests.test_bounded_runtime) ... ok
test_cancelled_search (tests.test_navigation_safety.CoreSafetyTests.test_cancelled_search) ... ok
test_clearance_single_point_and_empty_obstacles (tests.test_navigation_safety.CoreSafetyTests.test_clearance_single_point_and_empty_obstacles) ... ok
test_clearance_uses_custom_scene (tests.test_navigation_safety.CoreSafetyTests.test_clearance_uses_custom_scene) ... ok
test_coarse_grid_edge_cannot_jump_over_cylinder (tests.test_navigation_safety.CoreSafetyTests.test_coarse_grid_edge_cannot_jump_over_cylinder) ... ok
test_concave_lane_sweep_cannot_cut_corner (tests.test_navigation_safety.CoreSafetyTests.test_concave_lane_sweep_cannot_cut_corner) ... ok
test_continuous_clearance_cannot_skip_midpoint (tests.test_navigation_safety.CoreSafetyTests.test_continuous_clearance_cannot_skip_midpoint) ... ok
test_default_material_goal_rejected (tests.test_navigation_safety.CoreSafetyTests.test_default_material_goal_rejected) ... ok
test_empty_whitelist_rejected (tests.test_navigation_safety.CoreSafetyTests.test_empty_whitelist_rejected) ... ok
test_first_and_last_connectors_checked (tests.test_navigation_safety.CoreSafetyTests.test_first_and_last_connectors_checked) ... ok
test_fixed_body_is_checked_and_hardware_gate_stays_closed (tests.test_navigation_safety.CoreSafetyTests.test_fixed_body_is_checked_and_hardware_gate_stays_closed) ... ok
test_fixed_rect_not_disc_and_diagonal_corner (tests.test_navigation_safety.CoreSafetyTests.test_fixed_rect_not_disc_and_diagonal_corner) ... ok
test_independent_dijkstra_40_scenes (tests.test_navigation_safety.CoreSafetyTests.test_independent_dijkstra_40_scenes)
独立参照：**状态=(格, 航向)** 的 Dijkstra，与 plan() 同一套动作代价。 ... ok
test_legal_region_not_just_absence_of_obstacles (tests.test_navigation_safety.CoreSafetyTests.test_legal_region_not_just_absence_of_obstacles) ... ok
test_nondivisible_grid_cannot_escape_wall (tests.test_navigation_safety.CoreSafetyTests.test_nondivisible_grid_cannot_escape_wall) ... ok
test_nonfinite_and_invalid_inputs_return_failure_not_exception (tests.test_navigation_safety.CoreSafetyTests.test_nonfinite_and_invalid_inputs_return_failure_not_exception) ... ok
test_pad_only_plan_is_not_car_execution_approval (tests.test_navigation_safety.CoreSafetyTests.test_pad_only_plan_is_not_car_execution_approval) ... ok
test_raw_connectors_and_cost_are_included (tests.test_navigation_safety.CoreSafetyTests.test_raw_connectors_and_cost_are_included) ... ok
test_self_intersecting_map_rejected (tests.test_navigation_safety.CoreSafetyTests.test_self_intersecting_map_rejected) ... ok
test_simplification_cannot_fallback_to_bad_adjacent_edge (tests.test_navigation_safety.CoreSafetyTests.test_simplification_cannot_fallback_to_bad_adjacent_edge) ... ok
test_start_equals_goal_no_division_by_zero (tests.test_navigation_safety.CoreSafetyTests.test_start_equals_goal_no_division_by_zero) ... ok
test_swept_polygon_not_just_corners (tests.test_navigation_safety.CoreSafetyTests.test_swept_polygon_not_just_corners) ... ok
test_two_point_simplification_checks_segment (tests.test_navigation_safety.CoreSafetyTests.test_two_point_simplification_checks_segment) ... ok
test_vehicle_centre_on_outer_boundary_rejected (tests.test_navigation_safety.CoreSafetyTests.test_vehicle_centre_on_outer_boundary_rejected) ... ok
test_whole_body_outside_boundary (tests.test_navigation_safety.CoreSafetyTests.test_whole_body_outside_boundary) ... ok
test_cost_weights_are_applied_per_action (tests.test_navigation_safety.HeadingPlanTests.test_cost_weights_are_applied_per_action) ... ok
test_forbidding_strafe_turns_instead (tests.test_navigation_safety.HeadingPlanTests.test_forbidding_strafe_turns_instead)
禁横移 + 有转向空间时改用原地转向；操作区多边形可放开横移。 ... ok
test_raised_lateral_cost_never_increases_lateral_distance (tests.test_navigation_safety.HeadingPlanTests.test_raised_lateral_cost_never_increases_lateral_distance)
提高横移系数后，同一对起终点的横移总距离不会增加（需求 6）。 ... ok
test_start_heading_must_match_footprint (tests.test_navigation_safety.HeadingPlanTests.test_start_heading_must_match_footprint)
车体朝向与起始航向不一致必须显式拒绝，不能静默换朝向求解。 ... ok
test_steps_report_x_y_heading_action (tests.test_navigation_safety.HeadingPlanTests.test_steps_report_x_y_heading_action)
回溯必须给出 x,y,heading,action，且动作与"当时航向"自洽；没有圆弧。 ... ok
test_every_segment_is_axis_aligned (tests.test_navigation_safety.ManhattanPlanTests.test_every_segment_is_axis_aligned)
覆盖：同侧直达、需绕行、端点不在网格上、同列、长对角。 ... ok
test_obstacles_keep_right_angles_and_clearance (tests.test_navigation_safety.ManhattanPlanTests.test_obstacles_keep_right_angles_and_clearance) ... ok
test_simplification_keeps_right_angles_and_never_lengthens (tests.test_navigation_safety.ManhattanPlanTests.test_simplification_keeps_right_angles_and_never_lengthens)
共线合并只删同方向中间点：直角保留、长度不变、航点数不增加。 ... ok
test_hardcoded_quick_target_removed_and_still_illegal (tests.test_navigation_safety.MapDataComplianceTests.test_hardcoded_quick_target_removed_and_still_illegal)
旧写死坐标必须已删除，且在同一模型下仍判非法（防止校验被放松）。 ... ok
test_map_matches_rulebook_dimensions (tests.test_navigation_safety.MapDataComplianceTests.test_map_matches_rulebook_dimensions) ... ok
test_quick_targets_are_legal_for_every_heading (tests.test_navigation_safety.MapDataComplianceTests.test_quick_targets_are_legal_for_every_heading) ... ok
test_turntable_declared_position_and_radius (tests.test_navigation_safety.MapDataComplianceTests.test_turntable_declared_position_and_radius) ... ok
test_corner_and_turn_are_not_the_same_thing (tests.test_navigation_safety.PathAxesTests.test_corner_and_turn_are_not_the_same_thing)
几何角点未必有转向；原地转向也未必留角点。 ... ok
test_diagonal_segment_is_rejected (tests.test_navigation_safety.PathAxesTests.test_diagonal_segment_is_rejected) ... ok
test_l_shape_has_two_segments_and_one_left_corner (tests.test_navigation_safety.PathAxesTests.test_l_shape_has_two_segments_and_one_left_corner) ... ok
test_line_has_two_segments_and_no_corner (tests.test_navigation_safety.PathAxesTests.test_line_has_two_segments_and_no_corner) ... ok
test_only_duplicate_points_are_dropped (tests.test_navigation_safety.PathAxesTests.test_only_duplicate_points_are_dropped)
geometry_axes 的压缩只有"删重复点"这一条：共线中间点在这里**不**删。 ... ok
test_real_plan_segments_keep_ledger_semantics (tests.test_navigation_safety.PathAxesTests.test_real_plan_segments_keep_ledger_semantics)
真实规划：每段/每角都来自台账，折线严格轴对齐。 ... ok
test_u_shape_keeps_axis_alignment (tests.test_navigation_safety.PathAxesTests.test_u_shape_keeps_axis_alignment)
∩ 形（右→上→左）是连续两次左转；∪ 形才是两次右转。 ... ok
test_z_shape_has_three_segments_and_two_opposite_corners (tests.test_navigation_safety.PathAxesTests.test_z_shape_has_three_segments_and_two_opposite_corners) ... ok
test_circle_table_is_phi50 (tests.test_navigation_safety.SimulatedObstacleTests.test_circle_table_is_phi50) ... ok
test_placement_rejects_conflicts_and_edge (tests.test_navigation_safety.SimulatedObstacleTests.test_placement_rejects_conflicts_and_edge) ... ok
test_plan_must_avoid_simulated_obstacle (tests.test_navigation_safety.SimulatedObstacleTests.test_plan_must_avoid_simulated_obstacle) ... ok
test_random_placement_is_legal_and_reports_shortfall (tests.test_navigation_safety.SimulatedObstacleTests.test_random_placement_is_legal_and_reports_shortfall) ... ok
test_random_placement_keeps_clear_of_given_area (tests.test_navigation_safety.SimulatedObstacleTests.test_random_placement_keeps_clear_of_given_area) ... ok
test_limit_zero_matches_the_old_hard_forbid (tests.test_navigation_safety.StrafeRunLimitTests.test_limit_zero_matches_the_old_hard_forbid)
上限 0 与 allow_strafe=False 必须等价（同一约束的两种写法）。 ... ok
test_long_continuous_strafe_is_cut_to_the_limit (tests.test_navigation_safety.StrafeRunLimitTests.test_long_continuous_strafe_is_cut_to_the_limit)
转向很贵时规划器本来会一口气横移 1450mm；加上限后必须切成一节一节。 ... ok
test_no_limit_keeps_the_previous_behaviour (tests.test_navigation_safety.StrafeRunLimitTests.test_no_limit_keeps_the_previous_behaviour)
不设上限时结果与"给了个足够大的上限"完全一致（默认行为没变）。 ... ok
test_operation_area_is_exempt_from_the_limit (tests.test_navigation_safety.StrafeRunLimitTests.test_operation_area_is_exempt_from_the_limit)
操作区（strafe_polygons）内不受上限约束，横移额度不占。 ... ok
test_raising_the_limit_never_increases_cost (tests.test_navigation_safety.StrafeRunLimitTests.test_raising_the_limit_never_increases_cost)
上限放宽＝可行集变大：最优代价单调不增，可行解不会反而消失。 ... ok
test_short_strafe_lets_the_car_leave_the_start_pocket (tests.test_navigation_safety.StrafeRunLimitTests.test_short_strafe_lets_the_car_leave_the_start_pocket)
出启停区角落要横移 150mm：上限 500mm 时照常可用，0 才是完全禁横移。 ... ok
test_steps_ledger_carries_the_running_strafe_length (tests.test_navigation_safety.StrafeRunLimitTests.test_steps_ledger_carries_the_running_strafe_length)
台账每步的 strafe_run_mm 必须与动作自洽，且不超上限（非操作区）。 ... ok
test_actual_motion_guard_cancels_collision (tests.test_navigation_safety.UiLogicTests.test_actual_motion_guard_cancels_collision) ... ok
test_actual_start_drift_requires_replan (tests.test_navigation_safety.UiLogicTests.test_actual_start_drift_requires_replan) ... ok
test_async_request_then_poll (tests.test_navigation_safety.UiLogicTests.test_async_request_then_poll) ... ok
test_cancel_drops_simulators_own_pending_goal (tests.test_navigation_safety.UiLogicTests.test_cancel_drops_simulators_own_pending_goal) ... ok
test_cancel_pending_background_search (tests.test_navigation_safety.UiLogicTests.test_cancel_pending_background_search) ... ok
test_cannot_start_unverified_injected_point_list (tests.test_navigation_safety.UiLogicTests.test_cannot_start_unverified_injected_point_list) ... ok
test_changed_map_without_signal_is_detected_before_start (tests.test_navigation_safety.UiLogicTests.test_changed_map_without_signal_is_detected_before_start) ... ok
test_clear_path_stops_current_goal (tests.test_navigation_safety.UiLogicTests.test_clear_path_stops_current_goal) ... ok
test_fallback_turn_route_is_refused_by_continuous_tracker (tests.test_navigation_safety.UiLogicTests.test_fallback_turn_route_is_refused_by_continuous_tracker)
保留原地转向的fallback不能伪装成连续Trajectory。 ... ok
test_goal_yaw_enters_planning_context_without_implicit_rotation (tests.test_navigation_safety.UiLogicTests.test_goal_yaw_enters_planning_context_without_implicit_rotation) ... ok
test_mapping_change_invalidates_plan (tests.test_navigation_safety.UiLogicTests.test_mapping_change_invalidates_plan) ... ok
test_mapping_roundtrip (tests.test_navigation_safety.UiLogicTests.test_mapping_roundtrip) ... ok
test_old_background_result_is_ignored (tests.test_navigation_safety.UiLogicTests.test_old_background_result_is_ignored) ... ok
test_old_goal_epoch_cannot_restart (tests.test_navigation_safety.UiLogicTests.test_old_goal_epoch_cannot_restart) ... ok
test_old_zero_errors_not_current_goal_completion (tests.test_navigation_safety.UiLogicTests.test_old_zero_errors_not_current_goal_completion) ... ok
test_plan_does_not_emit_serial_commands (tests.test_navigation_safety.UiLogicTests.test_plan_does_not_emit_serial_commands) ... ok
test_queue_cancel_discards_only_motion (tests.test_navigation_safety.UiLogicTests.test_queue_cancel_discards_only_motion) ... ok
test_rejected_target_invalidates_old_plan (tests.test_navigation_safety.UiLogicTests.test_rejected_target_invalidates_old_plan) ... ok
test_replan_cancels_old_snapshot (tests.test_navigation_safety.UiLogicTests.test_replan_cancels_old_snapshot) ... ok
test_route_executes_in_real_simulator_with_full_body_checks (tests.test_navigation_safety.UiLogicTests.test_route_executes_in_real_simulator_with_full_body_checks) ... ok
test_same_frame_cannot_accumulate_settle (tests.test_navigation_safety.UiLogicTests.test_same_frame_cannot_accumulate_settle) ... ok
test_simulation_stays_gated_from_real_serial (tests.test_navigation_safety.UiLogicTests.test_simulation_stays_gated_from_real_serial) ... ok
test_stale_sim_pose_stops (tests.test_navigation_safety.UiLogicTests.test_stale_sim_pose_stops) ... ok
test_stop_button_stops_current_goal_not_only_timer (tests.test_navigation_safety.UiLogicTests.test_stop_button_stops_current_goal_not_only_timer) ... ok
test_strafe_limit_check_reaches_the_planner (tests.test_navigation_safety.UiLogicTests.test_strafe_limit_check_reaches_the_planner)
勾上「限制长距离横移」后上限必须真的进规划器；调到 0 = 完全禁横移，如实报错。 ... ok
test_timeout_stops_current_goal (tests.test_navigation_safety.UiLogicTests.test_timeout_stops_current_goal) ... ok
test_unsafe_goal_cannot_start_simulation (tests.test_navigation_safety.UiLogicTests.test_unsafe_goal_cannot_start_simulation) ... ok
test_urgent_stop_prevents_queued_goal_replay (tests.test_navigation_safety.UiLogicTests.test_urgent_stop_prevents_queued_goal_replay) ... ok
test_wheel_disabled_cannot_start (tests.test_navigation_safety.UiLogicTests.test_wheel_disabled_cannot_start) ... ok
test_zero_offset_wheel_changes_invalidate_navigation (tests.test_navigation_safety.UiLogicTests.test_zero_offset_wheel_changes_invalidate_navigation) ... ok
test_actual_click_handler_starts_worker_and_displays_result (tests.test_map_click_regression.MapClickRegressionTests.test_actual_click_handler_starts_worker_and_displays_result) ... ok
test_cancel_clears_pending_request_and_event_reference (tests.test_map_click_regression.MapClickRegressionTests.test_cancel_clears_pending_request_and_event_reference) ... ok
test_event_creation_error_is_visible (tests.test_map_click_regression.MapClickRegressionTests.test_event_creation_error_is_visible) ... ok
test_invalid_goal_shows_rejection_instead_of_silent_click (tests.test_map_click_regression.MapClickRegressionTests.test_invalid_goal_shows_rejection_instead_of_silent_click) ... ok
test_latest_click_wins (tests.test_map_click_regression.MapClickRegressionTests.test_latest_click_wins) ... ok
test_log_io_error_does_not_hide_original_error (tests.test_map_click_regression.MapClickRegressionTests.test_log_io_error_does_not_hide_original_error) ... ok
test_missing_production_import_is_not_injected_by_test_helper (tests.test_map_click_regression.MapClickRegressionTests.test_missing_production_import_is_not_injected_by_test_helper) ... ok
test_nonfinite_goal_is_rejected_before_worker (tests.test_map_click_regression.MapClickRegressionTests.test_nonfinite_goal_is_rejected_before_worker) ... ok
test_offline_click_plans_without_simulator_or_serial (tests.test_map_click_regression.MapClickRegressionTests.test_offline_click_plans_without_simulator_or_serial) ... ok
test_offline_home_button_uses_async_planning_in_planning_mode (tests.test_map_click_regression.MapClickRegressionTests.test_offline_home_button_uses_async_planning_in_planning_mode) ... ok
test_result_presentation_error_clears_partial_plan (tests.test_map_click_regression.MapClickRegressionTests.test_result_presentation_error_clears_partial_plan) ... ok
test_stale_exception_cannot_clear_newer_plan (tests.test_map_click_regression.MapClickRegressionTests.test_stale_exception_cannot_clear_newer_plan) ... ok
test_submit_error_is_visible_and_next_click_can_recover (tests.test_map_click_regression.MapClickRegressionTests.test_submit_error_is_visible_and_next_click_can_recover) ... ok
test_threading_binding_comes_from_main_import (tests.test_map_click_regression.MapClickRegressionTests.test_threading_binding_comes_from_main_import) ... ok
test_unexpected_preparation_error_is_visible (tests.test_map_click_regression.MapClickRegressionTests.test_unexpected_preparation_error_is_visible) ... ok
test_worker_error_is_visible (tests.test_map_click_regression.MapClickRegressionTests.test_worker_error_is_visible) ... ok
test_calibration_inverse_applies_rotation_translation_to_ops (tests.test_hardware_trajectory.MatchPackingTests.test_calibration_inverse_applies_rotation_translation_to_ops) ... ok
test_click_fallback_stops_at_turns_and_never_forces_smoothing (tests.test_hardware_trajectory.MatchPackingTests.test_click_fallback_stops_at_turns_and_never_forces_smoothing) ... ok
test_click_path_initial_and_final_rotation_and_quantized_crc (tests.test_hardware_trajectory.MatchPackingTests.test_click_path_initial_and_final_rotation_and_quantized_crc) ... ok
test_full_match_quantized_crc_body_tangent_and_automatic_stations (tests.test_hardware_trajectory.MatchPackingTests.test_full_match_quantized_crc_body_tangent_and_automatic_stations) ... ok
test_future_real_action_wait_is_explicit_and_unknown_mode_rejected (tests.test_hardware_trajectory.MatchPackingTests.test_future_real_action_wait_is_explicit_and_unknown_mode_rejected) ... ok
test_map_verification_flag_does_not_block_batch_but_cancel_still_does (tests.test_hardware_trajectory.MatchPackingTests.test_map_verification_flag_does_not_block_batch_but_cancel_still_does) ... ok
test_incomplete_ready_and_old_firmware_capacity_fail_closed (tests.test_hardware_trajectory.UploaderTests.test_incomplete_ready_and_old_firmware_capacity_fail_closed) ... ok
test_invalid_context_preserves_specific_reason_and_stop_before_run (tests.test_hardware_trajectory.UploaderTests.test_invalid_context_preserves_specific_reason_and_stop_before_run) ... ok
test_invalid_session_and_timeout_cancel (tests.test_hardware_trajectory.UploaderTests.test_invalid_session_and_timeout_cancel) ... ok
test_old_batch_and_stale_upload_reply_cannot_rewind (tests.test_hardware_trajectory.UploaderTests.test_old_batch_and_stale_upload_reply_cannot_rewind) ... ok
test_rotation_center_fault_names_phase_and_keeps_stop (tests.test_hardware_trajectory.UploaderTests.test_rotation_center_fault_names_phase_and_keeps_stop) ... ok
test_status_parser_preserves_identical_progress_replies (tests.test_hardware_trajectory.UploaderTests.test_status_parser_preserves_identical_progress_replies) ... ok
test_upload_all_before_run_then_resume_does_not_resend (tests.test_hardware_trajectory.UploaderTests.test_upload_all_before_run_then_resume_does_not_resend) ... ok
test_backpressure_and_recovery_keep_dl20_mode (tests.test_wireless_telemetry.WirelessTelemetryTests.test_backpressure_and_recovery_keep_dl20_mode) ... ok
test_corruption_noise_and_loss_recover_without_delta_dependency (tests.test_wireless_telemetry.WirelessTelemetryTests.test_corruption_noise_and_loss_recover_without_delta_dependency) ... ok
test_invalid_pose_and_duplicates_never_refresh (tests.test_wireless_telemetry.WirelessTelemetryTests.test_invalid_pose_and_duplicates_never_refresh) ... ok
test_normal_upload_is_paced_and_clear_cannot_leave_a_deferred_command (tests.test_wireless_telemetry.WirelessTelemetryTests.test_normal_upload_is_paced_and_clear_cannot_leave_a_deferred_command) ... ok
test_reboot_and_missing_full_do_not_invent_slow_channels (tests.test_wireless_telemetry.WirelessTelemetryTests.test_reboot_and_missing_full_do_not_invent_slow_channels) ... ok
test_split_mixed_full_pose_text_and_crc1 (tests.test_wireless_telemetry.WirelessTelemetryTests.test_split_mixed_full_pose_text_and_crc1) ... ok
test_worker_records_present_channels_and_full_feedback_age (tests.test_wireless_telemetry.WirelessTelemetryTests.test_worker_records_present_channels_and_full_feedback_age) ... ok

----------------------------------------------------------------------
Ran 157 tests in 110.889s

OK
