test_continuous_arc_tracks_to_final_stop_and_draws_four_layers (test_map_click_qt.MapClickQtTests.test_continuous_arc_tracks_to_final_stop_and_draws_four_layers) ... ERROR
test_one_key_complete_match_both_start_zones_and_real_json_export (test_map_click_qt.MapClickQtTests.test_one_key_complete_match_both_start_zones_and_real_json_export) ... ok

======================================================================
ERROR: test_continuous_arc_tracks_to_final_stop_and_draws_four_layers (test_map_click_qt.MapClickQtTests.test_continuous_arc_tracks_to_final_stop_and_draws_four_layers)
----------------------------------------------------------------------
Traceback (most recent call last):
  File "E:\STM32\STM32F407VET6_ILHC\HostTools\ILHC_Debugger\ILHC_Qt_v2\test_map_click_qt.py", line 324, in test_continuous_arc_tracks_to_final_stop_and_draws_four_layers
    self.assertEqual(main.json.loads((log_path/'runs'/run_id/'result.json').read_text(encoding='utf-8'))['status'],'COMPLETE')
                                     ~~~~~~~~~~~~~~~~~~~~~~~~~~~~~~~~~~~~~~~~~~~~~~~~^^^^^^^^^^^^^^^^^^
  File "C:\Users\Yuzi\AppData\Local\Programs\Python\Python313\Lib\pathlib\_local.py", line 546, in read_text
    return PathBase.read_text(self, encoding, errors, newline)
           ~~~~~~~~~~~~~~~~~~^^^^^^^^^^^^^^^^^^^^^^^^^^^^^^^^^
  File "C:\Users\Yuzi\AppData\Local\Programs\Python\Python313\Lib\pathlib\_abc.py", line 632, in read_text
    with self.open(mode='r', encoding=encoding, errors=errors, newline=newline) as f:
         ~~~~~~~~~^^^^^^^^^^^^^^^^^^^^^^^^^^^^^^^^^^^^^^^^^^^^^^^^^^^^^^^^^^^^^
  File "C:\Users\Yuzi\AppData\Local\Programs\Python\Python313\Lib\pathlib\_local.py", line 537, in open
    return io.open(self, mode, buffering, encoding, errors, newline)
           ~~~~~~~^^^^^^^^^^^^^^^^^^^^^^^^^^^^^^^^^^^^^^^^^^^^^^^^^^
FileNotFoundError: [Errno 2] No such file or directory: 'E:\\STM32\\STM32F407VET6_ILHC\\HostTools\\ILHC_Debugger\\ILHC_Qt_v2\\records\\offline_validation_20261006_run_scoped\\20261006_225300_576510_SIM_e63ad8e7\\runs\\d0c63f012bfa4b8aaf1f2d77781f823d\\result.json'

----------------------------------------------------------------------
Ran 2 tests in 6.502s

FAILED (errors=1)
