test_both_maps_use_measured_display_coordinates_without_second_mount_compensation (tests.test_station_calibration.StationCalibrationTests.test_both_maps_use_measured_display_coordinates_without_second_mount_compensation) ... ok
test_calibration_translates_devices_and_keeps_dimensions_and_fixed_exclusions (tests.test_station_calibration.StationCalibrationTests.test_calibration_translates_devices_and_keeps_dimensions_and_fixed_exclusions) ... ok
test_storage_to_zone_two_route_tolerates_bounded_arrival_pose_residual (tests.test_station_calibration.StationCalibrationTests.test_storage_to_zone_two_route_tolerates_bounded_arrival_pose_residual) ... ok
test_add_defaults_without_replacing_map_or_modifying_input (tests.test_competition_profile.CompetitionProfileTests.test_add_defaults_without_replacing_map_or_modifying_input) ... ok
test_complete_user_profile_needs_no_default_file_and_is_idempotent (tests.test_competition_profile.CompetitionProfileTests.test_complete_user_profile_needs_no_default_file_and_is_idempotent) ... ok
test_damaged_default_template_reports_a_configuration_error (tests.test_competition_profile.CompetitionProfileTests.test_damaged_default_template_reports_a_configuration_error) ... ok
test_invalid_explicit_coordinates_and_layout_are_not_overwritten (tests.test_competition_profile.CompetitionProfileTests.test_invalid_explicit_coordinates_and_layout_are_not_overwritten) ... ok
test_partial_config_preserves_existing_station_and_fills_missing_fields (tests.test_competition_profile.CompetitionProfileTests.test_partial_config_preserves_existing_station_and_fills_missing_fields) ... ok
test_added_obstacle_forces_revalidation_and_safe_alternative (tests.test_right_crane_routes.RightCraneMatchTests.test_added_obstacle_forces_revalidation_and_safe_alternative) ... ok
test_both_zones_actual_station_heading_and_quantized_batch_are_correct (tests.test_right_crane_routes.RightCraneMatchTests.test_both_zones_actual_station_heading_and_quantized_batch_are_correct) ... ok
test_no_obstacles_use_disk_routes_and_new_code_keeps_correct_actions (tests.test_right_crane_routes.RightCraneMatchTests.test_no_obstacles_use_disk_routes_and_new_code_keeps_correct_actions) ... ok
test_cli_and_qt_equivalent_integer_float_values_share_disk_routes (tests.test_right_crane_routes.RouteStoreTests.test_cli_and_qt_equivalent_integer_float_values_share_disk_routes) ... ok
test_corrupted_or_cancelled_cache_cannot_supply_motion (tests.test_right_crane_routes.RouteStoreTests.test_corrupted_or_cancelled_cache_cannot_supply_motion) ... ok
test_disk_roundtrip_and_returned_copy_cannot_mutate_saved_program (tests.test_right_crane_routes.RouteStoreTests.test_disk_roundtrip_and_returned_copy_cannot_mutate_saved_program) ... ok
test_geometry_gain_margin_and_algorithm_changes_invalidate_cache (tests.test_right_crane_routes.RouteStoreTests.test_geometry_gain_margin_and_algorithm_changes_invalidate_cache) ... ok
test_invalid_work_area_cannot_silently_use_old_heading (tests.test_right_crane_routes.WorkOrientationTests.test_invalid_work_area_cannot_silently_use_old_heading) ... ok
test_right_vector_points_at_each_area_and_moves_with_station (tests.test_right_crane_routes.WorkOrientationTests.test_right_vector_points_at_each_area_and_moves_with_station) ... ok

----------------------------------------------------------------------
Ran 17 tests in 7.572s

OK
