test_calibration_inverse_applies_rotation_translation_to_ops (tests.test_hardware_trajectory.MatchPackingTests.test_calibration_inverse_applies_rotation_translation_to_ops) ... ok
test_demo_map_and_cancel_do_not_produce_payload (tests.test_hardware_trajectory.MatchPackingTests.test_demo_map_and_cancel_do_not_produce_payload) ... ok
test_full_match_quantized_crc_body_tangent_and_waits (tests.test_hardware_trajectory.MatchPackingTests.test_full_match_quantized_crc_body_tangent_and_waits) ... ok
test_incomplete_ready_and_old_firmware_capacity_fail_closed (tests.test_hardware_trajectory.UploaderTests.test_incomplete_ready_and_old_firmware_capacity_fail_closed) ... ok
test_invalid_session_and_timeout_cancel (tests.test_hardware_trajectory.UploaderTests.test_invalid_session_and_timeout_cancel) ... ok
test_old_batch_and_stale_upload_reply_cannot_rewind (tests.test_hardware_trajectory.UploaderTests.test_old_batch_and_stale_upload_reply_cannot_rewind) ... ok
test_status_parser_preserves_identical_progress_replies (tests.test_hardware_trajectory.UploaderTests.test_status_parser_preserves_identical_progress_replies) ... ok
test_upload_all_before_run_then_resume_does_not_resend (tests.test_hardware_trajectory.UploaderTests.test_upload_all_before_run_then_resume_does_not_resend) ... ok
test_map_change_during_preflight_cancels (tests.test_hardware_trajectory_qt.HardwareQtTests.test_map_change_during_preflight_cancels) ... ok
test_real_preflight_caps_and_stop_discard_pending_points (tests.test_hardware_trajectory_qt.HardwareQtTests.test_real_preflight_caps_and_stop_discard_pending_points) ... ok
test_uncalibrated_map_refuses_real_upload (tests.test_hardware_trajectory_qt.HardwareQtTests.test_uncalibrated_map_refuses_real_upload) ... ok
test_wrong_actual_start_refuses_without_zero (tests.test_hardware_trajectory_qt.HardwareQtTests.test_wrong_actual_start_refuses_without_zero) ... ok
test_adjacent_arcs_exact_join_is_single_station (tests.test_trajectory.TrajectoryGeometryTests.test_adjacent_arcs_exact_join_is_single_station) ... ok
test_arc_segment_object_cw_ccw_all_radii_uses_true_arclength (tests.test_trajectory.TrajectoryGeometryTests.test_arc_segment_object_cw_ccw_all_radii_uses_true_arclength) ... ok
test_empty_missing_body_invalid_geometry_and_sample_resource_limit (tests.test_trajectory.TrajectoryGeometryTests.test_empty_missing_body_invalid_geometry_and_sample_resource_limit) ... ok
test_fallback_turn_and_sharp_corner_are_not_fake_continuous_paths (tests.test_trajectory.TrajectoryGeometryTests.test_fallback_turn_and_sharp_corner_are_not_fake_continuous_paths) ... ok
test_global_station_grid_continues_across_line_boundary (tests.test_trajectory.TrajectoryGeometryTests.test_global_station_grid_continues_across_line_boundary) ... ok
test_line_arc_line_length_endpoints_and_tangent_join (tests.test_trajectory.TrajectoryGeometryTests.test_line_arc_line_length_endpoints_and_tangent_join) ... ok
test_line_segment_object_exact_twenty_mm_grid_and_short_endpoint (tests.test_trajectory.TrajectoryGeometryTests.test_line_segment_object_exact_twenty_mm_grid_and_short_endpoint) ... ok
test_unwrap_179_to_minus179_and_multiple_revolutions (tests.test_trajectory.TrajectoryGeometryTests.test_unwrap_179_to_minus179_and_multiple_revolutions) ... ok
test_json_export_five_fields_and_rejects_fallback (tests.test_trajectory.TrajectoryIntegrationTests.test_json_export_five_fields_and_rejects_fallback) ... ok
test_plan_automatically_returns_safe_trajectory_without_changing_raw_ledger (tests.test_trajectory.TrajectoryIntegrationTests.test_plan_automatically_returns_safe_trajectory_without_changing_raw_ledger) ... ok
test_ui_arrows_and_both_exports_no_motion_commands (tests.test_trajectory.TrajectoryIntegrationTests.test_ui_arrows_and_both_exports_no_motion_commands) ... ok
test_ui_refuses_corrupted_or_stale_trajectory_export (tests.test_trajectory.TrajectoryIntegrationTests.test_ui_refuses_corrupted_or_stale_trajectory_export) ... ok
test_cancellation_during_generation_and_final_check_never_publishes (tests.test_trajectory.TrajectorySafetyTests.test_cancellation_during_generation_and_final_check_never_publishes) ... ok
test_dense_independent_rectangle_poses_safe_along_complete_exported_path (tests.test_trajectory.TrajectorySafetyTests.test_dense_independent_rectangle_poses_safe_along_complete_exported_path) ... ok
test_every_pose_and_interval_rechecked_against_latest_scene (tests.test_trajectory.TrajectorySafetyTests.test_every_pose_and_interval_rechecked_against_latest_scene) ... ok
test_final_arc_sweep_rejects_between_export_and_check_samples (tests.test_trajectory.TrajectorySafetyTests.test_final_arc_sweep_rejects_between_export_and_check_samples) ... ok
test_final_line_sweep_rejects_obstacle_between_export_samples (tests.test_trajectory.TrajectorySafetyTests.test_final_line_sweep_rejects_obstacle_between_export_samples) ... ok
test_full_vehicle_and_drivable_hole_not_just_centers (tests.test_trajectory.TrajectorySafetyTests.test_full_vehicle_and_drivable_hole_not_just_centers) ... ok
test_new_tangent_yaw_is_checked_instead_of_original_strafe_heading (tests.test_trajectory.TrajectorySafetyTests.test_new_tangent_yaw_is_checked_instead_of_original_strafe_heading) ... ok
test_tampered_sample_position_yaw_type_and_station_rejected (tests.test_trajectory.TrajectorySafetyTests.test_tampered_sample_position_yaw_type_and_station_rejected) ... ok

----------------------------------------------------------------------
Ran 32 tests in 9.110s

OK
