
RUN: C:\Users\Yuzi\AppData\Local\Programs\Python\Python313\python.exe main.py --selftest
[1] FrameParser 基本解析 ...
    ok
[2] payload 内嵌帧尾 (+inf) ...
    ok
[3] Simulator 参数/DM/视觉 ...
    ok
[4] 场地禁区 ...
    ok
[5] 四轮使能/失能闸门 ...
    ok
[6] A* 路径规划 ...
    ok
全部核心自检通过 ✔

RUN: C:\Users\Yuzi\AppData\Local\Programs\Python\Python313\python.exe -m unittest tests.test_navigation_safety tests.test_map_click_regression tests.test_navigation_audit_fixes tests.test_arc_smoothing tests.test_trajectory tests.test_continuous_tracking tests.test_competition_simulation tests.test_mecanum_planning tests.test_hardware_trajectory -v
test_adjacent_legal_rectangles_must_be_unioned (tests.test_navigation_safety.CoreSafetyTests.test_adjacent_legal_rectangles_must_be_unioned) ... ok
test_bounded_runtime (tests.test_navigation_safety.CoreSafetyTests.test_bounded_runtime) ... ok
test_cancelled_search (tests.test_navigation_safety.CoreSafetyTests.test_cancelled_search) ... ok
test_clearance_single_point_and_empty_obstacles (tests.test_navigation_safety.CoreSafetyTests.test_clearance_single_point_and_empty_obstacles) ... ok
test_clearance_uses_custom_scene (tests.test_navigation_safety.CoreSafetyTests.test_clearance_uses_custom_scene) ... ok
test_coarse_grid_edge_cannot_jump_over_cylinder (tests.test_navigation_safety.CoreSafetyTests.test_coarse_grid_edge_cannot_jump_over_cylinder) ... ok
test_concave_lane_sweep_cannot_cut_corner (tests.test_navigation_safety.CoreSafetyTests.test_concave_lane_sweep_cannot_cut_corner) ... ok
test_continuous_clearance_cannot_skip_midpoint (tests.test_navigation_safety.CoreSafetyTests.test_continuous_clearance_cannot_skip_midpoint) ... ok
test_default_material_goal_rejected (tests.test_navigation_safety.CoreSafetyTests.test_default_material_goal_rejected) ... ok
test_empty_whitelist_rejected (tests.test_navigation_safety.CoreSafetyTests.test_empty_whitelist_rejected) ... ok
test_first_and_last_connectors_checked (tests.test_navigation_safety.CoreSafetyTests.test_first_and_last_connectors_checked) ... ok
test_fixed_body_is_checked_and_hardware_gate_stays_closed (tests.test_navigation_safety.CoreSafetyTests.test_fixed_body_is_checked_and_hardware_gate_stays_closed) ... ok
test_fixed_rect_not_disc_and_diagonal_corner (tests.test_navigation_safety.CoreSafetyTests.test_fixed_rect_not_disc_and_diagonal_corner) ... ok
test_independent_dijkstra_40_scenes (tests.test_navigation_safety.CoreSafetyTests.test_independent_dijkstra_40_scenes)
独立参照：**状态=(格, 航向)** 的 Dijkstra，与 plan() 同一套动作代价。 ... ok
test_legal_region_not_just_absence_of_obstacles (tests.test_navigation_safety.CoreSafetyTests.test_legal_region_not_just_absence_of_obstacles) ... ok
test_nondivisible_grid_cannot_escape_wall (tests.test_navigation_safety.CoreSafetyTests.test_nondivisible_grid_cannot_escape_wall) ... ok
test_nonfinite_and_invalid_inputs_return_failure_not_exception (tests.test_navigation_safety.CoreSafetyTests.test_nonfinite_and_invalid_inputs_return_failure_not_exception) ... ok
test_pad_only_plan_is_not_car_execution_approval (tests.test_navigation_safety.CoreSafetyTests.test_pad_only_plan_is_not_car_execution_approval) ... ok
test_raw_connectors_and_cost_are_included (tests.test_navigation_safety.CoreSafetyTests.test_raw_connectors_and_cost_are_included) ... ok
test_self_intersecting_map_rejected (tests.test_navigation_safety.CoreSafetyTests.test_self_intersecting_map_rejected) ... ok
test_simplification_cannot_fallback_to_bad_adjacent_edge (tests.test_navigation_safety.CoreSafetyTests.test_simplification_cannot_fallback_to_bad_adjacent_edge) ... ok
test_start_equals_goal_no_division_by_zero (tests.test_navigation_safety.CoreSafetyTests.test_start_equals_goal_no_division_by_zero) ... ok
test_swept_polygon_not_just_corners (tests.test_navigation_safety.CoreSafetyTests.test_swept_polygon_not_just_corners) ... ok
test_two_point_simplification_checks_segment (tests.test_navigation_safety.CoreSafetyTests.test_two_point_simplification_checks_segment) ... ok
test_vehicle_centre_on_outer_boundary_rejected (tests.test_navigation_safety.CoreSafetyTests.test_vehicle_centre_on_outer_boundary_rejected) ... ok
test_whole_body_outside_boundary (tests.test_navigation_safety.CoreSafetyTests.test_whole_body_outside_boundary) ... ok
test_cost_weights_are_applied_per_action (tests.test_navigation_safety.HeadingPlanTests.test_cost_weights_are_applied_per_action) ... ok
test_forbidding_strafe_turns_instead (tests.test_navigation_safety.HeadingPlanTests.test_forbidding_strafe_turns_instead)
禁横移 + 有转向空间时改用原地转向；操作区多边形可放开横移。 ... ok
test_raised_lateral_cost_never_increases_lateral_distance (tests.test_navigation_safety.HeadingPlanTests.test_raised_lateral_cost_never_increases_lateral_distance)
提高横移系数后，同一对起终点的横移总距离不会增加（需求 6）。 ... ok
test_start_heading_must_match_footprint (tests.test_navigation_safety.HeadingPlanTests.test_start_heading_must_match_footprint)
车体朝向与起始航向不一致必须显式拒绝，不能静默换朝向求解。 ... ok
test_steps_report_x_y_heading_action (tests.test_navigation_safety.HeadingPlanTests.test_steps_report_x_y_heading_action)
回溯必须给出 x,y,heading,action，且动作与"当时航向"自洽；没有圆弧。 ... ok
test_every_segment_is_axis_aligned (tests.test_navigation_safety.ManhattanPlanTests.test_every_segment_is_axis_aligned)
覆盖：同侧直达、需绕行、端点不在网格上、同列、长对角。 ... ok
test_obstacles_keep_right_angles_and_clearance (tests.test_navigation_safety.ManhattanPlanTests.test_obstacles_keep_right_angles_and_clearance) ... ok
test_simplification_keeps_right_angles_and_never_lengthens (tests.test_navigation_safety.ManhattanPlanTests.test_simplification_keeps_right_angles_and_never_lengthens)
共线合并只删同方向中间点：直角保留、长度不变、航点数不增加。 ... ok
test_hardcoded_quick_target_removed_and_still_illegal (tests.test_navigation_safety.MapDataComplianceTests.test_hardcoded_quick_target_removed_and_still_illegal)
旧写死坐标必须已删除，且在同一模型下仍判非法（防止校验被放松）。 ... ok
test_map_matches_rulebook_dimensions (tests.test_navigation_safety.MapDataComplianceTests.test_map_matches_rulebook_dimensions) ... ok
test_quick_targets_are_legal_for_every_heading (tests.test_navigation_safety.MapDataComplianceTests.test_quick_targets_are_legal_for_every_heading) ... ok
test_turntable_declared_position_and_radius (tests.test_navigation_safety.MapDataComplianceTests.test_turntable_declared_position_and_radius) ... ok
test_corner_and_turn_are_not_the_same_thing (tests.test_navigation_safety.PathAxesTests.test_corner_and_turn_are_not_the_same_thing)
几何角点未必有转向；原地转向也未必留角点。 ... ok
test_diagonal_segment_is_rejected (tests.test_navigation_safety.PathAxesTests.test_diagonal_segment_is_rejected) ... ok
test_l_shape_has_two_segments_and_one_left_corner (tests.test_navigation_safety.PathAxesTests.test_l_shape_has_two_segments_and_one_left_corner) ... ok
test_line_has_two_segments_and_no_corner (tests.test_navigation_safety.PathAxesTests.test_line_has_two_segments_and_no_corner) ... ok
test_only_duplicate_points_are_dropped (tests.test_navigation_safety.PathAxesTests.test_only_duplicate_points_are_dropped)
geometry_axes 的压缩只有"删重复点"这一条：共线中间点在这里**不**删。 ... ok
test_real_plan_segments_keep_ledger_semantics (tests.test_navigation_safety.PathAxesTests.test_real_plan_segments_keep_ledger_semantics)
真实规划：每段/每角都来自台账，折线严格轴对齐。 ... ok
test_u_shape_keeps_axis_alignment (tests.test_navigation_safety.PathAxesTests.test_u_shape_keeps_axis_alignment)
∩ 形（右→上→左）是连续两次左转；∪ 形才是两次右转。 ... ok
test_z_shape_has_three_segments_and_two_opposite_corners (tests.test_navigation_safety.PathAxesTests.test_z_shape_has_three_segments_and_two_opposite_corners) ... ok
test_circle_table_is_phi50 (tests.test_navigation_safety.SimulatedObstacleTests.test_circle_table_is_phi50) ... ok
test_placement_rejects_conflicts_and_edge (tests.test_navigation_safety.SimulatedObstacleTests.test_placement_rejects_conflicts_and_edge) ... ok
test_plan_must_avoid_simulated_obstacle (tests.test_navigation_safety.SimulatedObstacleTests.test_plan_must_avoid_simulated_obstacle) ... ok
test_random_placement_is_legal_and_reports_shortfall (tests.test_navigation_safety.SimulatedObstacleTests.test_random_placement_is_legal_and_reports_shortfall) ... ok
test_random_placement_keeps_clear_of_given_area (tests.test_navigation_safety.SimulatedObstacleTests.test_random_placement_keeps_clear_of_given_area) ... ok
test_limit_zero_matches_the_old_hard_forbid (tests.test_navigation_safety.StrafeRunLimitTests.test_limit_zero_matches_the_old_hard_forbid)
上限 0 与 allow_strafe=False 必须等价（同一约束的两种写法）。 ... ok
test_long_continuous_strafe_is_cut_to_the_limit (tests.test_navigation_safety.StrafeRunLimitTests.test_long_continuous_strafe_is_cut_to_the_limit)
转向很贵时规划器本来会一口气横移 1450mm；加上限后必须切成一节一节。 ... ok
test_no_limit_keeps_the_previous_behaviour (tests.test_navigation_safety.StrafeRunLimitTests.test_no_limit_keeps_the_previous_behaviour)
不设上限时结果与"给了个足够大的上限"完全一致（默认行为没变）。 ... ok
test_operation_area_is_exempt_from_the_limit (tests.test_navigation_safety.StrafeRunLimitTests.test_operation_area_is_exempt_from_the_limit)
操作区（strafe_polygons）内不受上限约束，横移额度不占。 ... ok
test_raising_the_limit_never_increases_cost (tests.test_navigation_safety.StrafeRunLimitTests.test_raising_the_limit_never_increases_cost)
上限放宽＝可行集变大：最优代价单调不增，可行解不会反而消失。 ... ok
test_short_strafe_lets_the_car_leave_the_start_pocket (tests.test_navigation_safety.StrafeRunLimitTests.test_short_strafe_lets_the_car_leave_the_start_pocket)
出启停区角落要横移 150mm：上限 500mm 时照常可用，0 才是完全禁横移。 ... ok
test_steps_ledger_carries_the_running_strafe_length (tests.test_navigation_safety.StrafeRunLimitTests.test_steps_ledger_carries_the_running_strafe_length)
台账每步的 strafe_run_mm 必须与动作自洽，且不超上限（非操作区）。 ... ok
test_actual_motion_guard_cancels_collision (tests.test_navigation_safety.UiLogicTests.test_actual_motion_guard_cancels_collision) ... ok
test_actual_start_drift_requires_replan (tests.test_navigation_safety.UiLogicTests.test_actual_start_drift_requires_replan) ... ok
test_async_request_then_poll (tests.test_navigation_safety.UiLogicTests.test_async_request_then_poll) ... ok
test_cancel_drops_simulators_own_pending_goal (tests.test_navigation_safety.UiLogicTests.test_cancel_drops_simulators_own_pending_goal) ... ok
test_cancel_pending_background_search (tests.test_navigation_safety.UiLogicTests.test_cancel_pending_background_search) ... ok
test_cannot_start_unverified_injected_point_list (tests.test_navigation_safety.UiLogicTests.test_cannot_start_unverified_injected_point_list) ... ok
test_changed_map_without_signal_is_detected_before_start (tests.test_navigation_safety.UiLogicTests.test_changed_map_without_signal_is_detected_before_start) ... ok
test_clear_path_stops_current_goal (tests.test_navigation_safety.UiLogicTests.test_clear_path_stops_current_goal) ... ok
test_fallback_turn_route_is_refused_by_continuous_tracker (tests.test_navigation_safety.UiLogicTests.test_fallback_turn_route_is_refused_by_continuous_tracker)
保留原地转向的fallback不能伪装成连续Trajectory。 ... ok
test_goal_yaw_enters_planning_context_without_implicit_rotation (tests.test_navigation_safety.UiLogicTests.test_goal_yaw_enters_planning_context_without_implicit_rotation) ... ok
test_mapping_change_invalidates_plan (tests.test_navigation_safety.UiLogicTests.test_mapping_change_invalidates_plan) ... ok
test_mapping_roundtrip (tests.test_navigation_safety.UiLogicTests.test_mapping_roundtrip) ... ok
test_old_background_result_is_ignored (tests.test_navigation_safety.UiLogicTests.test_old_background_result_is_ignored) ... ok
test_old_goal_epoch_cannot_restart (tests.test_navigation_safety.UiLogicTests.test_old_goal_epoch_cannot_restart) ... ok
test_old_zero_errors_not_current_goal_completion (tests.test_navigation_safety.UiLogicTests.test_old_zero_errors_not_current_goal_completion) ... ok
test_plan_does_not_emit_serial_commands (tests.test_navigation_safety.UiLogicTests.test_plan_does_not_emit_serial_commands) ... ok
test_queue_cancel_discards_only_motion (tests.test_navigation_safety.UiLogicTests.test_queue_cancel_discards_only_motion) ... ok
test_rejected_target_invalidates_old_plan (tests.test_navigation_safety.UiLogicTests.test_rejected_target_invalidates_old_plan) ... ok
test_replan_cancels_old_snapshot (tests.test_navigation_safety.UiLogicTests.test_replan_cancels_old_snapshot) ... ok
test_route_executes_in_real_simulator_with_full_body_checks (tests.test_navigation_safety.UiLogicTests.test_route_executes_in_real_simulator_with_full_body_checks) ... ok
test_same_frame_cannot_accumulate_settle (tests.test_navigation_safety.UiLogicTests.test_same_frame_cannot_accumulate_settle) ... ok
test_simulation_stays_gated_from_real_serial (tests.test_navigation_safety.UiLogicTests.test_simulation_stays_gated_from_real_serial) ... ok
test_stale_sim_pose_stops (tests.test_navigation_safety.UiLogicTests.test_stale_sim_pose_stops) ... ok
test_stop_button_stops_current_goal_not_only_timer (tests.test_navigation_safety.UiLogicTests.test_stop_button_stops_current_goal_not_only_timer) ... ok
test_strafe_limit_check_reaches_the_planner (tests.test_navigation_safety.UiLogicTests.test_strafe_limit_check_reaches_the_planner)
勾上「限制长距离横移」后上限必须真的进规划器；调到 0 = 完全禁横移，如实报错。 ... ok
test_timeout_stops_current_goal (tests.test_navigation_safety.UiLogicTests.test_timeout_stops_current_goal) ... ok
test_unsafe_goal_cannot_start_simulation (tests.test_navigation_safety.UiLogicTests.test_unsafe_goal_cannot_start_simulation) ... ok
test_urgent_stop_prevents_queued_goal_replay (tests.test_navigation_safety.UiLogicTests.test_urgent_stop_prevents_queued_goal_replay) ... ok
test_wheel_disabled_cannot_start (tests.test_navigation_safety.UiLogicTests.test_wheel_disabled_cannot_start) ... ok
test_zero_offset_wheel_changes_invalidate_navigation (tests.test_navigation_safety.UiLogicTests.test_zero_offset_wheel_changes_invalidate_navigation) ... ok
test_actual_click_handler_starts_worker_and_displays_result (tests.test_map_click_regression.MapClickRegressionTests.test_actual_click_handler_starts_worker_and_displays_result) ... ok
test_cancel_clears_pending_request_and_event_reference (tests.test_map_click_regression.MapClickRegressionTests.test_cancel_clears_pending_request_and_event_reference) ... ok
test_event_creation_error_is_visible (tests.test_map_click_regression.MapClickRegressionTests.test_event_creation_error_is_visible) ... ok
test_home_button_uses_async_planning_in_planning_mode (tests.test_map_click_regression.MapClickRegressionTests.test_home_button_uses_async_planning_in_planning_mode) ... ok
test_invalid_goal_shows_rejection_instead_of_silent_click (tests.test_map_click_regression.MapClickRegressionTests.test_invalid_goal_shows_rejection_instead_of_silent_click) ... ok
test_latest_click_wins (tests.test_map_click_regression.MapClickRegressionTests.test_latest_click_wins) ... ok
test_log_io_error_does_not_hide_original_error (tests.test_map_click_regression.MapClickRegressionTests.test_log_io_error_does_not_hide_original_error) ... ok
test_missing_production_import_is_not_injected_by_test_helper (tests.test_map_click_regression.MapClickRegressionTests.test_missing_production_import_is_not_injected_by_test_helper) ... ok
test_nonfinite_goal_is_rejected_before_worker (tests.test_map_click_regression.MapClickRegressionTests.test_nonfinite_goal_is_rejected_before_worker) ... ok
test_offline_click_plans_without_simulator_or_serial (tests.test_map_click_regression.MapClickRegressionTests.test_offline_click_plans_without_simulator_or_serial) ... ok
test_result_presentation_error_clears_partial_plan (tests.test_map_click_regression.MapClickRegressionTests.test_result_presentation_error_clears_partial_plan) ... ok
test_stale_exception_cannot_clear_newer_plan (tests.test_map_click_regression.MapClickRegressionTests.test_stale_exception_cannot_clear_newer_plan) ... ok
test_submit_error_is_visible_and_next_click_can_recover (tests.test_map_click_regression.MapClickRegressionTests.test_submit_error_is_visible_and_next_click_can_recover) ... ok
test_threading_binding_comes_from_main_import (tests.test_map_click_regression.MapClickRegressionTests.test_threading_binding_comes_from_main_import) ... ok
test_unexpected_preparation_error_is_visible (tests.test_map_click_regression.MapClickRegressionTests.test_unexpected_preparation_error_is_visible) ... ok
test_worker_error_is_visible (tests.test_map_click_regression.MapClickRegressionTests.test_worker_error_is_visible) ... ok
test_actual_rotated_body_still_rejects_illegal_boundary_start (tests.test_navigation_audit_fixes.AuditPlannerFixTests.test_actual_rotated_body_still_rejects_illegal_boundary_start) ... ok
test_arbitrary_initial_yaw_remains_exact_in_every_pose (tests.test_navigation_audit_fixes.AuditPlannerFixTests.test_arbitrary_initial_yaw_remains_exact_in_every_pose) ... ok
test_body_clearance_includes_turn_only_path (tests.test_navigation_audit_fixes.AuditPlannerFixTests.test_body_clearance_includes_turn_only_path) ... ok
test_cheapest_move_heuristic_matches_independent_dijkstra (tests.test_navigation_audit_fixes.AuditPlannerFixTests.test_cheapest_move_heuristic_matches_independent_dijkstra) ... ok
test_collinear_turn_preserves_action_segments (tests.test_navigation_audit_fixes.AuditPlannerFixTests.test_collinear_turn_preserves_action_segments) ... ok
test_direct_candidate_does_not_skip_cheaper_turns (tests.test_navigation_audit_fixes.AuditPlannerFixTests.test_direct_candidate_does_not_skip_cheaper_turns) ... ok
test_fine_grid_does_not_repeatedly_round_up_strafe_allowance (tests.test_navigation_audit_fixes.AuditPlannerFixTests.test_fine_grid_does_not_repeatedly_round_up_strafe_allowance) ... ok
test_operation_zone_does_not_exempt_outside_part (tests.test_navigation_audit_fixes.AuditPlannerFixTests.test_operation_zone_does_not_exempt_outside_part) ... ok
test_operation_zone_only_deducts_its_inside_distance (tests.test_navigation_audit_fixes.AuditPlannerFixTests.test_operation_zone_only_deducts_its_inside_distance) ... ok
test_revisiting_same_segment_and_corner_uses_correct_ledger_occurrence (tests.test_navigation_audit_fixes.AuditPlannerFixTests.test_revisiting_same_segment_and_corner_uses_correct_ledger_occurrence) ... ok
test_sample_gap_sweep_covers_dense_rotations_for_all_start_headings (tests.test_navigation_audit_fixes.AuditPlannerFixTests.test_sample_gap_sweep_covers_dense_rotations_for_all_start_headings) ... ok
test_turn_probe_is_not_returned_as_safe_in_place (tests.test_navigation_audit_fixes.AuditPlannerFixTests.test_turn_probe_is_not_returned_as_safe_in_place) ... ok
test_actual_ui_accepts_non_cardinal_yaw_without_sending_commands (tests.test_navigation_audit_fixes.AuditUiFixTests.test_actual_ui_accepts_non_cardinal_yaw_without_sending_commands) ... ok
test_every_turn_appears_in_ui_ledger_even_without_a_corner (tests.test_navigation_audit_fixes.AuditUiFixTests.test_every_turn_appears_in_ui_ledger_even_without_a_corner) ... ok
test_json_export_roundtrips_segments_and_corners (tests.test_navigation_audit_fixes.AuditUiFixTests.test_json_export_roundtrips_segments_and_corners) ... ok
test_quantized_turn_checks_actual_sweep_instead_of_skipping_turn (tests.test_navigation_audit_fixes.AuditUiFixTests.test_quantized_turn_checks_actual_sweep_instead_of_skipping_turn) ... ok
test_unmatched_action_segments_are_rejected_before_presenting_success (tests.test_navigation_audit_fixes.AuditUiFixTests.test_unmatched_action_segments_are_rejected_before_presenting_success) ... ok
test_between_sample_collision_is_rejected_by_continuous_sweep (tests.test_arc_smoothing.ArcCollisionTests.test_between_sample_collision_is_rejected_by_continuous_sweep) ... ok
test_dense_independent_poses_are_inside_each_sampling_envelope (tests.test_arc_smoothing.ArcCollisionTests.test_dense_independent_poses_are_inside_each_sampling_envelope) ... ok
test_drivable_hole_prevents_all_arcs_but_keeps_original_l_safe (tests.test_arc_smoothing.ArcCollisionTests.test_drivable_hole_prevents_all_arcs_but_keeps_original_l_safe) ... ok
test_missing_body_and_cancellation_never_force_an_arc (tests.test_arc_smoothing.ArcCollisionTests.test_missing_body_and_cancellation_never_force_an_arc) ... ok
test_obstacle_shrinks_radius_without_changing_safe_raw_corner (tests.test_arc_smoothing.ArcCollisionTests.test_obstacle_shrinks_radius_without_changing_safe_raw_corner) ... ok
test_simulated_and_dynamic_obstacles_participate_in_arc_checks (tests.test_arc_smoothing.ArcCollisionTests.test_simulated_and_dynamic_obstacles_participate_in_arc_checks) ... ok
test_unsafe_leftover_line_rejects_complete_smoothed_trajectory (tests.test_arc_smoothing.ArcCollisionTests.test_unsafe_leftover_line_rejects_complete_smoothed_trajectory) ... ok
test_adjacent_corner_can_fallback_after_first_arc_consumes_space (tests.test_arc_smoothing.ArcGeometryTests.test_adjacent_corner_can_fallback_after_first_arc_consumes_space) ... ok
test_adjacent_z_and_u_arcs_cannot_overlap_shared_segment (tests.test_arc_smoothing.ArcGeometryTests.test_adjacent_z_and_u_arcs_cannot_overlap_shared_segment) ... ok
test_backward_arc_and_noncardinal_yaw_preserved (tests.test_arc_smoothing.ArcGeometryTests.test_backward_arc_and_noncardinal_yaw_preserved) ... ok
test_entry_center_exit_and_sampling_both_turn_directions_all_quadrants (tests.test_arc_smoothing.ArcGeometryTests.test_entry_center_exit_and_sampling_both_turn_directions_all_quadrants) ... ok
test_every_radius_failed_returns_explicit_fallback_and_original_turn (tests.test_arc_smoothing.ArcGeometryTests.test_every_radius_failed_returns_explicit_fallback_and_original_turn) ... ok
test_mode_change_corner_and_mixed_actions_are_not_forced_to_turn (tests.test_arc_smoothing.ArcGeometryTests.test_mode_change_corner_and_mixed_actions_are_not_forced_to_turn) ... ok
test_radius_order_shrinks_for_short_segments (tests.test_arc_smoothing.ArcGeometryTests.test_radius_order_shrinks_for_short_segments) ... ok
test_real_turn_while_strafing_preserves_body_yaw_and_mode (tests.test_arc_smoothing.ArcGeometryTests.test_real_turn_while_strafing_preserves_body_yaw_and_mode) ... ok
test_straight_and_turn_only_preserve_original_trajectory (tests.test_arc_smoothing.ArcGeometryTests.test_straight_and_turn_only_preserve_original_trajectory) ... ok
test_dynamic_obstacle_rejects_start_in_search_too (tests.test_arc_smoothing.ArcIntegrationTests.test_dynamic_obstacle_rejects_start_in_search_too) ... ok
test_dynamic_snapshot_invalidates_old_result_and_is_used_for_new_plan (tests.test_arc_smoothing.ArcIntegrationTests.test_dynamic_snapshot_invalidates_old_result_and_is_used_for_new_plan) ... ok
test_plan_adds_arcs_and_preserves_original_search_and_ledger (tests.test_arc_smoothing.ArcIntegrationTests.test_plan_adds_arcs_and_preserves_original_search_and_ledger) ... ok
test_ui_draws_arc_preview_exports_geometry_and_does_not_send_motion (tests.test_arc_smoothing.ArcIntegrationTests.test_ui_draws_arc_preview_exports_geometry_and_does_not_send_motion) ... ok
test_fixed_simulated_dynamic_rectangles_and_circles_all_block (tests.test_arc_smoothing.PoseSafeTests.test_fixed_simulated_dynamic_rectangles_and_circles_all_block) ... ok
test_missing_footprint_and_nonfinite_pose_rejected (tests.test_arc_smoothing.PoseSafeTests.test_missing_footprint_and_nonfinite_pose_rejected) ... ok
test_real_rectangle_and_margin_respect_yaw_and_boundary (tests.test_arc_smoothing.PoseSafeTests.test_real_rectangle_and_margin_respect_yaw_and_boundary) ... ok
test_touching_obstacle_rejected (tests.test_arc_smoothing.PoseSafeTests.test_touching_obstacle_rejected) ... ok
test_whole_body_cannot_cover_a_hole_even_when_all_corners_inside (tests.test_arc_smoothing.PoseSafeTests.test_whole_body_cannot_cover_a_hole_even_when_all_corners_inside) ... ok
test_adjacent_arcs_exact_join_is_single_station (tests.test_trajectory.TrajectoryGeometryTests.test_adjacent_arcs_exact_join_is_single_station) ... ok
test_arc_segment_object_cw_ccw_all_radii_uses_true_arclength (tests.test_trajectory.TrajectoryGeometryTests.test_arc_segment_object_cw_ccw_all_radii_uses_true_arclength) ... ok
test_empty_missing_body_invalid_geometry_and_sample_resource_limit (tests.test_trajectory.TrajectoryGeometryTests.test_empty_missing_body_invalid_geometry_and_sample_resource_limit) ... ok
test_fallback_turn_and_sharp_corner_are_not_fake_continuous_paths (tests.test_trajectory.TrajectoryGeometryTests.test_fallback_turn_and_sharp_corner_are_not_fake_continuous_paths) ... ok
test_global_station_grid_continues_across_line_boundary (tests.test_trajectory.TrajectoryGeometryTests.test_global_station_grid_continues_across_line_boundary) ... ok
test_line_arc_line_length_endpoints_and_tangent_join (tests.test_trajectory.TrajectoryGeometryTests.test_line_arc_line_length_endpoints_and_tangent_join) ... ok
test_line_segment_object_exact_twenty_mm_grid_and_short_endpoint (tests.test_trajectory.TrajectoryGeometryTests.test_line_segment_object_exact_twenty_mm_grid_and_short_endpoint) ... ok
test_unwrap_179_to_minus179_and_multiple_revolutions (tests.test_trajectory.TrajectoryGeometryTests.test_unwrap_179_to_minus179_and_multiple_revolutions) ... ok
test_json_export_five_fields_and_rejects_fallback (tests.test_trajectory.TrajectoryIntegrationTests.test_json_export_five_fields_and_rejects_fallback) ... ok
test_plan_automatically_returns_safe_trajectory_without_changing_raw_ledger (tests.test_trajectory.TrajectoryIntegrationTests.test_plan_automatically_returns_safe_trajectory_without_changing_raw_ledger) ... ok
test_ui_arrows_and_both_exports_no_motion_commands (tests.test_trajectory.TrajectoryIntegrationTests.test_ui_arrows_and_both_exports_no_motion_commands) ... ok
test_ui_refuses_corrupted_or_stale_trajectory_export (tests.test_trajectory.TrajectoryIntegrationTests.test_ui_refuses_corrupted_or_stale_trajectory_export) ... ok
test_cancellation_during_generation_and_final_check_never_publishes (tests.test_trajectory.TrajectorySafetyTests.test_cancellation_during_generation_and_final_check_never_publishes) ... ok
test_dense_independent_rectangle_poses_safe_along_complete_exported_path (tests.test_trajectory.TrajectorySafetyTests.test_dense_independent_rectangle_poses_safe_along_complete_exported_path) ... ok
test_every_pose_and_interval_rechecked_against_latest_scene (tests.test_trajectory.TrajectorySafetyTests.test_every_pose_and_interval_rechecked_against_latest_scene) ... ok
test_final_arc_sweep_rejects_between_export_and_check_samples (tests.test_trajectory.TrajectorySafetyTests.test_final_arc_sweep_rejects_between_export_and_check_samples) ... ok
test_final_line_sweep_rejects_obstacle_between_export_samples (tests.test_trajectory.TrajectorySafetyTests.test_final_line_sweep_rejects_obstacle_between_export_samples) ... ok
test_full_vehicle_and_drivable_hole_not_just_centers (tests.test_trajectory.TrajectorySafetyTests.test_full_vehicle_and_drivable_hole_not_just_centers) ... ok
test_new_tangent_yaw_is_checked_instead_of_original_strafe_heading (tests.test_trajectory.TrajectorySafetyTests.test_new_tangent_yaw_is_checked_instead_of_original_strafe_heading) ... ok
test_tampered_sample_position_yaw_type_and_station_rejected (tests.test_trajectory.TrajectorySafetyTests.test_tampered_sample_position_yaw_type_and_station_rejected) ... ok
test_bad_start_yaw_and_forced_false_completion_cannot_be_accepted (tests.test_continuous_tracking.ContinuousUiTests.test_bad_start_yaw_and_forced_false_completion_cannot_be_accepted) ... ok
test_skeleton_continuous_reference_layers_and_simulation_end (tests.test_continuous_tracking.ContinuousUiTests.test_skeleton_continuous_reference_layers_and_simulation_end) ... ok
test_stale_pose_or_hardware_takeover_stops_with_no_serial_navigation (tests.test_continuous_tracking.ContinuousUiTests.test_stale_pose_or_hardware_takeover_stops_with_no_serial_navigation) ... ok
test_stop_clear_replan_map_replace_and_version_cancel_before_next_tick (tests.test_continuous_tracking.ContinuousUiTests.test_stop_clear_replan_map_replace_and_version_cancel_before_next_tick) ... ok
test_actual_projection_monotone_when_position_jitters_backward (tests.test_continuous_tracking.MonotoneProgressTests.test_actual_projection_monotone_when_position_jitters_backward) ... ok
test_closed_loop_start_cannot_jump_to_identical_endpoint (tests.test_continuous_tracking.MonotoneProgressTests.test_closed_loop_start_cannot_jump_to_identical_endpoint) ... ok
test_lookahead_is_one_hundred_mm_arclength_with_exact_arc_yaw (tests.test_continuous_tracking.MonotoneProgressTests.test_lookahead_is_one_hundred_mm_arclength_with_exact_arc_yaw) ... ok
test_progress_is_not_advanced_by_reference_or_frame_count (tests.test_continuous_tracking.MonotoneProgressTests.test_progress_is_not_advanced_by_reference_or_frame_count) ... ok
test_cancel_inside_acceptance_pose_guard_cannot_restore_tracker (tests.test_continuous_tracking.SimulatorContinuousTests.test_cancel_inside_acceptance_pose_guard_cannot_restore_tracker) ... ok
test_dynamic_obstacle_in_true_scene_guard_stops_before_contact (tests.test_continuous_tracking.SimulatorContinuousTests.test_dynamic_obstacle_in_true_scene_guard_stops_before_contact) ... ok
test_field_ops_mapping_rotation_offset_does_not_change_tracking (tests.test_continuous_tracking.SimulatorContinuousTests.test_field_ops_mapping_rotation_offset_does_not_change_tracking) ... ok
test_frozen_motion_watchdog_and_timeout (tests.test_continuous_tracking.SimulatorContinuousTests.test_frozen_motion_watchdog_and_timeout) ... ok
test_guard_rejects_actual_motion_without_position_or_yaw_commit (tests.test_continuous_tracking.SimulatorContinuousTests.test_guard_rejects_actual_motion_without_position_or_yaw_commit) ... ok
test_lookahead_keeps_arc_reference_without_premature_turn_or_sideways_chord_motion (tests.test_continuous_tracking.SimulatorContinuousTests.test_lookahead_keeps_arc_reference_without_premature_turn_or_sideways_chord_motion) ... ok
test_nan_pose_xy_jump_yaw_jump_and_guard_exception_fail_closed (tests.test_continuous_tracking.SimulatorContinuousTests.test_nan_pose_xy_jump_yaw_jump_and_guard_exception_fail_closed) ... ok
test_narrow_competition_corner_tracks_without_chord_cutting_into_yellow_zone (tests.test_continuous_tracking.SimulatorContinuousTests.test_narrow_competition_corner_tracks_without_chord_cutting_into_yellow_zone) ... ok
test_only_final_stop_needs_position_yaw_and_zero_velocity (tests.test_continuous_tracking.SimulatorContinuousTests.test_only_final_stop_needs_position_yaw_and_zero_velocity) ... ok
test_stop_during_acceptance_recheck_rejects_old_epoch (tests.test_continuous_tracking.SimulatorContinuousTests.test_stop_during_acceptance_recheck_rejects_old_epoch) ... ok
test_stop_or_version_change_inside_guard_cannot_commit_late_motion (tests.test_continuous_tracking.SimulatorContinuousTests.test_stop_or_version_change_inside_guard_cannot_commit_late_motion) ... ok
test_stop_zero_wheeloff_and_queued_stale_motion_cancel_immediately (tests.test_continuous_tracking.SimulatorContinuousTests.test_stop_zero_wheeloff_and_queued_stale_motion_cancel_immediately) ... ok
test_straight_l_z_u_complete_without_intermediate_stops (tests.test_continuous_tracking.SimulatorContinuousTests.test_straight_l_z_u_complete_without_intermediate_stops) ... ok
test_adaptive_parallel_lanes_work_when_every_original_lane_is_blocked (tests.test_competition_simulation.AvoidanceOptimizationTests.test_adaptive_parallel_lanes_work_when_every_original_lane_is_blocked) ... ok
test_completed_ninety_degree_maneuver_has_no_residual_yaw_before_translation (tests.test_competition_simulation.AvoidanceOptimizationTests.test_completed_ninety_degree_maneuver_has_no_residual_yaw_before_translation) ... ok
test_screenshot_two_cylinders_complete_both_zones_with_all_actual_sweeps_safe (tests.test_competition_simulation.AvoidanceOptimizationTests.test_screenshot_two_cylinders_complete_both_zones_with_all_actual_sweeps_safe) ... ok
test_small_screenshot_coordinate_error_also_finds_safe_full_round (tests.test_competition_simulation.AvoidanceOptimizationTests.test_small_screenshot_coordinate_error_also_finds_safe_full_round) ... ok
test_another_code_preserves_each_color_stack (tests.test_competition_simulation.CompetitionCodeTests.test_another_code_preserves_each_color_stack) ... ok
test_invalid_code_colors_slots_and_different_batches_rejected (tests.test_competition_simulation.CompetitionCodeTests.test_invalid_code_colors_slots_and_different_batches_rejected) ... ok
test_official_code_and_second_stack_by_color_not_second_rough_slot (tests.test_competition_simulation.CompetitionCodeTests.test_official_code_and_second_stack_by_color_not_second_rough_slot) ... ok
test_blocked_diagonal_docking_uses_safe_l_maneuvers (tests.test_competition_simulation.CompetitionFlowTests.test_blocked_diagonal_docking_uses_safe_l_maneuvers) ... ok
test_code_display_waits_for_qr_arrival_and_scan_action (tests.test_competition_simulation.CompetitionFlowTests.test_code_display_waits_for_qr_arrival_and_scan_action) ... ok
test_fake_completion_and_motion_during_action_are_rejected (tests.test_competition_simulation.CompetitionFlowTests.test_fake_completion_and_motion_during_action_are_rejected) ... ok
test_mecanum_round_compares_direction_cost_and_keeps_diagonal_docking (tests.test_competition_simulation.CompetitionFlowTests.test_mecanum_round_compares_direction_cost_and_keeps_diagonal_docking) ... ok
test_missing_cargo_fails_without_counting_a_placement (tests.test_competition_simulation.CompetitionFlowTests.test_missing_cargo_fails_without_counting_a_placement) ... ok
test_no_new_frame_cannot_advance_clock_actions_or_stages (tests.test_competition_simulation.CompetitionFlowTests.test_no_new_frame_cannot_advance_clock_actions_or_stages) ... ok
test_preflight_rejects_real_tracking_collision_even_if_geometry_is_safe (tests.test_competition_simulation.CompetitionFlowTests.test_preflight_rejects_real_tracking_collision_even_if_geometry_is_safe) ... ok
test_prepare_rejects_occupied_station_bad_margin_and_cancellation (tests.test_competition_simulation.CompetitionFlowTests.test_prepare_rejects_occupied_station_bad_margin_and_cancellation) ... ok
test_same_round_can_only_start_once (tests.test_competition_simulation.CompetitionFlowTests.test_same_round_can_only_start_once) ... ok
test_screenshot_one_obstacle_has_straight_lanes_and_no_raw_to_rough_strafe (tests.test_competition_simulation.CompetitionFlowTests.test_screenshot_one_obstacle_has_straight_lanes_and_no_raw_to_rough_strafe) ... ok
test_stop_and_version_changes_cancel_during_motion_and_work_without_restart (tests.test_competition_simulation.CompetitionFlowTests.test_stop_and_version_changes_cancel_during_motion_and_work_without_restart) ... ok
test_task_order_requires_all_rough_placements_before_retrieval_and_second_batch (tests.test_competition_simulation.CompetitionFlowTests.test_task_order_requires_all_rough_placements_before_retrieval_and_second_batch) ... ok
test_timeout_and_overlong_station_action_stop (tests.test_competition_simulation.CompetitionFlowTests.test_timeout_and_overlong_station_action_stop) ... ok
test_two_start_zones_complete_entire_round_with_actual_body_sweeps (tests.test_competition_simulation.CompetitionFlowTests.test_two_start_zones_complete_entire_round_with_actual_body_sweeps) ... ok
test_wrong_first_layer_cannot_count_a_stack (tests.test_competition_simulation.CompetitionFlowTests.test_wrong_first_layer_cannot_count_a_stack) ... ok
test_actual_pose_on_obstacle_stops_without_committing_more_motion (tests.test_competition_simulation.CompetitionObstacleTests.test_actual_pose_on_obstacle_stops_without_committing_more_motion) ... ok
test_central_blocker_forces_detour_instead_of_only_drawing_an_obstacle (tests.test_competition_simulation.CompetitionObstacleTests.test_central_blocker_forces_detour_instead_of_only_drawing_an_obstacle) ... ok
test_four_obstacles_both_zones_complete_with_every_actual_rectangle_sweep_safe (tests.test_competition_simulation.CompetitionObstacleTests.test_four_obstacles_both_zones_complete_with_every_actual_rectangle_sweep_safe) ... ok
test_invalid_obstacles_are_rejected_without_ignoring_them (tests.test_competition_simulation.CompetitionObstacleTests.test_invalid_obstacles_are_rejected_without_ignoring_them) ... ok
test_obstacle_snapshot_export_is_independent_and_map_has_no_duplicate_cylinders (tests.test_competition_simulation.CompetitionObstacleTests.test_obstacle_snapshot_export_is_independent_and_map_has_no_duplicate_cylinders) ... ok
test_occupied_start_or_station_and_disconnected_lanes_refuse_entire_round (tests.test_competition_simulation.CompetitionObstacleTests.test_occupied_start_or_station_and_disconnected_lanes_refuse_entire_round) ... ok
test_all_arc_radii_fail_explicitly_without_forcing_corner (tests.test_mecanum_planning.MecanumPlanningTests.test_all_arc_radii_fail_explicitly_without_forcing_corner) ... ok
test_checks_real_rectangle_orientation_in_narrow_corridor (tests.test_mecanum_planning.MecanumPlanningTests.test_checks_real_rectangle_orientation_in_narrow_corridor) ... ok
test_diagonal_translation_keeps_real_body_heading (tests.test_mecanum_planning.MecanumPlanningTests.test_diagonal_translation_keeps_real_body_heading) ... ok
test_direction_cost_distinguishes_forward_reverse_and_long_strafe (tests.test_mecanum_planning.MecanumPlanningTests.test_direction_cost_distinguishes_forward_reverse_and_long_strafe) ... ok
test_export_distinguishes_body_and_driving_direction (tests.test_mecanum_planning.MecanumPlanningTests.test_export_distinguishes_body_and_driving_direction) ... ok
test_fixed_and_reverse_arc_body_yaw_and_unwrap_are_continuous (tests.test_mecanum_planning.MecanumPlanningTests.test_fixed_and_reverse_arc_body_yaw_and_unwrap_are_continuous) ... ok
test_fixed_arc_interval_includes_center_sagitta_even_with_zero_yaw_change (tests.test_mecanum_planning.MecanumPlanningTests.test_fixed_arc_interval_includes_center_sagitta_even_with_zero_yaw_change) ... ok
test_fixed_heading_cannot_hide_sharp_velocity_corner (tests.test_mecanum_planning.MecanumPlanningTests.test_fixed_heading_cannot_hide_sharp_velocity_corner) ... ok
test_invalid_modes_and_tampered_heading_metadata_are_rejected (tests.test_mecanum_planning.MecanumPlanningTests.test_invalid_modes_and_tampered_heading_metadata_are_rejected) ... ok
test_non_ninety_degree_diagonal_corner_is_smooth_and_safe (tests.test_mecanum_planning.MecanumPlanningTests.test_non_ninety_degree_diagonal_corner_is_smooth_and_safe) ... ok
test_reverse_has_opposite_body_and_tangent_without_turning (tests.test_mecanum_planning.MecanumPlanningTests.test_reverse_has_opposite_body_and_tangent_without_turning) ... ok
test_reverse_stop_and_snapshot_change_cancel_before_more_motion (tests.test_mecanum_planning.MecanumPlanningTests.test_reverse_stop_and_snapshot_change_cancel_before_more_motion) ... ok
test_straight_lane_replaces_unnecessary_shallow_diagonal_but_checks_whole_body (tests.test_mecanum_planning.MecanumPlanningTests.test_straight_lane_replaces_unnecessary_shallow_diagonal_but_checks_whole_body) ... ok
test_calibration_inverse_applies_rotation_translation_to_ops (tests.test_hardware_trajectory.MatchPackingTests.test_calibration_inverse_applies_rotation_translation_to_ops) ... ok
test_demo_map_and_cancel_do_not_produce_payload (tests.test_hardware_trajectory.MatchPackingTests.test_demo_map_and_cancel_do_not_produce_payload) ... ok
test_full_match_quantized_crc_body_tangent_and_waits (tests.test_hardware_trajectory.MatchPackingTests.test_full_match_quantized_crc_body_tangent_and_waits) ... ok
test_incomplete_ready_and_old_firmware_capacity_fail_closed (tests.test_hardware_trajectory.UploaderTests.test_incomplete_ready_and_old_firmware_capacity_fail_closed) ... ok
test_invalid_session_and_timeout_cancel (tests.test_hardware_trajectory.UploaderTests.test_invalid_session_and_timeout_cancel) ... ok
test_old_batch_and_stale_upload_reply_cannot_rewind (tests.test_hardware_trajectory.UploaderTests.test_old_batch_and_stale_upload_reply_cannot_rewind) ... ok
test_status_parser_preserves_identical_progress_replies (tests.test_hardware_trajectory.UploaderTests.test_status_parser_preserves_identical_progress_replies) ... ok
test_upload_all_before_run_then_resume_does_not_resend (tests.test_hardware_trajectory.UploaderTests.test_upload_all_before_run_then_resume_does_not_resend) ... ok

----------------------------------------------------------------------
Ran 236 tests in 111.979s

OK

RUN: C:\Users\Yuzi\AppData\Local\Programs\Python\Python313\python.exe -m unittest test_debugger test_serial_lifecycle test_map_click_qt tests.test_dm_position tests.test_hardware_trajectory_qt -v
test_activation_guard_keeps_keyboard_remote_in_detached_window (test_debugger.DebuggerTests.test_activation_guard_keeps_keyboard_remote_in_detached_window) ... ok
test_astar_detour_is_collision_free (test_debugger.DebuggerTests.test_astar_detour_is_collision_free)
绕行路径的每一段都必须避开（按车体膨胀后的）禁区，且余量可报告。 ... ok
test_astar_finer_grid_keeps_path_clean (test_debugger.DebuggerTests.test_astar_finer_grid_keeps_path_clean) ... ok
test_astar_reports_sealed_corridors (test_debugger.DebuggerTests.test_astar_reports_sealed_corridors)
膨胀到把 40cm 走廊封死时，必须报"没有可行路径"而不是硬穿。 ... ok
test_astar_straight_when_unobstructed (test_debugger.DebuggerTests.test_astar_straight_when_unobstructed) ... ok
test_cancel_clears_unsent_commands (test_debugger.DebuggerTests.test_cancel_clears_unsent_commands) ... ok
test_car_icon_basis_matches_actual_travel (test_debugger.DebuggerTests.test_car_icon_basis_matches_actual_travel)
不依赖任何角度约定：指令 (左, 前) 的位移方向必须与图标自身基一致。 ... ok
test_car_icon_is_scaled_car_body (test_debugger.DebuggerTests.test_car_icon_is_scaled_car_body)
地图上的车必须是 28cm×26cm 的真实轮廓，车心落在映射位置上。 ... ok
test_clockwise_view_and_click_inverse (test_debugger.DebuggerTests.test_clockwise_view_and_click_inverse) ... ok
test_console_command_updates_wheel_state (test_debugger.DebuggerTests.test_console_command_updates_wheel_state) ... ok
test_continuous_latest_velocity_has_priority_without_backlog (test_debugger.DebuggerTests.test_continuous_latest_velocity_has_priority_without_backlog) ... ok
test_detached_page_keeps_rendering_while_other_page_selected (test_debugger.DebuggerTests.test_detached_page_keeps_rendering_while_other_page_selected) ... ok
test_detached_window_is_not_owned_by_main_window (test_debugger.DebuggerTests.test_detached_window_is_not_owned_by_main_window)
独立窗口不能挂主窗口做父级。 ... ok
test_detached_window_topmost_and_close_returns_page (test_debugger.DebuggerTests.test_detached_window_topmost_and_close_returns_page) ... ok
test_field_target_yaw_is_inverse_of_readout (test_debugger.DebuggerTests.test_field_target_yaw_is_inverse_of_readout)
「目标航向=场地N°」下发后，遥测回来必须正好显示 N°。 ... ok
test_firmware_text_and_vofa_notice_reach_log (test_debugger.DebuggerTests.test_firmware_text_and_vofa_notice_reach_log) ... ok
test_firmware_text_is_surfaced_not_swallowed (test_debugger.DebuggerTests.test_firmware_text_is_surfaced_not_swallowed)
固件切到文字模式时的 ASCII 报错必须能被界面看到。 ... ok
test_follow_is_simulation_only_and_stops_on_stop (test_debugger.DebuggerTests.test_follow_is_simulation_only_and_stops_on_stop) ... ok
test_gotohold_stops_manual_and_is_queued (test_debugger.DebuggerTests.test_gotohold_stops_manual_and_is_queued) ... ok
test_icon_and_trail_share_one_mapping (test_debugger.DebuggerTests.test_icon_and_trail_share_one_mapping)
图标与轨迹必须来自同一变换。 ... ok
test_keyboard_combinations_release_and_slow (test_debugger.DebuggerTests.test_keyboard_combinations_release_and_slow) ... ok
test_keyboard_disabled_and_other_widgets_do_not_drive (test_debugger.DebuggerTests.test_keyboard_disabled_and_other_widgets_do_not_drive) ... ok
test_keyboard_exit_button_and_real_focus_change (test_debugger.DebuggerTests.test_keyboard_exit_button_and_real_focus_change) ... ok
test_keyboard_focus_loss_page_and_stop_disarm (test_debugger.DebuggerTests.test_keyboard_focus_loss_page_and_stop_disarm) ... ok
test_keyboard_opposites_space_repeat_and_escape (test_debugger.DebuggerTests.test_keyboard_opposites_space_repeat_and_escape) ... ok
test_main_close_closes_detached_windows (test_debugger.DebuggerTests.test_main_close_closes_detached_windows) ... ok
test_manual_direction_defaults_not_inverted (test_debugger.DebuggerTests.test_manual_direction_defaults_not_inverted)
车头方向反了已在固件协议边界统一修正，三个反向开关默认全部关闭。 ... ok
test_manual_hold_release_and_page_exit (test_debugger.DebuggerTests.test_manual_hold_release_and_page_exit) ... ok
test_manual_simulation_timeout_and_invalid (test_debugger.DebuggerTests.test_manual_simulation_timeout_and_invalid) ... ok
test_manual_stop_zero_goto_cancel_renewal (test_debugger.DebuggerTests.test_manual_stop_zero_goto_cancel_renewal) ... ok
test_map_click_plans_without_sending_anything (test_debugger.DebuggerTests.test_map_click_plans_without_sending_anything)
本阶段的核心约定：规划只算不下发，一条 GOTO 都不许进串口队列。 ... ok
test_map_heading_readout_matches_icon (test_debugger.DebuggerTests.test_map_heading_readout_matches_icon)
地图里的航向数字与画出来的车头必须指向同一方向（历史上曾差 90°）。 ... ok
test_mapping_roundtrip (test_debugger.DebuggerTests.test_mapping_roundtrip) ... ok
test_navigation_and_home_share_checks (test_debugger.DebuggerTests.test_navigation_and_home_share_checks) ... ok
test_normal_simulator_start_uses_selected_zone_field_heading (test_debugger.DebuggerTests.test_normal_simulator_start_uses_selected_zone_field_heading) ... ok
test_offset_apply_stops_manual_and_sends_pair (test_debugger.DebuggerTests.test_offset_apply_stops_manual_and_sends_pair) ... ok
test_offset_file_roundtrip_and_invalid (test_debugger.DebuggerTests.test_offset_file_roundtrip_and_invalid) ... ok
test_offset_file_v1_migrates_axis_order_once (test_debugger.DebuggerTests.test_offset_file_v1_migrates_axis_order_once) ... ok
test_offset_simulator_residual_and_validation (test_debugger.DebuggerTests.test_offset_simulator_residual_and_validation) ... ok
test_origin_and_axes (test_debugger.DebuggerTests.test_origin_and_axes) ... ok
test_page_detach_keeps_stack_index_and_returns_page (test_debugger.DebuggerTests.test_page_detach_keeps_stack_index_and_returns_page) ... ok
test_page_header_button_detaches_page (test_debugger.DebuggerTests.test_page_header_button_detaches_page) ... ok
test_param_readback_updates_row_without_channel (test_debugger.DebuggerTests.test_param_readback_updates_row_without_channel)
没有遥测通道的参数行必须由文字回读点亮"回读"栏。 ... ok
test_param_reply_parsed_and_repeated_values_delivered (test_debugger.DebuggerTests.test_param_reply_parsed_and_repeated_values_delivered)
GET <名称> 的文字应答要能和 24 通道遥测共存，且重复值不能被去重吃掉。 ... ok
test_placeholder_checkbox_and_menu_action_set_topmost_pref (test_debugger.DebuggerTests.test_placeholder_checkbox_and_menu_action_set_topmost_pref) ... ok
test_plan_rejects_target_inside_forbidden_zone (test_debugger.DebuggerTests.test_plan_rejects_target_inside_forbidden_zone) ... ok
test_plan_switch_off_restores_direct_goto (test_debugger.DebuggerTests.test_plan_switch_off_restores_direct_goto) ... ok
test_planned_path_is_drivable_in_simulation (test_debugger.DebuggerTests.test_planned_path_is_drivable_in_simulation)
端到端连续跟踪：终点停稳且真实矩形车体扫掠无碰撞。 ... ok
test_poll_queries_only_params_without_telemetry_channel (test_debugger.DebuggerTests.test_poll_queries_only_params_without_telemetry_channel)
轮询只问没有通道位的参数，一次一条，避免挤占遥测帧。 ... ok
test_quick_target_and_home_plan_when_enabled (test_debugger.DebuggerTests.test_quick_target_and_home_plan_when_enabled) ... ok
test_sending_param_requests_immediate_readback (test_debugger.DebuggerTests.test_sending_param_requests_immediate_readback)
写入后立刻回读一次：这两个参数没有波形可以对照。 ... ok
test_serial_idle_read_is_short_and_stop_precedes_velocity (test_debugger.DebuggerTests.test_serial_idle_read_is_short_and_stop_precedes_velocity) ... ok
test_serial_worker_resends_vofa_when_silent (test_debugger.DebuggerTests.test_serial_worker_resends_vofa_when_silent)
板子在上位机已连接时复位后，必须能自动补发 VOFA 恢复遥测。 ... ok
test_serial_worker_routes_param_replies_to_param_queue (test_debugger.DebuggerTests.test_serial_worker_routes_param_replies_to_param_queue)
工作线程把参数回读行分流转发，不能混进"固件文本"日志。 ... ok
test_simulator_answers_param_query (test_debugger.DebuggerTests.test_simulator_answers_param_query)
演示模式也要给出回读值，否则界面在 --simulate 下永远显示"—"。 ... ok
test_simulator_goto_cm_and_telemetry_cm (test_debugger.DebuggerTests.test_simulator_goto_cm_and_telemetry_cm) ... ok
test_simulator_heading_and_zero_physical_axes (test_debugger.DebuggerTests.test_simulator_heading_and_zero_physical_axes) ... ok
test_simulator_hold_and_invalid_goto (test_debugger.DebuggerTests.test_simulator_hold_and_invalid_goto) ... ok
test_simulator_stop_and_zero (test_debugger.DebuggerTests.test_simulator_stop_and_zero) ... ok
test_simulator_wheel_gate_and_freeze (test_debugger.DebuggerTests.test_simulator_wheel_gate_and_freeze) ... ok
test_simulator_zero_resets_heading_reference (test_debugger.DebuggerTests.test_simulator_zero_resets_heading_reference) ... ok
test_start_zone_calibration_sets_real_field_heading_and_forward_axis (test_debugger.DebuggerTests.test_start_zone_calibration_sets_real_field_heading_and_forward_axis) ... ok
test_stepper_buttons_units_and_uint32 (test_debugger.DebuggerTests.test_stepper_buttons_units_and_uint32) ... ok
test_stepper_query_enable_and_rpm_limits (test_debugger.DebuggerTests.test_stepper_query_enable_and_rpm_limits) ... ok
test_stepper_real_feedback_updates_page (test_debugger.DebuggerTests.test_stepper_real_feedback_updates_page) ... ok
test_target_heading_cardinal_directions_match_y_zero_convention (test_debugger.DebuggerTests.test_target_heading_cardinal_directions_match_y_zero_convention) ... ok
test_telemetry_direction_matches_field_axes (test_debugger.DebuggerTests.test_telemetry_direction_matches_field_axes)
验收桩：向前=+Y、向左=+X；地图上前进→屏幕上、左移→屏幕左，且点击方向一致。 ... ok
test_text_replies_survive_binary_in_same_read (test_debugger.DebuggerTests.test_text_replies_survive_binary_in_same_read) ... ok
test_topmost_toggle_keeps_window_visible_and_placed (test_debugger.DebuggerTests.test_topmost_toggle_keeps_window_visible_and_placed)
setWindowFlag 会隐藏窗口，置顶/取消置顶都必须重新显示。 ... ok
test_wheel_disabled_blocks_goto_keyboard_and_manual (test_debugger.DebuggerTests.test_wheel_disabled_blocks_goto_keyboard_and_manual) ... ok
test_wheel_lock_commands_track_state_and_stop_manual (test_debugger.DebuggerTests.test_wheel_lock_commands_track_state_and_stop_manual) ... ok
test_zone_two_does_not_change_field_origin (test_debugger.DebuggerTests.test_zone_two_does_not_change_field_origin) ... ok
test_click_places_obstacle_without_planning_or_sending (test_debugger.SimulatedObstacleUiTests.test_click_places_obstacle_without_planning_or_sending) ... ok
test_placement_rejects_overlap_limit_and_car (test_debugger.SimulatedObstacleUiTests.test_placement_rejects_overlap_limit_and_car) ... ok
test_plan_detours_and_old_plan_is_invalidated (test_debugger.SimulatedObstacleUiTests.test_plan_detours_and_old_plan_is_invalidated) ... ok
test_random_fill_avoids_car_and_clear_removes (test_debugger.SimulatedObstacleUiTests.test_random_fill_avoids_car_and_clear_removes) ... ok
test_color_buttons_send_the_bound_color (test_debugger.VisionPageTests.test_color_buttons_send_the_bound_color)
循环建按钮最容易写成闭包全绑最后一个值，这里逐个点真按钮。 ... ok
test_entering_vision_page_refreshes_readback (test_debugger.VisionPageTests.test_entering_vision_page_refreshes_readback) ... ok
test_page_has_six_colors_and_six_param_rows (test_debugger.VisionPageTests.test_page_has_six_colors_and_six_param_rows) ... ok
test_page_registered_last_without_shifting_existing_pages (test_debugger.VisionPageTests.test_page_registered_last_without_shifting_existing_pages)
新页面必须追加在末尾：既有测试与 _render_ui 依赖页面下标。 ... ok
test_param_echo_line_is_diverted_away_from_log (test_debugger.VisionPageTests.test_param_echo_line_is_diverted_away_from_log)
根因锁定：`名称=数值` 在 FrameParser 里就被截走，不进日志文本。 ... ok
test_queued_vtrack_is_discarded_on_stop (test_debugger.VisionPageTests.test_queued_vtrack_is_discarded_on_stop)
STOP 之后的队列里不能残留一条待发的跟踪启动。 ... ok
test_refresh_readback_queries_all_vision_params (test_debugger.VisionPageTests.test_refresh_readback_queries_all_vision_params) ... ok
test_sending_vision_param_requests_immediate_readback (test_debugger.VisionPageTests.test_sending_vision_param_requests_immediate_readback) ... ok
test_simulator_answers_and_stores_vision_params (test_debugger.VisionPageTests.test_simulator_answers_and_stores_vision_params) ... ok
test_stop_button_sends_vtrack_zero (test_debugger.VisionPageTests.test_stop_button_sends_vtrack_zero) ... ok
test_unknown_param_readback_is_logged_not_swallowed (test_debugger.VisionPageTests.test_unknown_param_readback_is_logged_not_swallowed)
回归守卫：参数回读行在解析层就被分流出了日志，若界面没有对应行又静默 ... ok
test_vision_param_readback_updates_row (test_debugger.VisionPageTests.test_vision_param_readback_updates_row) ... ok
test_vtrack_counts_as_commanding (test_debugger.VisionPageTests.test_vtrack_counts_as_commanding) ... ok
test_vtrack_stops_keyboard_remote (test_debugger.VisionPageTests.test_vtrack_stops_keyboard_remote)
固件启动跟踪会清掉 manual，但上位机 20Hz MANUAL 流必须自己停， ... ok
test_repeated_timeouts_or_device_loss_close_connection (test_serial_lifecycle.SerialLifecycleTests.test_repeated_timeouts_or_device_loss_close_connection) ... ok
test_stop_during_read_keeps_all_io_in_worker (test_serial_lifecycle.SerialLifecycleTests.test_stop_during_read_keeps_all_io_in_worker) ... ok
test_stop_while_port_is_opening (test_serial_lifecycle.SerialLifecycleTests.test_stop_while_port_is_opening) ... ok
test_write_timeout_preserves_rx_and_does_not_replay_command (test_serial_lifecycle.SerialLifecycleTests.test_write_timeout_preserves_rx_and_does_not_replay_command) ... ok
test_close_waits_for_worker_before_destroying_window (test_serial_lifecycle.WindowLifecycleTests.test_close_waits_for_worker_before_destroying_window) ... ok
test_nonfinite_telemetry_renders (test_serial_lifecycle.WindowLifecycleTests.test_nonfinite_telemetry_renders) ... ok
test_old_error_does_not_stop_new_session (test_serial_lifecycle.WindowLifecycleTests.test_old_error_does_not_stop_new_session) ... ok
test_reconnect_and_sim_wait_for_previous_worker (test_serial_lifecycle.WindowLifecycleTests.test_reconnect_and_sim_wait_for_previous_worker) ... ok
test_continuous_arc_tracks_to_final_stop_and_draws_four_layers (test_map_click_qt.MapClickQtTests.test_continuous_arc_tracks_to_final_stop_and_draws_four_layers) ... ok
test_direct_obstacle_list_change_is_caught_before_next_core_motion (test_map_click_qt.MapClickQtTests.test_direct_obstacle_list_change_is_caught_before_next_core_motion) ... ok
test_dynamic_snapshot_is_drawn_and_invalidates_old_plan (test_map_click_qt.MapClickQtTests.test_dynamic_snapshot_is_drawn_and_invalidates_old_plan) ... ok
test_invalid_click_displays_failure_without_motion (test_map_click_qt.MapClickQtTests.test_invalid_click_displays_failure_without_motion) ... ok
test_manual_and_random_obstacles_are_preserved_by_match_start (test_map_click_qt.MapClickQtTests.test_manual_and_random_obstacles_are_preserved_by_match_start) ... ok
test_map_version_change_cancels_core_and_all_planned_layers_immediately (test_map_click_qt.MapClickQtTests.test_map_version_change_cancels_core_and_all_planned_layers_immediately) ... ok
test_match_preflight_cancellation_bad_code_and_hardware_are_rejected (test_map_click_qt.MapClickQtTests.test_match_preflight_cancellation_bad_code_and_hardware_are_rejected) ... ok
test_match_stop_work_phase_and_map_changes_stop_before_next_frame (test_map_click_qt.MapClickQtTests.test_match_stop_work_phase_and_map_changes_stop_before_next_frame) ... ok
test_mouse_click_reaches_planner_and_draws_route (test_map_click_qt.MapClickQtTests.test_mouse_click_reaches_planner_and_draws_route) ... ok
test_obstacle_edits_cancel_preflight_motion_and_work_without_late_restart (test_map_click_qt.MapClickQtTests.test_obstacle_edits_cancel_preflight_motion_and_work_without_late_restart) ... ok
test_obstacle_occupied_station_refuses_start_and_preserves_actual_vehicle_pose (test_map_click_qt.MapClickQtTests.test_obstacle_occupied_station_refuses_start_and_preserves_actual_vehicle_pose) ... ok
test_obstacle_scene_button_preserves_four_cylinders_for_complete_match_and_json (test_map_click_qt.MapClickQtTests.test_obstacle_scene_button_preserves_four_cylinders_for_complete_match_and_json) ... ok
test_one_key_complete_match_both_start_zones_and_real_json_export (test_map_click_qt.MapClickQtTests.test_one_key_complete_match_both_start_zones_and_real_json_export) ... ok
test_quick_target_button_reaches_planner (test_map_click_qt.MapClickQtTests.test_quick_target_button_reaches_planner) ... ok
test_reverse_and_diagonal_arrows_follow_motion_while_reference_shows_body (test_map_click_qt.MapClickQtTests.test_reverse_and_diagonal_arrows_follow_motion_while_reference_shows_body) ... ok
test_safe_arc_preview_uses_samples_and_exports_arc_geometry (test_map_click_qt.MapClickQtTests.test_safe_arc_preview_uses_samples_and_exports_arc_geometry) ... ok
test_screenshot_two_obstacles_plan_and_complete_through_real_match_button (test_map_click_qt.MapClickQtTests.test_screenshot_two_obstacles_plan_and_complete_through_real_match_button) ... ok
test_slot_submission_exception_is_shown_not_swallowed (test_map_click_qt.MapClickQtTests.test_slot_submission_exception_is_shown_not_swallowed) ... ok
test_trajectory_arrows_follow_unwrapped_cw_and_ccw_tangents_and_clear (test_map_click_qt.MapClickQtTests.test_trajectory_arrows_follow_unwrapped_cw_and_ccw_tangents_and_clear) ... ok
test_arrival_requires_new_continuous_samples (tests.test_dm_position.MotionTests.test_arrival_requires_new_continuous_samples) ... ok
test_latest_reference_preserves_other_commands (tests.test_dm_position.MotionTests.test_latest_reference_preserves_other_commands) ... ok
test_reference_bounds_speed_acceleration_and_reverse (tests.test_dm_position.MotionTests.test_reference_bounds_speed_acceleration_and_reverse) ... ok
test_simulator_posvel_zero_speed_and_no_mit_gain_dependency (tests.test_dm_position.MotionTests.test_simulator_posvel_zero_speed_and_no_mit_gain_dependency) ... ok
test_unit_ratio_and_limits (tests.test_dm_position.MotionTests.test_unit_ratio_and_limits) ... ok
test_apply_mode_and_enable_keep_current_position (tests.test_dm_position.PositionQtTests.test_apply_mode_and_enable_keep_current_position) ... ok
test_corrupt_profile_does_not_replace_positions (tests.test_dm_position.PositionQtTests.test_corrupt_profile_does_not_replace_positions) ... ok
test_drive_parser_handles_split_repeated_mixed_telemetry (tests.test_dm_position.PositionQtTests.test_drive_parser_handles_split_repeated_mixed_telemetry) ... ok
test_drive_register_write_and_simulated_readback (tests.test_dm_position.PositionQtTests.test_drive_register_write_and_simulated_readback) ... ok
test_drive_requires_disabled_and_stop_cancels_deferred_send (tests.test_dm_position.PositionQtTests.test_drive_requires_disabled_and_stop_cancels_deferred_send) ... ok
test_drive_session_reset_rejects_late_response (tests.test_dm_position.PositionQtTests.test_drive_session_reset_rejects_late_response) ... ok
test_drive_stale_response_mismatch_and_timeout (tests.test_dm_position.PositionQtTests.test_drive_stale_response_mismatch_and_timeout) ... ok
test_external_target_stops_flow_without_restarting (tests.test_dm_position.PositionQtTests.test_external_target_stops_flow_without_restarting) ... ok
test_flow_requires_arrival_then_manual_release_and_return (tests.test_dm_position.PositionQtTests.test_flow_requires_arrival_then_manual_release_and_return) ... ok
test_internal_trapezoid_preset_flow (tests.test_dm_position.PositionQtTests.test_internal_trapezoid_preset_flow) ... ok
test_internal_trapezoid_requires_readback_and_sends_final_target_once (tests.test_dm_position.PositionQtTests.test_internal_trapezoid_requires_readback_and_sends_final_target_once) ... ok
test_mode_selection_only_switches_interface (tests.test_dm_position.PositionQtTests.test_mode_selection_only_switches_interface) ... ok
test_no_move_until_mode_enabled_and_limits_valid (tests.test_dm_position.PositionQtTests.test_no_move_until_mode_enabled_and_limits_valid) ... ok
test_persistence_and_zero_invalidation (tests.test_dm_position.PositionQtTests.test_persistence_and_zero_invalidation) ... ok
test_stale_telemetry_aborts_and_clears_reference (tests.test_dm_position.PositionQtTests.test_stale_telemetry_aborts_and_clears_reference) ... ok
test_switch_to_mit_requires_explicit_apply_before_enable (tests.test_dm_position.PositionQtTests.test_switch_to_mit_requires_explicit_apply_before_enable) ... ok
test_switching_mode_stops_running_goal (tests.test_dm_position.PositionQtTests.test_switching_mode_stops_running_goal) ... ok
test_map_change_during_preflight_cancels (tests.test_hardware_trajectory_qt.HardwareQtTests.test_map_change_during_preflight_cancels) ... ok
test_real_preflight_caps_and_stop_discard_pending_points (tests.test_hardware_trajectory_qt.HardwareQtTests.test_real_preflight_caps_and_stop_discard_pending_points) ... ok
test_uncalibrated_map_refuses_real_upload (tests.test_hardware_trajectory_qt.HardwareQtTests.test_uncalibrated_map_refuses_real_upload) ... ok
test_wrong_actual_start_refuses_without_zero (tests.test_hardware_trajectory_qt.HardwareQtTests.test_wrong_actual_start_refuses_without_zero) ... ok

----------------------------------------------------------------------
Ran 143 tests in 132.038s

OK

完成。含Qt回归。
