test_cancelling_home_cannot_leave_queued_goto (tests.test_hardware_trajectory_qt.HardwareQtTests.test_cancelling_home_cannot_leave_queued_goto) ... ok
test_click_disabled_wheels_cannot_upload_with_nominal_map (tests.test_hardware_trajectory_qt.HardwareQtTests.test_click_disabled_wheels_cannot_upload_with_nominal_map) ... ok
test_click_stale_ops_cannot_upload_with_nominal_map (tests.test_hardware_trajectory_qt.HardwareQtTests.test_click_stale_ops_cannot_upload_with_nominal_map) ... ok
test_fault13_home_bypasses_planner_and_uses_selected_zone_mapping (tests.test_hardware_trajectory_qt.HardwareQtTests.test_fault13_home_bypasses_planner_and_uses_selected_zone_mapping) ... ok
test_home_cancels_for_map_wheels_stale_pose_timeout_or_session_change (tests.test_hardware_trajectory_qt.HardwareQtTests.test_home_cancels_for_map_wheels_stale_pose_timeout_or_session_change) ... ok
test_map_change_cancels_click_upload (tests.test_hardware_trajectory_qt.HardwareQtTests.test_map_change_cancels_click_upload) ... ok
test_map_change_during_preflight_cancels (tests.test_hardware_trajectory_qt.HardwareQtTests.test_map_change_during_preflight_cancels) ... ok
test_missing_competition_config_refuses_full_match (tests.test_hardware_trajectory_qt.HardwareQtTests.test_missing_competition_config_refuses_full_match) ... ok
test_moving_after_stop_cannot_dispatch_home (tests.test_hardware_trajectory_qt.HardwareQtTests.test_moving_after_stop_cannot_dispatch_home) ... ok
test_normal_cancel_and_completion_do_not_grant_direct_return (tests.test_hardware_trajectory_qt.HardwareQtTests.test_normal_cancel_and_completion_do_not_grant_direct_return) ... ok
test_normal_home_always_plans_even_with_click_planning_disabled (tests.test_hardware_trajectory_qt.HardwareQtTests.test_normal_home_always_plans_even_with_click_planning_disabled) ... ok
test_real_click_automatically_uploads_all_then_runs_without_goto (tests.test_hardware_trajectory_qt.HardwareQtTests.test_real_click_automatically_uploads_all_then_runs_without_goto) ... ok
test_real_click_supports_calibration_offsets_beyond_old_goto_range (tests.test_hardware_trajectory_qt.HardwareQtTests.test_real_click_supports_calibration_offsets_beyond_old_goto_range) ... ok
test_real_preflight_caps_and_stop_discard_pending_points (tests.test_hardware_trajectory_qt.HardwareQtTests.test_real_preflight_caps_and_stop_discard_pending_points) ... ok
test_stop_home_waits_for_written_stop_and_fresh_stationary_pose (tests.test_hardware_trajectory_qt.HardwareQtTests.test_stop_home_waits_for_written_stop_and_fresh_stationary_pose) ... ok
test_wrong_actual_start_refuses_without_zero (tests.test_hardware_trajectory_qt.HardwareQtTests.test_wrong_actual_start_refuses_without_zero) ... ok
test_repeated_timeouts_or_device_loss_close_connection (test_serial_lifecycle.SerialLifecycleTests.test_repeated_timeouts_or_device_loss_close_connection) ... ok
test_stop_during_read_keeps_all_io_in_worker (test_serial_lifecycle.SerialLifecycleTests.test_stop_during_read_keeps_all_io_in_worker) ... ok
test_stop_timestamp_requires_a_complete_successful_write (test_serial_lifecycle.SerialLifecycleTests.test_stop_timestamp_requires_a_complete_successful_write) ... ok
test_stop_while_port_is_opening (test_serial_lifecycle.SerialLifecycleTests.test_stop_while_port_is_opening) ... ok
test_write_timeout_preserves_rx_and_does_not_replay_command (test_serial_lifecycle.SerialLifecycleTests.test_write_timeout_preserves_rx_and_does_not_replay_command) ... ok
test_close_waits_for_worker_before_destroying_window (test_serial_lifecycle.WindowLifecycleTests.test_close_waits_for_worker_before_destroying_window) ... ok
test_nonfinite_telemetry_renders (test_serial_lifecycle.WindowLifecycleTests.test_nonfinite_telemetry_renders) ... ok
test_old_error_does_not_stop_new_session (test_serial_lifecycle.WindowLifecycleTests.test_old_error_does_not_stop_new_session) ... ok
test_reconnect_and_sim_wait_for_previous_worker (test_serial_lifecycle.WindowLifecycleTests.test_reconnect_and_sim_wait_for_previous_worker) ... ok
test_quick_target_and_home_plan_when_enabled (test_debugger.DebuggerTests.test_quick_target_and_home_plan_when_enabled) ... Traceback (most recent call last):
  File "E:\STM32\STM32F407VET6_ILHC\HostTools\ILHC_Debugger\ILHC_Qt_v2\main.py", line 4360, in _poll_real_match
    labels='；'.join(job.batch['stations'].get(job.cursor,[]))
                     ^^^^^^^^^
AttributeError: 'types.SimpleNamespace' object has no attribute 'batch'
Traceback (most recent call last):
  File "E:\STM32\STM32F407VET6_ILHC\HostTools\ILHC_Debugger\ILHC_Qt_v2\main.py", line 4360, in _poll_real_match
    labels='；'.join(job.batch['stations'].get(job.cursor,[]))
                     ^^^^^^^^^
AttributeError: 'types.SimpleNamespace' object has no attribute 'batch'
Traceback (most recent call last):
  File "E:\STM32\STM32F407VET6_ILHC\HostTools\ILHC_Debugger\ILHC_Qt_v2\main.py", line 4360, in _poll_real_match
    labels='；'.join(job.batch['stations'].get(job.cursor,[]))
                     ^^^^^^^^^
AttributeError: 'types.SimpleNamespace' object has no attribute 'batch'
Traceback (most recent call last):
  File "E:\STM32\STM32F407VET6_ILHC\HostTools\ILHC_Debugger\ILHC_Qt_v2\main.py", line 4360, in _poll_real_match
    labels='；'.join(job.batch['stations'].get(job.cursor,[]))
                     ^^^^^^^^^
AttributeError: 'types.SimpleNamespace' object has no attribute 'batch'
Traceback (most recent call last):
  File "E:\STM32\STM32F407VET6_ILHC\HostTools\ILHC_Debugger\ILHC_Qt_v2\main.py", line 4360, in _poll_real_match
    labels='；'.join(job.batch['stations'].get(job.cursor,[]))
                     ^^^^^^^^^
AttributeError: 'types.SimpleNamespace' object has no attribute 'batch'
Traceback (most recent call last):
  File "E:\STM32\STM32F407VET6_ILHC\HostTools\ILHC_Debugger\ILHC_Qt_v2\main.py", line 4360, in _poll_real_match
    labels='；'.join(job.batch['stations'].get(job.cursor,[]))
                     ^^^^^^^^^
AttributeError: 'types.SimpleNamespace' object has no attribute 'batch'
ok
test_simulation_home_bypasses_path_checks (test_debugger.DebuggerTests.test_simulation_home_bypasses_path_checks) ... ok
test_normal_sim_home_plans_and_clear_path_does_not_grant_bypass (test_map_click_qt.MapClickQtTests.test_normal_sim_home_plans_and_clear_path_does_not_grant_bypass) ... Traceback (most recent call last):
  File "E:\STM32\STM32F407VET6_ILHC\HostTools\ILHC_Debugger\ILHC_Qt_v2\main.py", line 4360, in _poll_real_match
    labels='；'.join(job.batch['stations'].get(job.cursor,[]))
                     ^^^^^^^^^
AttributeError: 'types.SimpleNamespace' object has no attribute 'batch'
Traceback (most recent call last):
  File "E:\STM32\STM32F407VET6_ILHC\HostTools\ILHC_Debugger\ILHC_Qt_v2\main.py", line 4360, in _poll_real_match
    labels='；'.join(job.batch['stations'].get(job.cursor,[]))
                     ^^^^^^^^^
AttributeError: 'types.SimpleNamespace' object has no attribute 'batch'
Traceback (most recent call last):
  File "E:\STM32\STM32F407VET6_ILHC\HostTools\ILHC_Debugger\ILHC_Qt_v2\main.py", line 4360, in _poll_real_match
    labels='；'.join(job.batch['stations'].get(job.cursor,[]))
                     ^^^^^^^^^
AttributeError: 'types.SimpleNamespace' object has no attribute 'batch'
Traceback (most recent call last):
  File "E:\STM32\STM32F407VET6_ILHC\HostTools\ILHC_Debugger\ILHC_Qt_v2\main.py", line 4360, in _poll_real_match
    labels='；'.join(job.batch['stations'].get(job.cursor,[]))
                     ^^^^^^^^^
AttributeError: 'types.SimpleNamespace' object has no attribute 'batch'
ok
test_sim_match_protective_stop_allows_one_direct_return (test_map_click_qt.MapClickQtTests.test_sim_match_protective_stop_allows_one_direct_return) ... Traceback (most recent call last):
  File "E:\STM32\STM32F407VET6_ILHC\HostTools\ILHC_Debugger\ILHC_Qt_v2\main.py", line 4360, in _poll_real_match
    labels='；'.join(job.batch['stations'].get(job.cursor,[]))
                     ^^^^^^^^^
AttributeError: 'types.SimpleNamespace' object has no attribute 'batch'
Traceback (most recent call last):
  File "E:\STM32\STM32F407VET6_ILHC\HostTools\ILHC_Debugger\ILHC_Qt_v2\main.py", line 4360, in _poll_real_match
    labels='；'.join(job.batch['stations'].get(job.cursor,[]))
                     ^^^^^^^^^
AttributeError: 'types.SimpleNamespace' object has no attribute 'batch'
Traceback (most recent call last):
  File "E:\STM32\STM32F407VET6_ILHC\HostTools\ILHC_Debugger\ILHC_Qt_v2\main.py", line 4360, in _poll_real_match
    labels='；'.join(job.batch['stations'].get(job.cursor,[]))
                     ^^^^^^^^^
AttributeError: 'types.SimpleNamespace' object has no attribute 'batch'
Traceback (most recent call last):
  File "E:\STM32\STM32F407VET6_ILHC\HostTools\ILHC_Debugger\ILHC_Qt_v2\main.py", line 4360, in _poll_real_match
    labels='；'.join(job.batch['stations'].get(job.cursor,[]))
                     ^^^^^^^^^
AttributeError: 'types.SimpleNamespace' object has no attribute 'batch'
ok
test_mid_match_stop_then_direct_sim_home_bypasses_obstacles_without_restart (test_map_click_qt.MapClickQtTests.test_mid_match_stop_then_direct_sim_home_bypasses_obstacles_without_restart) ... Traceback (most recent call last):
  File "E:\STM32\STM32F407VET6_ILHC\HostTools\ILHC_Debugger\ILHC_Qt_v2\main.py", line 4360, in _poll_real_match
    labels='；'.join(job.batch['stations'].get(job.cursor,[]))
                     ^^^^^^^^^
AttributeError: 'types.SimpleNamespace' object has no attribute 'batch'
Traceback (most recent call last):
  File "E:\STM32\STM32F407VET6_ILHC\HostTools\ILHC_Debugger\ILHC_Qt_v2\main.py", line 4360, in _poll_real_match
    labels='；'.join(job.batch['stations'].get(job.cursor,[]))
                     ^^^^^^^^^
AttributeError: 'types.SimpleNamespace' object has no attribute 'batch'
ok
test_direct_sim_home_respects_selected_zone_mapping_stop_and_disabled (test_map_click_qt.MapClickQtTests.test_direct_sim_home_respects_selected_zone_mapping_stop_and_disabled) ... Traceback (most recent call last):
  File "E:\STM32\STM32F407VET6_ILHC\HostTools\ILHC_Debugger\ILHC_Qt_v2\main.py", line 4360, in _poll_real_match
    labels='；'.join(job.batch['stations'].get(job.cursor,[]))
                     ^^^^^^^^^
AttributeError: 'types.SimpleNamespace' object has no attribute 'batch'
Traceback (most recent call last):
  File "E:\STM32\STM32F407VET6_ILHC\HostTools\ILHC_Debugger\ILHC_Qt_v2\main.py", line 4360, in _poll_real_match
    labels='；'.join(job.batch['stations'].get(job.cursor,[]))
                     ^^^^^^^^^
AttributeError: 'types.SimpleNamespace' object has no attribute 'batch'
Traceback (most recent call last):
  File "E:\STM32\STM32F407VET6_ILHC\HostTools\ILHC_Debugger\ILHC_Qt_v2\main.py", line 4360, in _poll_real_match
    labels='；'.join(job.batch['stations'].get(job.cursor,[]))
                     ^^^^^^^^^
AttributeError: 'types.SimpleNamespace' object has no attribute 'batch'
Traceback (most recent call last):
  File "E:\STM32\STM32F407VET6_ILHC\HostTools\ILHC_Debugger\ILHC_Qt_v2\main.py", line 4360, in _poll_real_match
    labels='；'.join(job.batch['stations'].get(job.cursor,[]))
                     ^^^^^^^^^
AttributeError: 'types.SimpleNamespace' object has no attribute 'batch'
ok
test_pending_sim_wheel_disable_cannot_be_bypassed_by_direct_return (test_map_click_qt.MapClickQtTests.test_pending_sim_wheel_disable_cannot_be_bypassed_by_direct_return) ... Traceback (most recent call last):
  File "E:\STM32\STM32F407VET6_ILHC\HostTools\ILHC_Debugger\ILHC_Qt_v2\main.py", line 4360, in _poll_real_match
    labels='；'.join(job.batch['stations'].get(job.cursor,[]))
                     ^^^^^^^^^
AttributeError: 'types.SimpleNamespace' object has no attribute 'batch'
Traceback (most recent call last):
  File "E:\STM32\STM32F407VET6_ILHC\HostTools\ILHC_Debugger\ILHC_Qt_v2\main.py", line 4360, in _poll_real_match
    labels='；'.join(job.batch['stations'].get(job.cursor,[]))
                     ^^^^^^^^^
AttributeError: 'types.SimpleNamespace' object has no attribute 'batch'
Traceback (most recent call last):
  File "E:\STM32\STM32F407VET6_ILHC\HostTools\ILHC_Debugger\ILHC_Qt_v2\main.py", line 4360, in _poll_real_match
    labels='；'.join(job.batch['stations'].get(job.cursor,[]))
                     ^^^^^^^^^
AttributeError: 'types.SimpleNamespace' object has no attribute 'batch'
Traceback (most recent call last):
  File "E:\STM32\STM32F407VET6_ILHC\HostTools\ILHC_Debugger\ILHC_Qt_v2\main.py", line 4360, in _poll_real_match
    labels='；'.join(job.batch['stations'].get(job.cursor,[]))
                     ^^^^^^^^^
AttributeError: 'types.SimpleNamespace' object has no attribute 'batch'
ok

----------------------------------------------------------------------
Ran 32 tests in 18.028s

OK
