test_chassis_send_buttons_supply_all_coordinate_parameters (test_map_click_qt.MapClickQtTests.test_chassis_send_buttons_supply_all_coordinate_parameters) ... ok
test_chassis_send_cancels_entire_competition (test_map_click_qt.MapClickQtTests.test_chassis_send_cancels_entire_competition) ... ok
test_chassis_send_immediately_cancels_coordinate_follow (test_map_click_qt.MapClickQtTests.test_chassis_send_immediately_cancels_coordinate_follow) ... ok
test_continuous_arc_tracks_to_final_stop_and_draws_four_layers (test_map_click_qt.MapClickQtTests.test_continuous_arc_tracks_to_final_stop_and_draws_four_layers) ... ok
test_coordinate_click_executes_without_arcs_and_exports_program (test_map_click_qt.MapClickQtTests.test_coordinate_click_executes_without_arcs_and_exports_program) ... ok
test_direct_obstacle_list_change_is_caught_before_next_core_motion (test_map_click_qt.MapClickQtTests.test_direct_obstacle_list_change_is_caught_before_next_core_motion) ... ok
test_direct_sim_home_respects_selected_zone_mapping_stop_and_disabled (test_map_click_qt.MapClickQtTests.test_direct_sim_home_respects_selected_zone_mapping_stop_and_disabled) ... ok
test_dynamic_snapshot_is_drawn_and_invalidates_old_plan (test_map_click_qt.MapClickQtTests.test_dynamic_snapshot_is_drawn_and_invalidates_old_plan) ... ok
test_invalid_click_displays_failure_without_motion (test_map_click_qt.MapClickQtTests.test_invalid_click_displays_failure_without_motion) ... ok
test_manual_and_random_obstacles_are_preserved_by_match_start (test_map_click_qt.MapClickQtTests.test_manual_and_random_obstacles_are_preserved_by_match_start) ... ok
test_map_version_change_cancels_core_and_all_planned_layers_immediately (test_map_click_qt.MapClickQtTests.test_map_version_change_cancels_core_and_all_planned_layers_immediately) ... ok
test_match_preflight_cancellation_bad_code_and_hardware_are_rejected (test_map_click_qt.MapClickQtTests.test_match_preflight_cancellation_bad_code_and_hardware_are_rejected) ... ok
test_match_stop_work_phase_and_map_changes_stop_before_next_frame (test_map_click_qt.MapClickQtTests.test_match_stop_work_phase_and_map_changes_stop_before_next_frame) ... ok
test_mid_match_stop_then_direct_sim_home_bypasses_obstacles_without_restart (test_map_click_qt.MapClickQtTests.test_mid_match_stop_then_direct_sim_home_bypasses_obstacles_without_restart) ... ok
test_mouse_click_reaches_planner_and_draws_route (test_map_click_qt.MapClickQtTests.test_mouse_click_reaches_planner_and_draws_route) ... ok
test_no_preset_button_and_explicit_obstacles_preserved_for_match_and_json (test_map_click_qt.MapClickQtTests.test_no_preset_button_and_explicit_obstacles_preserved_for_match_and_json) ... ok
test_normal_sim_home_plans_and_clear_path_does_not_grant_bypass (test_map_click_qt.MapClickQtTests.test_normal_sim_home_plans_and_clear_path_does_not_grant_bypass) ... ok
test_obstacle_edits_cancel_preflight_motion_and_work_without_late_restart (test_map_click_qt.MapClickQtTests.test_obstacle_edits_cancel_preflight_motion_and_work_without_late_restart) ... ok
test_obstacle_occupied_station_refuses_start_and_preserves_actual_vehicle_pose (test_map_click_qt.MapClickQtTests.test_obstacle_occupied_station_refuses_start_and_preserves_actual_vehicle_pose) ... ok
test_one_key_complete_match_both_start_zones_and_real_json_export (test_map_click_qt.MapClickQtTests.test_one_key_complete_match_both_start_zones_and_real_json_export) ... ok
test_pending_sim_wheel_disable_cannot_be_bypassed_by_direct_return (test_map_click_qt.MapClickQtTests.test_pending_sim_wheel_disable_cannot_be_bypassed_by_direct_return) ... ok
test_quick_target_button_reaches_planner (test_map_click_qt.MapClickQtTests.test_quick_target_button_reaches_planner) ... ok
test_reverse_and_diagonal_arrows_follow_motion_while_reference_shows_body (test_map_click_qt.MapClickQtTests.test_reverse_and_diagonal_arrows_follow_motion_while_reference_shows_body) ... ok
test_safe_arc_preview_uses_samples_and_exports_arc_geometry (test_map_click_qt.MapClickQtTests.test_safe_arc_preview_uses_samples_and_exports_arc_geometry) ... ok
test_screenshot_two_obstacles_plan_and_complete_through_real_match_button (test_map_click_qt.MapClickQtTests.test_screenshot_two_obstacles_plan_and_complete_through_real_match_button) ... ok
test_sim_match_protective_stop_allows_one_direct_return (test_map_click_qt.MapClickQtTests.test_sim_match_protective_stop_allows_one_direct_return) ... ok
test_slot_submission_exception_is_shown_not_swallowed (test_map_click_qt.MapClickQtTests.test_slot_submission_exception_is_shown_not_swallowed) ... ok
test_trajectory_arrows_follow_unwrapped_cw_and_ccw_tangents_and_clear (test_map_click_qt.MapClickQtTests.test_trajectory_arrows_follow_unwrapped_cw_and_ccw_tangents_and_clear) ... ok
test_arrival_requires_new_continuous_samples (tests.test_dm_position.MotionTests.test_arrival_requires_new_continuous_samples) ... ok
test_latest_reference_preserves_other_commands (tests.test_dm_position.MotionTests.test_latest_reference_preserves_other_commands) ... ok
test_reference_bounds_speed_acceleration_and_reverse (tests.test_dm_position.MotionTests.test_reference_bounds_speed_acceleration_and_reverse) ... ok
test_simulator_posvel_zero_speed_and_no_mit_gain_dependency (tests.test_dm_position.MotionTests.test_simulator_posvel_zero_speed_and_no_mit_gain_dependency) ... ok
test_unit_ratio_and_limits (tests.test_dm_position.MotionTests.test_unit_ratio_and_limits) ... ok
test_apply_mode_and_enable_keep_current_position (tests.test_dm_position.PositionQtTests.test_apply_mode_and_enable_keep_current_position) ... ok
test_corrupt_profile_does_not_replace_positions (tests.test_dm_position.PositionQtTests.test_corrupt_profile_does_not_replace_positions) ... ok
test_drive_parser_handles_split_repeated_mixed_telemetry (tests.test_dm_position.PositionQtTests.test_drive_parser_handles_split_repeated_mixed_telemetry) ... ok
test_drive_register_write_and_simulated_readback (tests.test_dm_position.PositionQtTests.test_drive_register_write_and_simulated_readback) ... ok
test_drive_requires_disabled_and_stop_cancels_deferred_send (tests.test_dm_position.PositionQtTests.test_drive_requires_disabled_and_stop_cancels_deferred_send) ... ok
test_drive_session_reset_rejects_late_response (tests.test_dm_position.PositionQtTests.test_drive_session_reset_rejects_late_response) ... ok
test_drive_stale_response_mismatch_and_timeout (tests.test_dm_position.PositionQtTests.test_drive_stale_response_mismatch_and_timeout) ... ok
test_external_target_stops_flow_without_restarting (tests.test_dm_position.PositionQtTests.test_external_target_stops_flow_without_restarting) ... ok
test_flow_requires_arrival_then_manual_release_and_return (tests.test_dm_position.PositionQtTests.test_flow_requires_arrival_then_manual_release_and_return) ... ok
test_internal_trapezoid_preset_flow (tests.test_dm_position.PositionQtTests.test_internal_trapezoid_preset_flow) ... ok
test_internal_trapezoid_requires_readback_and_sends_final_target_once (tests.test_dm_position.PositionQtTests.test_internal_trapezoid_requires_readback_and_sends_final_target_once) ... ok
test_mode_selection_only_switches_interface (tests.test_dm_position.PositionQtTests.test_mode_selection_only_switches_interface) ... ok
test_no_move_until_mode_enabled_and_limits_valid (tests.test_dm_position.PositionQtTests.test_no_move_until_mode_enabled_and_limits_valid) ... ok
test_persistence_and_zero_invalidation (tests.test_dm_position.PositionQtTests.test_persistence_and_zero_invalidation) ... ok
test_stale_telemetry_aborts_and_clears_reference (tests.test_dm_position.PositionQtTests.test_stale_telemetry_aborts_and_clears_reference) ... ok
test_switch_to_mit_requires_explicit_apply_before_enable (tests.test_dm_position.PositionQtTests.test_switch_to_mit_requires_explicit_apply_before_enable) ... ok
test_switching_mode_stops_running_goal (tests.test_dm_position.PositionQtTests.test_switching_mode_stops_running_goal) ... ok
test_busy_and_sim_mode_refuse_settings_including_console (tests.test_trajectory_settings_qt.TrajectorySettingsQtTests.test_busy_and_sim_mode_refuse_settings_including_console) ... ok
test_fast_preset_is_local_until_sent (tests.test_trajectory_settings_qt.TrajectorySettingsQtTests.test_fast_preset_is_local_until_sent) ... ok
test_json_load_save_and_invalid_file_are_local_and_atomic (tests.test_trajectory_settings_qt.TrajectorySettingsQtTests.test_json_load_save_and_invalid_file_are_local_and_atomic) ... ok
test_mismatched_readback_aborts_remaining_writes (tests.test_trajectory_settings_qt.TrajectorySettingsQtTests.test_mismatched_readback_aborts_remaining_writes) ... ok
test_new_page_edit_and_default_do_not_send (tests.test_trajectory_settings_qt.TrajectorySettingsQtTests.test_new_page_edit_and_default_do_not_send) ... ok
test_one_setting_sends_then_waits_for_actual_readback (tests.test_trajectory_settings_qt.TrajectorySettingsQtTests.test_one_setting_sends_then_waits_for_actual_readback) ... ok
test_pending_write_blocks_match_start (tests.test_trajectory_settings_qt.TrajectorySettingsQtTests.test_pending_write_blocks_match_start) ... ok
test_send_all_is_paced_and_confirmed_one_at_a_time (tests.test_trajectory_settings_qt.TrajectorySettingsQtTests.test_send_all_is_paced_and_confirmed_one_at_a_time) ... ok
test_session_reset_clears_pending_and_readbacks (tests.test_trajectory_settings_qt.TrajectorySettingsQtTests.test_session_reset_clears_pending_and_readbacks) ... ok
test_timeout_and_old_firmware_do_not_claim_success (tests.test_trajectory_settings_qt.TrajectorySettingsQtTests.test_timeout_and_old_firmware_do_not_claim_success) ... ok

----------------------------------------------------------------------
Ran 60 tests in 52.167s

OK
