{"receive_hz": 49.85854647850123, "render_interval_ms": 20, "ui_refresh_hz": 49.85854647850123, "event_loop_max_ms": 8.786899998085573, "map_rects": [[1, 1, 848, 370]]}
         130456 function calls in 2.987 seconds

   Ordered by: cumulative time
   List reduced from 260 to 18 due to restriction <18>

   ncalls  tottime  percall  cumtime  percall filename:lineno(function)
     1651    2.352    0.001    2.352    0.001 {built-in method time.sleep}
     1651    0.548    0.000    0.625    0.000 {built-in method processEvents}
      150    0.009    0.000    0.060    0.000 main.py:3214(_render_ui)
      150    0.006    0.000    0.033    0.000 main.py:3306(_update_map_trail)
      104    0.012    0.000    0.018    0.000 main.py:596(set_trail)
      150    0.003    0.000    0.009    0.000 main.py:3158(_process_frames)
      150    0.003    0.000    0.006    0.000 main.py:570(set_pose)
       49    0.001    0.000    0.004    0.000 main.py:4664(_poll_real_match)
     1500    0.002    0.000    0.004    0.000 main.py:255(set_readback)
     4272    0.003    0.000    0.003    0.000 {method 'setText' of 'PySide6.QtWidgets.QLabel' objects}
      104    0.002    0.000    0.003    0.000 _index_tricks_impl.py:346(__getitem__)
      150    0.002    0.000    0.003    0.000 main.py:4775(_poll_competition)
      600    0.000    0.000    0.003    0.000 queue.py:228(get_nowait)
     1800    0.001    0.000    0.003    0.000 main.py:137(set_value)
     1651    0.003    0.000    0.003    0.000 {method 'geometry' of 'PySide6.QtWidgets.QWidget' objects}
      600    0.001    0.000    0.003    0.000 queue.py:180(get)
      104    0.000    0.000    0.002    0.000 _arraysetops_impl.py:145(unique)
      208    0.002    0.000    0.002    0.000 {method 'setPolygon' of 'PySide6.QtWidgets.QGraphicsPolygonItem' objects}


