{"receive_hz": 49.8262161240983, "render_interval_ms": 20, "ui_refresh_hz": 49.8262161240983, "event_loop_max_ms": 13.957700022729114, "map_rects": [[1, 1, 848, 395]]}
         145772 function calls (145748 primitive calls) in 2.987 seconds

   Ordered by: cumulative time
   List reduced from 351 to 18 due to restriction <18>

   ncalls  tottime  percall  cumtime  percall filename:lineno(function)
     1683    2.345    0.001    2.345    0.001 {built-in method time.sleep}
     1683    0.533    0.000    0.631    0.000 {built-in method processEvents}
      151    0.010    0.000    0.071    0.000 main.py:3214(_render_ui)
      151    0.008    0.000    0.040    0.000 main.py:3306(_update_map_trail)
      121    0.014    0.000    0.022    0.000 main.py:596(set_trail)
      151    0.002    0.000    0.012    0.000 main.py:4775(_poll_competition)
      151    0.003    0.000    0.010    0.000 main.py:3158(_process_frames)
      5/2    0.000    0.000    0.009    0.004 <frozen importlib._bootstrap>:1349(_find_and_load)
      5/2    0.000    0.000    0.009    0.004 <frozen importlib._bootstrap>:1304(_find_and_load_unlocked)
      5/2    0.000    0.000    0.008    0.004 <frozen importlib._bootstrap>:911(_load_unlocked)
      5/2    0.000    0.000    0.008    0.004 <frozen importlib._bootstrap_external>:1020(exec_module)
      151    0.003    0.000    0.007    0.000 main.py:570(set_pose)
     10/4    0.000    0.000    0.007    0.002 <frozen importlib._bootstrap>:480(_call_with_frames_removed)
      6/2    0.001    0.000    0.007    0.003 {built-in method builtins.exec}
        1    0.000    0.000    0.006    0.006 competition_simulation.py:1(<module>)
      288    0.000    0.000    0.005    0.000 loader.py:68(feature_imported)
      288    0.000    0.000    0.004    0.000 feature.py:135(feature_imported)
     1510    0.003    0.000    0.004    0.000 main.py:255(set_readback)


