competition_map MOVING DEFAULT 1 precompute
{"map": "competition_map.json", "control": "DEFAULT", "zone": 1, "turn_mode": "MOVING", "initial_plan_s": 27.427866300044116, "initial_planning_stats": {"search_calls": 6, "static_hits": 0, "revalidated_hits": 0, "local_hits": 2}, "disk_plan_s": 0.07169299997622147, "memory_plan_s": 0.02433530002599582, "cached_search_calls": 0, "batch_s": 0.3260598000488244, "point_count": 20, "modeled_round_s": 61.820000000004065, "rough_to_storage_skeleton": [[1200.0, 350.0], [350.0, 350.0], [350.0, 1150.0]]}
competition_map MOVING REAL 1 precompute
{"map": "competition_map.json", "control": "REAL", "zone": 1, "turn_mode": "MOVING", "initial_plan_s": 27.709616200008895, "initial_planning_stats": {"search_calls": 6, "static_hits": 0, "revalidated_hits": 0, "local_hits": 2}, "disk_plan_s": 0.08785070001613349, "memory_plan_s": 0.03220959997270256, "cached_search_calls": 0, "batch_s": 0.4572238000109792, "point_count": 20, "modeled_round_s": 85.22000000000018, "rough_to_storage_skeleton": [[1200.0, 350.0], [350.0, 350.0], [350.0, 1150.0]]}
competition_map WHEEL DEFAULT 1 precompute
{"map": "competition_map.json", "control": "DEFAULT", "zone": 1, "turn_mode": "WHEEL", "initial_plan_s": 0.076183500001207, "initial_planning_stats": {"search_calls": 0, "static_hits": 6, "revalidated_hits": 0, "local_hits": 2}, "disk_plan_s": 0.0503688000026159, "memory_plan_s": 0.02757239999482408, "cached_search_calls": 0, "batch_s": 0.3594948999816552, "point_count": 23, "modeled_round_s": 68.30000000000355, "rough_to_storage_skeleton": [[1200.0, 350.0], [350.0, 350.0], [350.0, 1150.0]]}
competition_map WHEEL REAL 1 precompute
{"map": "competition_map.json", "control": "REAL", "zone": 1, "turn_mode": "WHEEL", "initial_plan_s": 27.627656999975443, "initial_planning_stats": {"search_calls": 6, "static_hits": 0, "revalidated_hits": 0, "local_hits": 2}, "disk_plan_s": 0.09173119999468327, "memory_plan_s": 0.033444800006691366, "cached_search_calls": 0, "batch_s": 0.4666039000148885, "point_count": 25, "modeled_round_s": 88.77999999999948, "rough_to_storage_skeleton": [[1200.0, 350.0], [350.0, 350.0], [350.0, 1150.0]]}
competition_map STOP_TURN DEFAULT 1 precompute
{"map": "competition_map.json", "control": "DEFAULT", "zone": 1, "turn_mode": "STOP_TURN", "initial_plan_s": 29.18398570001591, "initial_planning_stats": {"search_calls": 6, "static_hits": 0, "revalidated_hits": 0, "local_hits": 2}, "disk_plan_s": 0.09195789997465909, "memory_plan_s": 0.034071700007189065, "cached_search_calls": 0, "batch_s": 0.4357303999713622, "point_count": 30, "modeled_round_s": 89.83999999999926, "rough_to_storage_skeleton": [[1200.0, 350.0], [350.0, 350.0], [350.0, 1150.0]]}
competition_map STOP_TURN REAL 1 precompute
{"map": "competition_map.json", "control": "REAL", "zone": 1, "turn_mode": "STOP_TURN", "initial_plan_s": 30.13364899996668, "initial_planning_stats": {"search_calls": 6, "static_hits": 0, "revalidated_hits": 0, "local_hits": 2}, "disk_plan_s": 0.11181849997956306, "memory_plan_s": 0.08353290002560243, "cached_search_calls": 0, "batch_s": 0.6569558000192046, "point_count": 30, "modeled_round_s": 121.51999999999296, "rough_to_storage_skeleton": [[1200.0, 350.0], [350.0, 350.0], [350.0, 1150.0]]}
navigation_map MOVING DEFAULT 1 precompute
{"map": "navigation_map.json", "control": "DEFAULT", "zone": 1, "turn_mode": "MOVING", "initial_plan_s": 27.419877799984533, "initial_planning_stats": {"search_calls": 6, "static_hits": 0, "revalidated_hits": 0, "local_hits": 2}, "disk_plan_s": 0.06852349999826401, "memory_plan_s": 0.025300299981608987, "cached_search_calls": 0, "batch_s": 0.30488069995772094, "point_count": 20, "modeled_round_s": 61.820000000004065, "rough_to_storage_skeleton": [[1200.0, 350.0], [350.0, 350.0], [350.0, 1150.0]]}
navigation_map MOVING REAL 1 precompute
{"map": "navigation_map.json", "control": "REAL", "zone": 1, "turn_mode": "MOVING", "initial_plan_s": 27.702653900021687, "initial_planning_stats": {"search_calls": 6, "static_hits": 0, "revalidated_hits": 0, "local_hits": 2}, "disk_plan_s": 0.09790609998162836, "memory_plan_s": 0.03457959997467697, "cached_search_calls": 0, "batch_s": 0.46867690002545714, "point_count": 20, "modeled_round_s": 85.22000000000018, "rough_to_storage_skeleton": [[1200.0, 350.0], [350.0, 350.0], [350.0, 1150.0]]}
navigation_map WHEEL DEFAULT 1 precompute
{"map": "navigation_map.json", "control": "DEFAULT", "zone": 1, "turn_mode": "WHEEL", "initial_plan_s": 27.32975809997879, "initial_planning_stats": {"search_calls": 6, "static_hits": 0, "revalidated_hits": 0, "local_hits": 2}, "disk_plan_s": 0.07913609995739534, "memory_plan_s": 0.02750740002375096, "cached_search_calls": 0, "batch_s": 0.340101899986621, "point_count": 23, "modeled_round_s": 68.30000000000355, "rough_to_storage_skeleton": [[1200.0, 350.0], [350.0, 350.0], [350.0, 1150.0]]}
navigation_map WHEEL REAL 1 precompute
{"map": "navigation_map.json", "control": "REAL", "zone": 1, "turn_mode": "WHEEL", "initial_plan_s": 27.657852299977094, "initial_planning_stats": {"search_calls": 6, "static_hits": 0, "revalidated_hits": 0, "local_hits": 2}, "disk_plan_s": 0.09940050001023337, "memory_plan_s": 0.038958100019954145, "cached_search_calls": 0, "batch_s": 0.47370209998916835, "point_count": 25, "modeled_round_s": 88.77999999999948, "rough_to_storage_skeleton": [[1200.0, 350.0], [350.0, 350.0], [350.0, 1150.0]]}
navigation_map STOP_TURN DEFAULT 1 precompute
{"map": "navigation_map.json", "control": "DEFAULT", "zone": 1, "turn_mode": "STOP_TURN", "initial_plan_s": 28.878106500022113, "initial_planning_stats": {"search_calls": 6, "static_hits": 0, "revalidated_hits": 0, "local_hits": 2}, "disk_plan_s": 0.0910007999627851, "memory_plan_s": 0.03579710004851222, "cached_search_calls": 0, "batch_s": 0.42574879998574033, "point_count": 30, "modeled_round_s": 89.83999999999926, "rough_to_storage_skeleton": [[1200.0, 350.0], [350.0, 350.0], [350.0, 1150.0]]}
navigation_map STOP_TURN REAL 1 precompute
{"map": "navigation_map.json", "control": "REAL", "zone": 1, "turn_mode": "STOP_TURN", "initial_plan_s": 30.13760239997646, "initial_planning_stats": {"search_calls": 6, "static_hits": 0, "revalidated_hits": 0, "local_hits": 2}, "disk_plan_s": 0.15181770001072437, "memory_plan_s": 0.04497749998699874, "cached_search_calls": 0, "batch_s": 0.611696399981156, "point_count": 30, "modeled_round_s": 121.51999999999296, "rough_to_storage_skeleton": [[1200.0, 350.0], [350.0, 350.0], [350.0, 1150.0]]}
