Component: ARM Compiler 5.06 update 7 (build 960) Tool: armlink [4d3601]

==============================================================================

Section Cross References

    startup_stm32f407xx.o(STACK) refers (Special) to heapauxi.o(.text) for __use_two_region_memory
    startup_stm32f407xx.o(HEAP) refers (Special) to heapauxi.o(.text) for __use_two_region_memory
    startup_stm32f407xx.o(RESET) refers (Special) to heapauxi.o(.text) for __use_two_region_memory
    startup_stm32f407xx.o(RESET) refers to startup_stm32f407xx.o(STACK) for __initial_sp
    startup_stm32f407xx.o(RESET) refers to startup_stm32f407xx.o(.text) for Reset_Handler
    startup_stm32f407xx.o(RESET) refers to stm32f4xx_it.o(i.NMI_Handler) for NMI_Handler
    startup_stm32f407xx.o(RESET) refers to stm32f4xx_it.o(i.HardFault_Handler) for HardFault_Handler
    startup_stm32f407xx.o(RESET) refers to stm32f4xx_it.o(i.MemManage_Handler) for MemManage_Handler
    startup_stm32f407xx.o(RESET) refers to stm32f4xx_it.o(i.BusFault_Handler) for BusFault_Handler
    startup_stm32f407xx.o(RESET) refers to stm32f4xx_it.o(i.UsageFault_Handler) for UsageFault_Handler
    startup_stm32f407xx.o(RESET) refers to port.o(.emb_text) for SVC_Handler
    startup_stm32f407xx.o(RESET) refers to stm32f4xx_it.o(i.DebugMon_Handler) for DebugMon_Handler
    startup_stm32f407xx.o(RESET) refers to cmsis_os2.o(i.SysTick_Handler) for SysTick_Handler
    startup_stm32f407xx.o(RESET) refers to stm32f4xx_it.o(i.DMA1_Stream5_IRQHandler) for DMA1_Stream5_IRQHandler
    startup_stm32f407xx.o(RESET) refers to stm32f4xx_it.o(i.USART1_IRQHandler) for USART1_IRQHandler
    startup_stm32f407xx.o(RESET) refers to stm32f4xx_it.o(i.USART2_IRQHandler) for USART2_IRQHandler
    startup_stm32f407xx.o(RESET) refers to stm32f4xx_it.o(i.UART4_IRQHandler) for UART4_IRQHandler
    startup_stm32f407xx.o(RESET) refers to stm32f4xx_it.o(i.TIM7_IRQHandler) for TIM7_IRQHandler
    startup_stm32f407xx.o(RESET) refers to stm32f4xx_it.o(i.DMA2_Stream2_IRQHandler) for DMA2_Stream2_IRQHandler
    startup_stm32f407xx.o(RESET) refers to stm32f4xx_it.o(i.CAN2_RX0_IRQHandler) for CAN2_RX0_IRQHandler
    startup_stm32f407xx.o(RESET) refers to stm32f4xx_it.o(i.DMA2_Stream7_IRQHandler) for DMA2_Stream7_IRQHandler
    startup_stm32f407xx.o(.text) refers (Special) to heapauxi.o(.text) for __use_two_region_memory
    startup_stm32f407xx.o(.text) refers to system_stm32f4xx.o(i.SystemInit) for SystemInit
    startup_stm32f407xx.o(.text) refers to __main.o(!!!main) for __main
    startup_stm32f407xx.o(.text) refers to startup_stm32f407xx.o(HEAP) for Heap_Mem
    startup_stm32f407xx.o(.text) refers to startup_stm32f407xx.o(STACK) for Stack_Mem
    main.o(i.HAL_TIM_PeriodElapsedCallback) refers to stm32f4xx_hal.o(i.HAL_IncTick) for HAL_IncTick
    main.o(i.SystemClock_Config) refers to rt_memclr_w.o(.text) for __aeabi_memclr4
    main.o(i.SystemClock_Config) refers to stm32f4xx_hal_rcc.o(i.HAL_RCC_OscConfig) for HAL_RCC_OscConfig
    main.o(i.SystemClock_Config) refers to stm32f4xx_hal_rcc.o(i.HAL_RCC_ClockConfig) for HAL_RCC_ClockConfig
    main.o(i.main) refers to stm32f4xx_hal.o(i.HAL_Init) for HAL_Init
    main.o(i.main) refers to main.o(i.SystemClock_Config) for SystemClock_Config
    main.o(i.main) refers to gpio.o(i.MX_GPIO_Init) for MX_GPIO_Init
    main.o(i.main) refers to dma.o(i.MX_DMA_Init) for MX_DMA_Init
    main.o(i.main) refers to usart.o(i.MX_USART1_UART_Init) for MX_USART1_UART_Init
    main.o(i.main) refers to can.o(i.MX_CAN2_Init) for MX_CAN2_Init
    main.o(i.main) refers to tim.o(i.MX_TIM1_Init) for MX_TIM1_Init
    main.o(i.main) refers to tim.o(i.MX_TIM6_Init) for MX_TIM6_Init
    main.o(i.main) refers to usart.o(i.MX_USART2_UART_Init) for MX_USART2_UART_Init
    main.o(i.main) refers to usart.o(i.MX_USART3_UART_Init) for MX_USART3_UART_Init
    main.o(i.main) refers to usart.o(i.MX_UART4_Init) for MX_UART4_Init
    main.o(i.main) refers to oled_softspi.o(i.SoftSPI_OLED_Init) for SoftSPI_OLED_Init
    main.o(i.main) refers to oled_softspi.o(i.SoftSPI_OLED_ShowString) for SoftSPI_OLED_ShowString
    main.o(i.main) refers to oled_softspi.o(i.SoftSPI_OLED_Refresh) for SoftSPI_OLED_Refresh
    main.o(i.main) refers to hcan.o(i.CAN_Start) for CAN_Start
    main.o(i.main) refers to ops.o(i.OPS_Init) for OPS_Init
    main.o(i.main) refers to zdt_x42s.o(i.ZDT_X42S_InitRx) for ZDT_X42S_InitRx
    main.o(i.main) refers to mecanum_control.o(i.MecanumControl_Init) for MecanumControl_Init
    main.o(i.main) refers to mecanum_control.o(i.MecanumControl_Enable) for MecanumControl_Enable
    main.o(i.main) refers to debug_usart.o(i.DebugUsart_Init) for DebugUsart_Init
    main.o(i.main) refers to cmsis_os2.o(i.osKernelInitialize) for osKernelInitialize
    main.o(i.main) refers to freertos.o(i.MX_FREERTOS_Init) for MX_FREERTOS_Init
    main.o(i.main) refers to cmsis_os2.o(i.osKernelStart) for osKernelStart
    main.o(i.main) refers to can.o(.bss) for hcan2
[...]
    TIM8_BRK_TIM12_IRQHandler                0x08000323   Thumb Code     0  startup_stm32f407xx.o(.text)
    TIM8_CC_IRQHandler                       0x08000323   Thumb Code     0  startup_stm32f407xx.o(.text)
    TIM8_TRG_COM_TIM14_IRQHandler            0x08000323   Thumb Code     0  startup_stm32f407xx.o(.text)
    TIM8_UP_TIM13_IRQHandler                 0x08000323   Thumb Code     0  startup_stm32f407xx.o(.text)
    UART5_IRQHandler                         0x08000323   Thumb Code     0  startup_stm32f407xx.o(.text)
    USART3_IRQHandler                        0x08000323   Thumb Code     0  startup_stm32f407xx.o(.text)
    USART6_IRQHandler                        0x08000323   Thumb Code     0  startup_stm32f407xx.o(.text)
    WWDG_IRQHandler                          0x08000323   Thumb Code     0  startup_stm32f407xx.o(.text)
    __user_initial_stackheap                 0x08000325   Thumb Code     0  startup_stm32f407xx.o(.text)
    __aeabi_uldivmod                         0x08000349   Thumb Code     0  lludivv7m.o(.text)
    _ll_udiv                                 0x08000349   Thumb Code   238  lludivv7m.o(.text)
    strchr                                   0x08000437   Thumb Code    20  strchr.o(.text)
    strlen                                   0x0800044b   Thumb Code    62  strlen.o(.text)
    __aeabi_memcpy                           0x08000489   Thumb Code     0  rt_memcpy_v6.o(.text)
    __rt_memcpy                              0x08000489   Thumb Code   138  rt_memcpy_v6.o(.text)
    _memcpy_lastbytes                        0x080004ef   Thumb Code     0  rt_memcpy_v6.o(.text)
    __aeabi_memmove                          0x08000513   Thumb Code     0  rt_memmove_v6.o(.text)
    __rt_memmove                             0x08000513   Thumb Code   132  rt_memmove_v6.o(.text)
    __memmove_lastfew                        0x08000573   Thumb Code     0  rt_memmove_v6.o(.text)
    __aeabi_memcpy4                          0x08000597   Thumb Code     0  rt_memcpy_w.o(.text)
    __aeabi_memcpy8                          0x08000597   Thumb Code     0  rt_memcpy_w.o(.text)
    __rt_memcpy_w                            0x08000597   Thumb Code   100  rt_memcpy_w.o(.text)
    _memcpy_lastbytes_aligned                0x080005df   Thumb Code     0  rt_memcpy_w.o(.text)
    __aeabi_memset                           0x080005fb   Thumb Code    16  aeabi_memset.o(.text)
    __aeabi_memclr4                          0x0800060b   Thumb Code     0  rt_memclr_w.o(.text)
    __aeabi_memclr8                          0x0800060b   Thumb Code     0  rt_memclr_w.o(.text)
    __rt_memclr_w                            0x0800060b   Thumb Code    78  rt_memclr_w.o(.text)
    _memset_w                                0x0800060f   Thumb Code     0  rt_memclr_w.o(.text)
    __use_two_region_memory                  0x08000659   Thumb Code     2  heapauxi.o(.text)
    __rt_heap_escrow$2region                 0x0800065b   Thumb Code     2  heapauxi.o(.text)
    __rt_heap_expand$2region                 0x0800065d   Thumb Code     2  heapauxi.o(.text)
    __read_errno                             0x0800065f   Thumb Code    10  _rserrno.o(.text)
    __set_errno                              0x08000669   Thumb Code    12  _rserrno.o(.text)
    __aeabi_memmove4                         0x08000675   Thumb Code     0  rt_memmove_w.o(.text)
    __aeabi_memmove8                         0x08000675   Thumb Code     0  rt_memmove_w.o(.text)
    __rt_memmove_w                           0x08000675   Thumb Code   122  rt_memmove_w.o(.text)
    __memmove_aligned                        0x0800069b   Thumb Code     0  rt_memmove_w.o(.text)
    __memmove_lastfew_aligned                0x080006d3   Thumb Code     0  rt_memmove_w.o(.text)
    __aeabi_memclr                           0x080006ef   Thumb Code     0  rt_memclr.o(.text)
    __rt_memclr                              0x080006ef   Thumb Code    68  rt_memclr.o(.text)
    _memset                                  0x080006f3   Thumb Code     0  rt_memclr.o(.text)
    __aeabi_errno_addr                       0x08000735   Thumb Code     8  rt_errno_addr_intlibspace.o(.text)
    __errno$intlibspace                      0x08000735   Thumb Code     0  rt_errno_addr_intlibspace.o(.text)
    __rt_errno_addr$intlibspace              0x08000735   Thumb Code     0  rt_errno_addr_intlibspace.o(.text)
    __user_libspace                          0x0800073d   Thumb Code     8  libspace.o(.text)
    __user_perproc_libspace                  0x0800073d   Thumb Code     0  libspace.o(.text)
    __user_perthread_libspace                0x0800073d   Thumb Code     0  libspace.o(.text)
    __user_setup_stackheap                   0x08000745   Thumb Code    74  sys_stackheap_outer.o(.text)
    exit                                     0x0800078f   Thumb Code    18  exit.o(.text)
    _sys_exit                                0x080007a1   Thumb Code     8  sys_exit.o(.text)
    __I$use$semihosting                      0x080007ad   Thumb Code     0  use_no_semi.o(.text)
    __use_no_semihosting_swi                 0x080007ad   Thumb Code     2  use_no_semi.o(.text)
    BusFault_Handler                         0x080007af   Thumb Code     2  stm32f4xx_it.o(i.BusFault_Handler)
    __semihosting_library_function           0x080007af   Thumb Code     0  indicate_semi.o(.text)
    CAN2_RX0_IRQHandler                      0x080007b1   Thumb Code     6  stm32f4xx_it.o(i.CAN2_RX0_IRQHandler)
    CAN_Rx_Callback                          0x080007bd   Thumb Code   166  debug_usart.o(i.CAN_Rx_Callback)
    CAN_SendData                             0x08000875   Thumb Code    78  hcan.o(i.CAN_SendData)
    CAN_SendEXData                           0x080008c3   Thumb Code    80  hcan.o(i.CAN_SendEXData)
    CAN_Start                                0x08000913   Thumb Code    72  hcan.o(i.CAN_Start)
    Can_SendCmd                              0x0800095d   Thumb Code   196  hcan.o(i.Can_SendCmd)
    DMA1_Stream5_IRQHandler                  0x08000a25   Thumb Code     6  stm32f4xx_it.o(i.DMA1_Stream5_IRQHandler)
    DMA2_Stream2_IRQHandler                  0x08000a31   Thumb Code     6  stm32f4xx_it.o(i.DMA2_Stream2_IRQHandler)
    DMA2_Stream7_IRQHandler                  0x08000a3d   Thumb Code     6  stm32f4xx_it.o(i.DMA2_Stream7_IRQHandler)
    DebugMon_Handler                         0x08000aed   Thumb Code     2  stm32f4xx_it.o(i.DebugMon_Handler)
    DebugUsart_Init                          0x08000b09   Thumb Code   154  debug_usart.o(i.DebugUsart_Init)
    DebugUsart_RxEventCallback               0x08000bb5   Thumb Code   110  debug_usart.o(i.DebugUsart_RxEventCallback)
    DebugUsart_Send                          0x08000c35   Thumb Code  1004  debug_usart.o(i.DebugUsart_Send)
    DmJ4310_DecodeFeedback                   0x08001f1d   Thumb Code   154  dm_j4310.o(i.DmJ4310_DecodeFeedback)
    DmJ4310_Disable                          0x08001fb7   Thumb Code     6  dm_j4310.o(i.DmJ4310_Disable)
    DmJ4310_Enable                           0x08001fbd   Thumb Code     6  dm_j4310.o(i.DmJ4310_Enable)
    DmJ4310_MITControl                       0x08002019   Thumb Code   214  dm_j4310.o(i.DmJ4310_MITControl)
    DmJ4310_PosVelControl                    0x080020fd   Thumb Code    42  dm_j4310.o(i.DmJ4310_PosVelControl)
    DmJ4310_SetControlMode                   0x08002171   Thumb Code    78  dm_j4310.o(i.DmJ4310_SetControlMode)
    DmJ4310_SetZero                          0x080021c5   Thumb Code     6  dm_j4310.o(i.DmJ4310_SetZero)
    Error_Handler                            0x08002211   Thumb Code     4  main.o(i.Error_Handler)
    HAL_CAN_ActivateNotification             0x08002215   Thumb Code    36  stm32f4xx_hal_can.o(i.HAL_CAN_ActivateNotification)
    HAL_CAN_AddTxMessage                     0x08002239   Thumb Code   208  stm32f4xx_hal_can.o(i.HAL_CAN_AddTxMessage)
    HAL_CAN_ConfigFilter                     0x08002309   Thumb Code   262  stm32f4xx_hal_can.o(i.HAL_CAN_ConfigFilter)
    HAL_CAN_ErrorCallback                    0x08002415   Thumb Code     2  stm32f4xx_hal_can.o(i.HAL_CAN_ErrorCallback)
    HAL_CAN_GetRxMessage                     0x08002417   Thumb Code   244  stm32f4xx_hal_can.o(i.HAL_CAN_GetRxMessage)
    HAL_CAN_GetTxMailboxesFreeLevel          0x0800250b   Thumb Code    44  stm32f4xx_hal_can.o(i.HAL_CAN_GetTxMailboxesFreeLevel)
    HAL_CAN_IRQHandler                       0x08002537   Thumb Code   508  stm32f4xx_hal_can.o(i.HAL_CAN_IRQHandler)
    HAL_CAN_Init                             0x08002733   Thumb Code   282  stm32f4xx_hal_can.o(i.HAL_CAN_Init)
    HAL_CAN_MspInit                          0x0800284d   Thumb Code   124  can.o(i.HAL_CAN_MspInit)
    HAL_CAN_RxFifo0FullCallback              0x080028d5   Thumb Code     2  stm32f4xx_hal_can.o(i.HAL_CAN_RxFifo0FullCallback)
    HAL_CAN_RxFifo0MsgPendingCallback        0x080028d9   Thumb Code    82  hcan.o(i.HAL_CAN_RxFifo0MsgPendingCallback)
    HAL_CAN_RxFifo1FullCallback              0x08002939   Thumb Code     2  stm32f4xx_hal_can.o(i.HAL_CAN_RxFifo1FullCallback)
    HAL_CAN_RxFifo1MsgPendingCallback        0x0800293b   Thumb Code     2  stm32f4xx_hal_can.o(i.HAL_CAN_RxFifo1MsgPendingCallback)
    HAL_CAN_SleepCallback                    0x0800293d   Thumb Code     2  stm32f4xx_hal_can.o(i.HAL_CAN_SleepCallback)
    HAL_CAN_Start                            0x08002941   Thumb Code    88  stm32f4xx_hal_can.o(i.HAL_CAN_Start)
    HAL_CAN_TxMailbox0AbortCallback          0x08002999   Thumb Code     2  stm32f4xx_hal_can.o(i.HAL_CAN_TxMailbox0AbortCallback)
    HAL_CAN_TxMailbox0CompleteCallback       0x0800299b   Thumb Code     2  stm32f4xx_hal_can.o(i.HAL_CAN_TxMailbox0CompleteCallback)
    HAL_CAN_TxMailbox1AbortCallback          0x0800299d   Thumb Code     2  stm32f4xx_hal_can.o(i.HAL_CAN_TxMailbox1AbortCallback)
    HAL_CAN_TxMailbox1CompleteCallback       0x0800299f   Thumb Code     2  stm32f4xx_hal_can.o(i.HAL_CAN_TxMailbox1CompleteCallback)
    HAL_CAN_TxMailbox2AbortCallback          0x080029a1   Thumb Code     2  stm32f4xx_hal_can.o(i.HAL_CAN_TxMailbox2AbortCallback)
    HAL_CAN_TxMailbox2CompleteCallback       0x080029a3   Thumb Code     2  stm32f4xx_hal_can.o(i.HAL_CAN_TxMailbox2CompleteCallback)
    HAL_CAN_WakeUpFromRxMsgCallback          0x080029a5   Thumb Code     2  stm32f4xx_hal_can.o(i.HAL_CAN_WakeUpFromRxMsgCallback)
    HAL_DMA_Abort                            0x080029a7   Thumb Code   146  stm32f4xx_hal_dma.o(i.HAL_DMA_Abort)
    HAL_DMA_Abort_IT                         0x08002a39   Thumb Code    36  stm32f4xx_hal_dma.o(i.HAL_DMA_Abort_IT)
    HAL_DMA_GetError                         0x08002a5d   Thumb Code     4  stm32f4xx_hal_dma.o(i.HAL_DMA_GetError)
    HAL_DMA_GetState                         0x08002a61   Thumb Code     6  stm32f4xx_hal_dma.o(i.HAL_DMA_GetState)
    HAL_DMA_IRQHandler                       0x08002a69   Thumb Code   412  stm32f4xx_hal_dma.o(i.HAL_DMA_IRQHandler)
    HAL_DMA_Init                             0x08002c09   Thumb Code   206  stm32f4xx_hal_dma.o(i.HAL_DMA_Init)
    HAL_DMA_Start_IT                         0x08002cdd   Thumb Code   110  stm32f4xx_hal_dma.o(i.HAL_DMA_Start_IT)
    HAL_Delay                                0x08002d4d   Thumb Code    32  stm32f4xx_hal.o(i.HAL_Delay)
    HAL_GPIO_Init                            0x08002d71   Thumb Code   450  stm32f4xx_hal_gpio.o(i.HAL_GPIO_Init)
    HAL_GPIO_WritePin                        0x08002f61   Thumb Code    10  stm32f4xx_hal_gpio.o(i.HAL_GPIO_WritePin)
    HAL_GetTick                              0x08002f6d   Thumb Code     6  stm32f4xx_hal.o(i.HAL_GetTick)
    HAL_IncTick                              0x08002f79   Thumb Code    12  stm32f4xx_hal.o(i.HAL_IncTick)
    HAL_Init                                 0x08002f89   Thumb Code    48  stm32f4xx_hal.o(i.HAL_Init)
    HAL_InitTick                             0x08002fbd   Thumb Code   132  stm32f4xx_hal_timebase_tim.o(i.HAL_InitTick)
    HAL_MspInit                              0x08003055   Thumb Code    52  stm32f4xx_hal_msp.o(i.HAL_MspInit)
    HAL_NVIC_EnableIRQ                       0x0800308d   Thumb Code    26  stm32f4xx_hal_cortex.o(i.HAL_NVIC_EnableIRQ)
    HAL_NVIC_SetPriority                     0x080030a9   Thumb Code    60  stm32f4xx_hal_cortex.o(i.HAL_NVIC_SetPriority)
    HAL_NVIC_SetPriorityGrouping             0x080030e9   Thumb Code    26  stm32f4xx_hal_cortex.o(i.HAL_NVIC_SetPriorityGrouping)
    HAL_RCC_ClockConfig                      0x0800310d   Thumb Code   288  stm32f4xx_hal_rcc.o(i.HAL_RCC_ClockConfig)
    HAL_RCC_GetClockConfig                   0x08003241   Thumb Code    54  stm32f4xx_hal_rcc.o(i.HAL_RCC_GetClockConfig)
    HAL_RCC_GetPCLK1Freq                     0x08003281   Thumb Code    20  stm32f4xx_hal_rcc.o(i.HAL_RCC_GetPCLK1Freq)
    HAL_RCC_GetPCLK2Freq                     0x080032a1   Thumb Code    20  stm32f4xx_hal_rcc.o(i.HAL_RCC_GetPCLK2Freq)
    HAL_RCC_GetSysClockFreq                  0x080032c1   Thumb Code    88  stm32f4xx_hal_rcc.o(i.HAL_RCC_GetSysClockFreq)
    HAL_RCC_OscConfig                        0x08003321   Thumb Code   856  stm32f4xx_hal_rcc.o(i.HAL_RCC_OscConfig)
    HAL_TIMEx_BreakCallback                  0x0800368d   Thumb Code     2  stm32f4xx_hal_tim_ex.o(i.HAL_TIMEx_BreakCallback)
    HAL_TIMEx_CommutCallback                 0x0800368f   Thumb Code     2  stm32f4xx_hal_tim_ex.o(i.HAL_TIMEx_CommutCallback)
    HAL_TIMEx_ConfigBreakDeadTime            0x08003691   Thumb Code    84  stm32f4xx_hal_tim_ex.o(i.HAL_TIMEx_ConfigBreakDeadTime)
    HAL_TIMEx_MasterConfigSynchronization    0x080036e5   Thumb Code   116  stm32f4xx_hal_tim_ex.o(i.HAL_TIMEx_MasterConfigSynchronization)
    HAL_TIM_Base_Init                        0x08003775   Thumb Code    90  stm32f4xx_hal_tim.o(i.HAL_TIM_Base_Init)
    HAL_TIM_Base_MspInit                     0x080037d1   Thumb Code    56  tim.o(i.HAL_TIM_Base_MspInit)
    HAL_TIM_Base_Start_IT                    0x08003815   Thumb Code   100  stm32f4xx_hal_tim.o(i.HAL_TIM_Base_Start_IT)
    HAL_TIM_ConfigClockSource                0x08003895   Thumb Code   220  stm32f4xx_hal_tim.o(i.HAL_TIM_ConfigClockSource)
    HAL_TIM_IC_CaptureCallback               0x08003971   Thumb Code     2  stm32f4xx_hal_tim.o(i.HAL_TIM_IC_CaptureCallback)
    HAL_TIM_IRQHandler                       0x08003973   Thumb Code   304  stm32f4xx_hal_tim.o(i.HAL_TIM_IRQHandler)
    HAL_TIM_MspPostInit                      0x08003aa5   Thumb Code    72  tim.o(i.HAL_TIM_MspPostInit)
    HAL_TIM_OC_DelayElapsedCallback          0x08003af9   Thumb Code     2  stm32f4xx_hal_tim.o(i.HAL_TIM_OC_DelayElapsedCallback)
    HAL_TIM_PWM_ConfigChannel                0x08003afb   Thumb Code   204  stm32f4xx_hal_tim.o(i.HAL_TIM_PWM_ConfigChannel)
    HAL_TIM_PWM_Init                         0x08003bc7   Thumb Code    90  stm32f4xx_hal_tim.o(i.HAL_TIM_PWM_Init)
    HAL_TIM_PWM_MspInit                      0x08003c21   Thumb Code     2  stm32f4xx_hal_tim.o(i.HAL_TIM_PWM_MspInit)
    HAL_TIM_PWM_PulseFinishedCallback        0x08003c23   Thumb Code     2  stm32f4xx_hal_tim.o(i.HAL_TIM_PWM_PulseFinishedCallback)
    HAL_TIM_PeriodElapsedCallback            0x08003c25   Thumb Code    14  main.o(i.HAL_TIM_PeriodElapsedCallback)
    HAL_TIM_TriggerCallback                  0x08003c39   Thumb Code     2  stm32f4xx_hal_tim.o(i.HAL_TIM_TriggerCallback)
    HAL_UARTEx_ReceiveToIdle_DMA             0x08003c3b   Thumb Code    74  stm32f4xx_hal_uart.o(i.HAL_UARTEx_ReceiveToIdle_DMA)
    HAL_UARTEx_RxEventCallback               0x08003c85   Thumb Code    52  ops.o(i.HAL_UARTEx_RxEventCallback)
    HAL_UART_AbortCpltCallback               0x08003cc1   Thumb Code     2  stm32f4xx_hal_uart.o(i.HAL_UART_AbortCpltCallback)
    HAL_UART_AbortReceive                    0x08003cc3   Thumb Code   148  stm32f4xx_hal_uart.o(i.HAL_UART_AbortReceive)
    HAL_UART_AbortReceiveCpltCallback        0x08003d57   Thumb Code     2  stm32f4xx_hal_uart.o(i.HAL_UART_AbortReceiveCpltCallback)
    HAL_UART_AbortTransmitCpltCallback       0x08003d59   Thumb Code     2  stm32f4xx_hal_uart.o(i.HAL_UART_AbortTransmitCpltCallback)
    HAL_UART_ErrorCallback                   0x08003d5d   Thumb Code    24  ops.o(i.HAL_UART_ErrorCallback)
    HAL_UART_IRQHandler                      0x08003d81   Thumb Code   636  stm32f4xx_hal_uart.o(i.HAL_UART_IRQHandler)
    HAL_UART_Init                            0x08004001   Thumb Code   114  stm32f4xx_hal_uart.o(i.HAL_UART_Init)
    HAL_UART_MspInit                         0x08004079   Thumb Code   474  usart.o(i.HAL_UART_MspInit)
    HAL_UART_Receive_IT                      0x08004281   Thumb Code    28  stm32f4xx_hal_uart.o(i.HAL_UART_Receive_IT)
    HAL_UART_RegisterCallback                0x0800429d   Thumb Code   118  stm32f4xx_hal_uart.o(i.HAL_UART_RegisterCallback)
    HAL_UART_RegisterRxEventCallback         0x08004313   Thumb Code    66  stm32f4xx_hal_uart.o(i.HAL_UART_RegisterRxEventCallback)
    HAL_UART_RxCpltCallback                  0x08004355   Thumb Code     2  stm32f4xx_hal_uart.o(i.HAL_UART_RxCpltCallback)
    HAL_UART_RxHalfCpltCallback              0x08004357   Thumb Code     2  stm32f4xx_hal_uart.o(i.HAL_UART_RxHalfCpltCallback)
    HAL_UART_Transmit                        0x08004359   Thumb Code   160  stm32f4xx_hal_uart.o(i.HAL_UART_Transmit)
    HAL_UART_Transmit_DMA                    0x080043f9   Thumb Code   120  stm32f4xx_hal_uart.o(i.HAL_UART_Transmit_DMA)
    HAL_UART_TxCpltCallback                  0x0800447d   Thumb Code     2  stm32f4xx_hal_uart.o(i.HAL_UART_TxCpltCallback)
    HAL_UART_TxHalfCpltCallback              0x0800447f   Thumb Code     2  stm32f4xx_hal_uart.o(i.HAL_UART_TxHalfCpltCallback)
    HardFault_Handler                        0x080044bb   Thumb Code     2  stm32f4xx_it.o(i.HardFault_Handler)
    MX_CAN2_Init                             0x080044bd   Thumb Code    60  can.o(i.MX_CAN2_Init)
    MX_DMA_Init                              0x08004501   Thumb Code    88  dma.o(i.MX_DMA_Init)
    MX_FREERTOS_Init                         0x0800455d   Thumb Code    18  freertos.o(i.MX_FREERTOS_Init)
    MX_GPIO_Init                             0x0800457d   Thumb Code   176  gpio.o(i.MX_GPIO_Init)
    MX_TIM1_Init                             0x08004639   Thumb Code   194  tim.o(i.MX_TIM1_Init)
    MX_TIM6_Init                             0x08004705   Thumb Code    60  tim.o(i.MX_TIM6_Init)
    MX_UART4_Init                            0x08004749   Thumb Code    48  usart.o(i.MX_UART4_Init)
    MX_USART1_UART_Init                      0x08004781   Thumb Code    48  usart.o(i.MX_USART1_UART_Init)
    MX_USART2_UART_Init                      0x080047b9   Thumb Code    48  usart.o(i.MX_USART2_UART_Init)
    MX_USART3_UART_Init                      0x080047f1   Thumb Code    48  usart.o(i.MX_USART3_UART_Init)
    MecanumControl_ClearTarget               0x08004829   Thumb Code    28  mecanum_control.o(i.MecanumControl_ClearTarget)
    MecanumControl_Disable                   0x0800484d   Thumb Code    30  mecanum_control.o(i.MecanumControl_Disable)
    MecanumControl_Enable                    0x0800486b   Thumb Code    36  mecanum_control.o(i.MecanumControl_Enable)
    MecanumControl_GetPose                   0x08004891   Thumb Code    48  mecanum_control.o(i.MecanumControl_GetPose)
    MecanumControl_GotoOPS                   0x080048c5   Thumb Code   120  mecanum_control.o(i.MecanumControl_GotoOPS)
    MecanumControl_Init                      0x08004949   Thumb Code    84  mecanum_control.o(i.MecanumControl_Init)
    MecanumControl_MoveVelocity              0x080049b1   Thumb Code    68  mecanum_control.o(i.MecanumControl_MoveVelocity)
    MecanumControl_Stop                      0x080049f5   Thumb Code    22  mecanum_control.o(i.MecanumControl_Stop)
    Mecanum_NormalizeWheelSpeed              0x08004a99   Thumb Code   130  mecanum_control.o(i.Mecanum_NormalizeWheelSpeed)
    MemManage_Handler                        0x08004b21   Thumb Code     2  stm32f4xx_it.o(i.MemManage_Handler)
    Motor28_AbsPosition                      0x08004b23   Thumb Code    60  stepper_2835.o(i.Motor28_AbsPosition)
    Motor35_AbsPosition                      0x08004b5f   Thumb Code    68  stepper_2835.o(i.Motor35_AbsPosition)
    Motor_AbsPosition                        0x08004ba5   Thumb Code   130  stepper_2835.o(i.Motor_AbsPosition)
    Motor_Homing                             0x08004c3d   Thumb Code    38  stepper_2835.o(i.Motor_Homing)
    NMI_Handler                              0x08004c6d   Thumb Code     2  stm32f4xx_it.o(i.NMI_Handler)
    OPS_ConsumeSessionChanged                0x08004c71   Thumb Code    24  ops.o(i.OPS_ConsumeSessionChanged)
    OPS_GetPosition                          0x08004e49   Thumb Code     6  ops.o(i.OPS_GetPosition)
    OPS_Init                                 0x08004e51   Thumb Code   104  ops.o(i.OPS_Init)
    OPS_IsOnline                             0x08004ecd   Thumb Code    36  ops.o(i.OPS_IsOnline)
    OPS_SendCommand                          0x080051d1   Thumb Code    26  ops.o(i.OPS_SendCommand)
    OPS_ServiceRx                            0x080051f1   Thumb Code    92  ops.o(i.OPS_ServiceRx)
    OPS_SetMountOffset                       0x08005255   Thumb Code   106  ops.o(i.OPS_SetMountOffset)
    OPS_Start                                0x080052d1   Thumb Code    24  ops.o(i.OPS_Start)
    OPS_ZeroCoordinates                      0x080052ed   Thumb Code    62  ops.o(i.OPS_ZeroCoordinates)
    SetMotorVoltageAndDirection              0x08005335   Thumb Code    72  mecanum_control.o(i.SetMotorVoltageAndDirection)
    SoftSPI_OLED_Clear                       0x08005381   Thumb Code    44  oled_softspi.o(i.SoftSPI_OLED_Clear)
    SoftSPI_OLED_DrawPoint                   0x080053b5   Thumb Code    44  oled_softspi.o(i.SoftSPI_OLED_DrawPoint)
    SoftSPI_OLED_Init                        0x080053e5   Thumb Code   420  oled_softspi.o(i.SoftSPI_OLED_Init)
    SoftSPI_OLED_Refresh                     0x08005599   Thumb Code    70  oled_softspi.o(i.SoftSPI_OLED_Refresh)
    SoftSPI_OLED_ShowChar                    0x080055e5   Thumb Code   248  oled_softspi.o(i.SoftSPI_OLED_ShowChar)
    SoftSPI_OLED_ShowString                  0x080056ed   Thumb Code    94  oled_softspi.o(i.SoftSPI_OLED_ShowString)
    SoftSPI_OLED_WR_Byte                     0x0800574d   Thumb Code   124  oled_softspi.o(i.SoftSPI_OLED_WR_Byte)
    SpeedTarget_stop                         0x080057d5   Thumb Code    14  mecanum_control.o(i.SpeedTarget_stop)
    StartDefaultTask                         0x080057e9   Thumb Code    12  freertos.o(i.StartDefaultTask)
    Stepper2835_OnRx                         0x08005811   Thumb Code   104  stepper_2835.o(i.Stepper2835_OnRx)
    SysTick_Handler                          0x0800587d   Thumb Code    26  cmsis_os2.o(i.SysTick_Handler)
    SystemClock_Config                       0x08005899   Thumb Code   138  main.o(i.SystemClock_Config)
    SystemInit                               0x0800592d   Thumb Code    12  system_stm32f4xx.o(i.SystemInit)
    TIM7_IRQHandler                          0x0800593d   Thumb Code     6  stm32f4xx_it.o(i.TIM7_IRQHandler)
    TIM_Base_SetConfig                       0x08005949   Thumb Code   164  stm32f4xx_hal_tim.o(i.TIM_Base_SetConfig)
    TIM_ETR_SetConfig                        0x08005a19   Thumb Code    20  stm32f4xx_hal_tim.o(i.TIM_ETR_SetConfig)
    TIM_OC2_SetConfig                        0x08005a9d   Thumb Code    98  stm32f4xx_hal_tim.o(i.TIM_OC2_SetConfig)
    UART4_IRQHandler                         0x08005c09   Thumb Code     6  stm32f4xx_it.o(i.UART4_IRQHandler)
    UART_InitCallbacksToDefault              0x08005db9   Thumb Code    38  stm32f4xx_hal_uart.o(i.UART_InitCallbacksToDefault)
    UART_Start_Receive_DMA                   0x08005fd5   Thumb Code   146  stm32f4xx_hal_uart.o(i.UART_Start_Receive_DMA)
    UART_Start_Receive_IT                    0x08006075   Thumb Code    54  stm32f4xx_hal_uart.o(i.UART_Start_Receive_IT)
    USART1_IRQHandler                        0x0800611d   Thumb Code     6  stm32f4xx_it.o(i.USART1_IRQHandler)
    USART2_IRQHandler                        0x08006129   Thumb Code     6  stm32f4xx_it.o(i.USART2_IRQHandler)
    UsageFault_Handler                       0x08006135   Thumb Code     2  stm32f4xx_it.o(i.UsageFault_Handler)
    ZDT_X42S_Disable                         0x08006137   Thumb Code    44  zdt_x42s.o(i.ZDT_X42S_Disable)
    ZDT_X42S_Enable                          0x08006163   Thumb Code    46  zdt_x42s.o(i.ZDT_X42S_Enable)
    ZDT_X42S_InitRx                          0x08006191   Thumb Code    62  zdt_x42s.o(i.ZDT_X42S_InitRx)
    ZDT_X42S_PopReply                        0x080061e1   Thumb Code    70  zdt_x42s.o(i.ZDT_X42S_PopReply)
    ZDT_X42S_ServiceRx                       0x08006309   Thumb Code    58  zdt_x42s.o(i.ZDT_X42S_ServiceRx)
    ZDT_X42S_SpeedAcc                        0x0800634d   Thumb Code    62  zdt_x42s.o(i.ZDT_X42S_SpeedAcc)
    ZDT_X42S_Stop                            0x0800638b   Thumb Code    40  zdt_x42s.o(i.ZDT_X42S_Stop)
    __ARM_fpclassifyf                        0x080063b3   Thumb Code    38  fpclassifyf.o(i.__ARM_fpclassifyf)
    __hardfp_cosf                            0x080063f9   Thumb Code   280  cosf.o(i.__hardfp_cosf)
    __hardfp_fmodf                           0x08006549   Thumb Code   176  fmodf.o(i.__hardfp_fmodf)
    __hardfp_sinf                            0x080065f9   Thumb Code   344  sinf.o(i.__hardfp_sinf)
    __mathlib_flt_infnan                     0x08006789   Thumb Code     6  funder.o(i.__mathlib_flt_infnan)
    __mathlib_flt_invalid                    0x08006791   Thumb Code    10  funder.o(i.__mathlib_flt_invalid)
    __mathlib_flt_underflow                  0x080067a1   Thumb Code    10  funder.o(i.__mathlib_flt_underflow)
    __mathlib_rredf2                         0x080067b1   Thumb Code   316  rredf.o(i.__mathlib_rredf2)
    chassis_move                             0x08006905   Thumb Code   762  mecanum_control.o(i.chassis_move)
    main                                     0x08006c45   Thumb Code   132  main.o(i.main)
    numerical_limit                          0x08006cd5   Thumb Code    82  mecanum_control.o(i.numerical_limit)
    osDelay                                  0x08006d27   Thumb Code    26  cmsis_os2.o(i.osDelay)
    osKernelInitialize                       0x08006d41   Thumb Code    32  cmsis_os2.o(i.osKernelInitialize)
    osKernelStart                            0x08006d65   Thumb Code    48  cmsis_os2.o(i.osKernelStart)
    osThreadNew                              0x08006d9d   Thumb Code   138  cmsis_os2.o(i.osThreadNew)
    pvPortMalloc                             0x080075bd   Thumb Code   216  heap_4.o(i.pvPortMalloc)
    pxPortInitialiseStack                    0x08007699   Thumb Code    40  port.o(i.pxPortInitialiseStack)
    uxListRemove                             0x080076c5   Thumb Code    38  list.o(i.uxListRemove)
    vApplicationGetIdleTaskMemory            0x080076ed   Thumb Code    16  cmsis_os2.o(i.vApplicationGetIdleTaskMemory)
    vApplicationGetTimerTaskMemory           0x08007701   Thumb Code    18  cmsis_os2.o(i.vApplicationGetTimerTaskMemory)
    vListInitialise                          0x08007719   Thumb Code    22  list.o(i.vListInitialise)
    vListInitialiseItem                      0x0800772f   Thumb Code     6  list.o(i.vListInitialiseItem)
    vListInsert                              0x08007735   Thumb Code    48  list.o(i.vListInsert)
    vListInsertEnd                           0x08007765   Thumb Code    24  list.o(i.vListInsertEnd)
    vPortEnterCritical                       0x0800777d   Thumb Code    54  port.o(i.vPortEnterCritical)
    vPortExitCritical                        0x080077bd   Thumb Code    34  port.o(i.vPortExitCritical)
    vPortFree                                0x080077e5   Thumb Code    94  heap_4.o(i.vPortFree)
    vPortSetupTimerInterrupt                 0x08007849   Thumb Code    32  port.o(i.vPortSetupTimerInterrupt)
    vPortValidateInterruptPriority           0x0800786d   Thumb Code    74  port.o(i.vPortValidateInterruptPriority)
    vQueueAddToRegistry                      0x080078c1   Thumb Code    34  queue.o(i.vQueueAddToRegistry)
    vQueueWaitForMessageRestricted           0x080078e9   Thumb Code    68  queue.o(i.vQueueWaitForMessageRestricted)
    vTaskDelay                               0x0800792d   Thumb Code    66  tasks.o(i.vTaskDelay)
    vTaskInternalSetTimeOutState             0x08007979   Thumb Code    12  tasks.o(i.vTaskInternalSetTimeOutState)
    vTaskMissedYield                         0x08007989   Thumb Code     8  tasks.o(i.vTaskMissedYield)
    vTaskPlaceOnEventList                    0x08007995   Thumb Code    44  tasks.o(i.vTaskPlaceOnEventList)
    vTaskPlaceOnEventListRestricted          0x080079c5   Thumb Code    52  tasks.o(i.vTaskPlaceOnEventListRestricted)
    vTaskStartScheduler                      0x080079fd   Thumb Code   118  tasks.o(i.vTaskStartScheduler)
    vTaskSuspendAll                          0x08007a85   Thumb Code    10  tasks.o(i.vTaskSuspendAll)
    vTaskSwitchContext                       0x08007a95   Thumb Code    90  tasks.o(i.vTaskSwitchContext)
    xPortStartScheduler                      0x08007af9   Thumb Code   222  port.o(i.xPortStartScheduler)
    xPortSysTickHandler                      0x08007bed   Thumb Code    38  port.o(i.xPortSysTickHandler)
    xQueueGenericCreateStatic                0x08007c19   Thumb Code   102  queue.o(i.xQueueGenericCreateStatic)
    xQueueGenericReset                       0x08007c81   Thumb Code   132  queue.o(i.xQueueGenericReset)
    xQueueGenericSend                        0x08007d09   Thumb Code   346  queue.o(i.xQueueGenericSend)
    xQueueGenericSendFromISR                 0x08007e69   Thumb Code   190  queue.o(i.xQueueGenericSendFromISR)
    xQueueReceive                            0x08007f29   Thumb Code   308  queue.o(i.xQueueReceive)
    xTaskCheckForTimeOut                     0x08008061   Thumb Code   112  tasks.o(i.xTaskCheckForTimeOut)
    xTaskCreate                              0x080080d5   Thumb Code    90  tasks.o(i.xTaskCreate)
    xTaskCreateStatic                        0x0800812f   Thumb Code    86  tasks.o(i.xTaskCreateStatic)
    xTaskGetSchedulerState                   0x08008185   Thumb Code    22  tasks.o(i.xTaskGetSchedulerState)
    xTaskGetTickCount                        0x080081a1   Thumb Code     6  tasks.o(i.xTaskGetTickCount)
    xTaskIncrementTick                       0x080081ad   Thumb Code   192  tasks.o(i.xTaskIncrementTick)
    xTaskPriorityDisinherit                  0x08008275   Thumb Code   118  tasks.o(i.xTaskPriorityDisinherit)
    xTaskRemoveFromEventList                 0x080082f5   Thumb Code    98  tasks.o(i.xTaskRemoveFromEventList)
    xTaskResumeAll                           0x08008365   Thumb Code   182  tasks.o(i.xTaskResumeAll)
    xTimerCreateTimerTask                    0x08008429   Thumb Code    78  timers.o(i.xTimerCreateTimerTask)
    xTimerGenericCommand                     0x08008489   Thumb Code    98  timers.o(i.xTimerGenericCommand)
    __fpl_fnaninf                            0x080084f1   Thumb Code   140  fnaninf.o(x$fpl$fnaninf)
    _fp_init                                 0x0800857d   Thumb Code    10  fpinit.o(x$fpl$fpinit)
    __fplib_config_fpu_vfp                   0x08008585   Thumb Code     0  fpinit.o(x$fpl$fpinit)
    __fplib_config_pureend_doubles           0x08008585   Thumb Code     0  fpinit.o(x$fpl$fpinit)
    _frem                                    0x08008589   Thumb Code   240  frem_clz.o(x$fpl$frem)
    __I$use$fp                               0x0800867c   Number         0  usenofp.o(x$fpl$usenofp)
    defaultTask_attributes                   0x0800867c   Data          36  freertos.o(.constdata)
    AHBPrescTable                            0x080086a8   Data          16  system_stm32f4xx.o(.constdata)
    APBPrescTable                            0x080086b8   Data           8  system_stm32f4xx.o(.constdata)
    asc2_0806                                0x080086c0   Data         552  oled_softspi.o(.constdata)
    asc2_1206                                0x080088e8   Data        1140  oled_softspi.o(.constdata)
    asc2_1608                                0x08008d5c   Data        1520  oled_softspi.o(.constdata)
    asc2_2412                                0x0800934c   Data        3420  oled_softspi.o(.constdata)
    Hzk                                      0x0800a0a8   Data         512  oled_softspi.o(.constdata)
    Hzk1                                     0x0800a2a8   Data         352  oled_softspi.o(.constdata)
    Hzk2                                     0x0800a408   Data          72  oled_softspi.o(.constdata)
    Hzk3                                     0x0800a450   Data         128  oled_softspi.o(.constdata)
    Hzk4                                     0x0800a4d0   Data         512  oled_softspi.o(.constdata)
    Region$$Table$$Base                      0x0800aa78   Number         0  anon$$obj.o(Region$$Table)
    Region$$Table$$Limit                     0x0800aa98   Number         0  anon$$obj.o(Region$$Table)
    defaultTaskHandle                        0x20000000   Data           4  freertos.o(.data)
    uwTickFreq                               0x20000004   Data           1  stm32f4xx_hal.o(.data)
    uwTickPrio                               0x20000008   Data           4  stm32f4xx_hal.o(.data)
    uwTick                                   0x2000000c   Data           4  stm32f4xx_hal.o(.data)
    SystemCoreClock                          0x20000010   Data           4  system_stm32f4xx.o(.data)
    pxCurrentTCB                             0x20000014   Data           4  tasks.o(.data)
    hcanRxFlag                               0x200000b4   Data           1  hcan.o(.data)
    in_pos                                   0x20000134   Data           1  mecanum_control.o(.data)
    near_pos                                 0x20000135   Data           1  mecanum_control.o(.data)
    delay_pos                                0x20000136   Data           1  mecanum_control.o(.data)
    mKpx                                     0x20000138   Data           4  mecanum_control.o(.data)
    mKpy                                     0x2000013c   Data           4  mecanum_control.o(.data)
    mKpz                                     0x20000140   Data           4  mecanum_control.o(.data)
    XYVmax                                   0x20000144   Data           4  mecanum_control.o(.data)
    ZVmax                                    0x20000148   Data           4  mecanum_control.o(.data)
    XYVmin                                   0x2000014c   Data           4  mecanum_control.o(.data)
    ZVmin                                    0x20000150   Data           4  mecanum_control.o(.data)
    pos_x                                    0x20000154   Data           4  mecanum_control.o(.data)
    pos_y                                    0x20000158   Data           4  mecanum_control.o(.data)
    zangle                                   0x2000015c   Data           4  mecanum_control.o(.data)
    devx                                     0x20000160   Data           4  mecanum_control.o(.data)
    devy                                     0x20000164   Data           4  mecanum_control.o(.data)
    devz                                     0x20000168   Data           4  mecanum_control.o(.data)
    hcan2                                    0x2000016c   Data          40  can.o(.bss)
    htim1                                    0x20000194   Data          72  tim.o(.bss)
    htim6                                    0x200001dc   Data          72  tim.o(.bss)
    huart1                                   0x20000224   Data         120  usart.o(.bss)
    huart2                                   0x2000029c   Data         120  usart.o(.bss)
    huart3                                   0x20000314   Data         120  usart.o(.bss)
    huart4                                   0x2000038c   Data         120  usart.o(.bss)
    hdma_usart1_rx                           0x20000404   Data          96  usart.o(.bss)
    hdma_usart1_tx                           0x20000464   Data          96  usart.o(.bss)
    hdma_usart2_rx                           0x200004c4   Data          96  usart.o(.bss)
    htim7                                    0x20000524   Data          72  stm32f4xx_hal_timebase_tim.o(.bss)
    xQueueRegistry                           0x2000056c   Data          64  queue.o(.bss)
    SoftSPI_OLED_GRAM                        0x20004e68   Data        1152  oled_softspi.o(.bss)
    hcanRxFrame                              0x200053bc   Data          20  hcan.o(.bss)
    SpeedTarget                              0x20005630   Data          16  mecanum_control.o(.bss)
    last_Speed                               0x20005640   Data          16  mecanum_control.o(.bss)
    __libspace_start                         0x20005650   Data          96  libspace.o(.bss)
    __temporary_stack_top$libspace           0x200056b0   Data           0  libspace.o(.bss)



==============================================================================

Memory Map of the image

  Image Entry point : 0x08000189

  Load Region LR_IROM1 (Base: 0x08000000, Size: 0x0000ac04, Max: 0x00080000, ABSOLUTE, COMPRESSED[0x0000aabc])

    Execution Region ER_IROM1 (Exec base: 0x08000000, Load base: 0x08000000, Size: 0x0000aa98, Max: 0x00080000, ABSOLUTE)

    Exec Addr    Load Addr    Size         Type   Attr      Idx    E Section Name        Object

    0x08000000   0x08000000   0x00000188   Data   RO            3    RESET               startup_stm32f407xx.o
    0x08000188   0x08000188   0x00000008   Code   RO         6158  * !!!main             c_w.l(__main.o)
    0x08000190   0x08000190   0x00000034   Code   RO         6400    !!!scatter          c_w.l(__scatter.o)
    0x080001c4   0x080001c4   0x0000003a   Code   RO         6398    !!dczerorl          c_w.l(__dczerorl.o)
    0x080001fe   0x080001fe   0x00000002   PAD
    0x08000200   0x08000200   0x0000001c   Code   RO         6402    !!handler_zi        c_w.l(__scatter_zi.o)
    0x0800021c   0x0800021c   0x00000002   Code   RO         6269    .ARM.Collect$$libinit$$00000000  c_w.l(libinit.o)
    0x0800021e   0x0800021e   0x00000004   Code   RO         6278    .ARM.Collect$$libinit$$00000001  c_w.l(libinit2.o)
    0x08000222   0x08000222   0x00000000   Code   RO         6281    .ARM.Collect$$libinit$$00000004  c_w.l(libinit2.o)
    0x08000222   0x08000222   0x00000000   Code   RO         6284    .ARM.Collect$$libinit$$0000000A  c_w.l(libinit2.o)
    0x08000222   0x08000222   0x00000000   Code   RO         6286    .ARM.Collect$$libinit$$0000000C  c_w.l(libinit2.o)
    0x08000222   0x08000222   0x00000000   Code   RO         6288    .ARM.Collect$$libinit$$0000000E  c_w.l(libinit2.o)
    0x08000222   0x08000222   0x00000000   Code   RO         6291    .ARM.Collect$$libinit$$00000011  c_w.l(libinit2.o)
    0x08000222   0x08000222   0x00000000   Code   RO         6293    .ARM.Collect$$libinit$$00000013  c_w.l(libinit2.o)
    0x08000222   0x08000222   0x00000000   Code   RO         6295    .ARM.Collect$$libinit$$00000015  c_w.l(libinit2.o)
    0x08000222   0x08000222   0x00000000   Code   RO         6297    .ARM.Collect$$libinit$$00000017  c_w.l(libinit2.o)
    0x08000222   0x08000222   0x00000000   Code   RO         6299    .ARM.Collect$$libinit$$00000019  c_w.l(libinit2.o)
    0x08000222   0x08000222   0x00000000   Code   RO         6301    .ARM.Collect$$libinit$$0000001B  c_w.l(libinit2.o)
    0x08000222   0x08000222   0x00000000   Code   RO         6303    .ARM.Collect$$libinit$$0000001D  c_w.l(libinit2.o)
    0x08000222   0x08000222   0x00000000   Code   RO         6305    .ARM.Collect$$libinit$$0000001F  c_w.l(libinit2.o)
    0x08000222   0x08000222   0x00000000   Code   RO         6307    .ARM.Collect$$libinit$$00000021  c_w.l(libinit2.o)
    0x08000222   0x08000222   0x00000000   Code   RO         6309    .ARM.Collect$$libinit$$00000023  c_w.l(libinit2.o)
    0x08000222   0x08000222   0x00000000   Code   RO         6311    .ARM.Collect$$libinit$$00000025  c_w.l(libinit2.o)
    0x08000222   0x08000222   0x00000000   Code   RO         6315    .ARM.Collect$$libinit$$0000002C  c_w.l(libinit2.o)
    0x08000222   0x08000222   0x00000000   Code   RO         6317    .ARM.Collect$$libinit$$0000002E  c_w.l(libinit2.o)
    0x08000222   0x08000222   0x00000000   Code   RO         6319    .ARM.Collect$$libinit$$00000030  c_w.l(libinit2.o)
    0x08000222   0x08000222   0x00000000   Code   RO         6321    .ARM.Collect$$libinit$$00000032  c_w.l(libinit2.o)
    0x08000222   0x08000222   0x00000002   Code   RO         6322    .ARM.Collect$$libinit$$00000033  c_w.l(libinit2.o)
    0x08000224   0x08000224   0x00000002   Code   RO         6353    .ARM.Collect$$libshutdown$$00000000  c_w.l(libshutdown.o)
    0x08000226   0x08000226   0x00000000   Code   RO         6379    .ARM.Collect$$libshutdown$$00000002  c_w.l(libshutdown2.o)
    0x08000226   0x08000226   0x00000000   Code   RO         6381    .ARM.Collect$$libshutdown$$00000004  c_w.l(libshutdown2.o)
    0x08000226   0x08000226   0x00000000   Code   RO         6383    .ARM.Collect$$libshutdown$$00000006  c_w.l(libshutdown2.o)
    0x08000226   0x08000226   0x00000000   Code   RO         6386    .ARM.Collect$$libshutdown$$00000009  c_w.l(libshutdown2.o)
    0x08000226   0x08000226   0x00000000   Code   RO         6389    .ARM.Collect$$libshutdown$$0000000C  c_w.l(libshutdown2.o)
    0x08000226   0x08000226   0x00000000   Code   RO         6391    .ARM.Collect$$libshutdown$$0000000E  c_w.l(libshutdown2.o)
    0x08000226   0x08000226   0x00000000   Code   RO         6394    .ARM.Collect$$libshutdown$$00000011  c_w.l(libshutdown2.o)
    0x08000226   0x08000226   0x00000002   Code   RO         6395    .ARM.Collect$$libshutdown$$00000012  c_w.l(libshutdown2.o)
    0x08000228   0x08000228   0x00000000   Code   RO         6196    .ARM.Collect$$rtentry$$00000000  c_w.l(__rtentry.o)
    0x08000228   0x08000228   0x00000000   Code   RO         6230    .ARM.Collect$$rtentry$$00000002  c_w.l(__rtentry2.o)
    0x08000228   0x08000228   0x00000006   Code   RO         6242    .ARM.Collect$$rtentry$$00000004  c_w.l(__rtentry4.o)
    0x0800022e   0x0800022e   0x00000000   Code   RO         6232    .ARM.Collect$$rtentry$$00000009  c_w.l(__rtentry2.o)
    0x0800022e   0x0800022e   0x00000004   Code   RO         6233    .ARM.Collect$$rtentry$$0000000A  c_w.l(__rtentry2.o)
    0x08000232   0x08000232   0x00000000   Code   RO         6235    .ARM.Collect$$rtentry$$0000000C  c_w.l(__rtentry2.o)
    0x08000232   0x08000232   0x00000008   Code   RO         6236    .ARM.Collect$$rtentry$$0000000D  c_w.l(__rtentry2.o)
    0x0800023a   0x0800023a   0x00000002   Code   RO         6270    .ARM.Collect$$rtexit$$00000000  c_w.l(rtexit.o)
    0x0800023c   0x0800023c   0x00000000   Code   RO         6326    .ARM.Collect$$rtexit$$00000002  c_w.l(rtexit2.o)
    0x0800023c   0x0800023c   0x00000004   Code   RO         6327    .ARM.Collect$$rtexit$$00000003  c_w.l(rtexit2.o)
    0x08000240   0x08000240   0x00000006   Code   RO         6328    .ARM.Collect$$rtexit$$00000004  c_w.l(rtexit2.o)
    0x08000246   0x08000246   0x00000002   PAD
    0x08000248   0x08000248   0x000000be   Code   RO         5112    .emb_text           port.o
    0x08000306   0x08000306   0x00000002   PAD
    0x08000308   0x08000308   0x00000040   Code   RO            4    .text               startup_stm32f407xx.o
    0x08000348   0x08000348   0x000000ee   Code   RO         6138    .text               c_w.l(lludivv7m.o)
    0x08000436   0x08000436   0x00000014   Code   RO         6140    .text               c_w.l(strchr.o)
    0x0800044a   0x0800044a   0x0000003e   Code   RO         6142    .text               c_w.l(strlen.o)
    0x08000488   0x08000488   0x0000008a   Code   RO         6144    .text               c_w.l(rt_memcpy_v6.o)
    0x08000512   0x08000512   0x00000084   Code   RO         6146    .text               c_w.l(rt_memmove_v6.o)
    0x08000596   0x08000596   0x00000064   Code   RO         6148    .text               c_w.l(rt_memcpy_w.o)
    0x080005fa   0x080005fa   0x00000010   Code   RO         6152    .text               c_w.l(aeabi_memset.o)
    0x0800060a   0x0800060a   0x0000004e   Code   RO         6154    .text               c_w.l(rt_memclr_w.o)
    0x08000658   0x08000658   0x00000006   Code   RO         6156    .text               c_w.l(heapauxi.o)
    0x0800065e   0x0800065e   0x00000016   Code   RO         6201    .text               c_w.l(_rserrno.o)
    0x08000674   0x08000674   0x0000007a   Code   RO         6203    .text               c_w.l(rt_memmove_w.o)
    0x080006ee   0x080006ee   0x00000044   Code   RO         6205    .text               c_w.l(rt_memclr.o)
    0x08000732   0x08000732   0x00000002   PAD
    0x08000734   0x08000734   0x00000008   Code   RO         6249    .text               c_w.l(rt_errno_addr_intlibspace.o)
    0x0800073c   0x0800073c   0x00000008   Code   RO         6253    .text               c_w.l(libspace.o)
    0x08000744   0x08000744   0x0000004a   Code   RO         6256    .text               c_w.l(sys_stackheap_outer.o)
    0x0800078e   0x0800078e   0x00000012   Code   RO         6258    .text               c_w.l(exit.o)
    0x080007a0   0x080007a0   0x0000000c   Code   RO         6323    .text               c_w.l(sys_exit.o)
    0x080007ac   0x080007ac   0x00000002   Code   RO         6342    .text               c_w.l(use_no_semi.o)
    0x080007ae   0x080007ae   0x00000000   Code   RO         6344    .text               c_w.l(indicate_semi.o)
    0x080007ae   0x080007ae   0x00000002   Code   RO          477    i.BusFault_Handler  stm32f4xx_it.o
    0x080007b0   0x080007b0   0x0000000c   Code   RO          478    i.CAN2_RX0_IRQHandler  stm32f4xx_it.o
    0x080007bc   0x080007bc   0x000000b8   Code   RO         5737    i.CAN_Rx_Callback   debug_usart.o
    0x08000874   0x08000874   0x0000004e   Code   RO         5582    i.CAN_SendData      hcan.o
    0x080008c2   0x080008c2   0x00000050   Code   RO         5583    i.CAN_SendEXData    hcan.o
    0x08000912   0x08000912   0x00000048   Code   RO         5584    i.CAN_Start         hcan.o
    0x0800095a   0x0800095a   0x00000002   PAD
    0x0800095c   0x0800095c   0x000000c8   Code   RO         5585    i.Can_SendCmd       hcan.o
    0x08000a24   0x08000a24   0x0000000c   Code   RO          479    i.DMA1_Stream5_IRQHandler  stm32f4xx_it.o
    0x08000a30   0x08000a30   0x0000000c   Code   RO          480    i.DMA2_Stream2_IRQHandler  stm32f4xx_it.o
    0x08000a3c   0x08000a3c   0x0000000c   Code   RO          481    i.DMA2_Stream7_IRQHandler  stm32f4xx_it.o
    0x08000a48   0x08000a48   0x00000028   Code   RO         2312    i.DMA_CalcBaseAndBitshift  stm32f4xx_hal_dma.o
    0x08000a70   0x08000a70   0x00000054   Code   RO         2313    i.DMA_CheckFifoParam  stm32f4xx_hal_dma.o
    0x08000ac4   0x08000ac4   0x00000028   Code   RO         2314    i.DMA_SetConfig     stm32f4xx_hal_dma.o
    0x08000aec   0x08000aec   0x00000002   Code   RO          482    i.DebugMon_Handler  stm32f4xx_it.o
    0x08000aee   0x08000aee   0x00000002   PAD
    0x08000af0   0x08000af0   0x00000018   Code   RO         5738    i.DebugUsart_ErrorCallback  debug_usart.o
    0x08000b08   0x08000b08   0x000000ac   Code   RO         5739    i.DebugUsart_Init   debug_usart.o
    0x08000bb4   0x08000bb4   0x00000080   Code   RO         5740    i.DebugUsart_RxEventCallback  debug_usart.o
    0x08000c34   0x08000c34   0x00000444   Code   RO         5741    i.DebugUsart_Send   debug_usart.o
    0x08001078   0x08001078   0x00000084   Code   RO         5742    i.DebugUsart_ServiceRx  debug_usart.o
    0x080010fc   0x080010fc   0x00000044   Code   RO         5743    i.DebugUsart_StartRx  debug_usart.o
    0x08001140   0x08001140   0x00000014   Code   RO         5744    i.Debug_ChassisStop  debug_usart.o
    0x08001154   0x08001154   0x00000014   Code   RO         5745    i.Debug_InternalToUser  debug_usart.o
    0x08001168   0x08001168   0x000000a4   Code   RO         5746    i.Debug_ParseFloat  debug_usart.o
    0x0800120c   0x0800120c   0x0000044c   Code   RO         5747    i.Debug_ParseLine   debug_usart.o
    0x08001658   0x08001658   0x00000070   Code   RO         5748    i.Debug_ParseManual  debug_usart.o
    0x080016c8   0x080016c8   0x00000084   Code   RO         5749    i.Debug_ParseOffset  debug_usart.o
    0x0800174c   0x0800174c   0x0000012c   Code   RO         5750    i.Debug_ParseStepper  debug_usart.o
    0x08001878   0x08001878   0x00000052   Code   RO         5751    i.Debug_ParseUnsignedList  debug_usart.o
    0x080018ca   0x080018ca   0x00000002   PAD
    0x080018cc   0x080018cc   0x000000a8   Code   RO         5752    i.Debug_ServiceManual  debug_usart.o
    0x08001974   0x08001974   0x0000009c   Code   RO         5753    i.Debug_ServiceSteppers  debug_usart.o
    0x08001a10   0x08001a10   0x00000040   Code   RO         5754    i.Debug_ServiceWheel  debug_usart.o
    0x08001a50   0x08001a50   0x0000012c   Code   RO         5755    i.Debug_ServiceZdt  debug_usart.o
    0x08001b7c   0x08001b7c   0x000000a8   Code   RO         5756    i.Debug_ServiceZdtReplies  debug_usart.o
    0x08001c24   0x08001c24   0x000001b8   Code   RO         5757    i.Debug_SetDmValue  debug_usart.o
    0x08001ddc   0x08001ddc   0x00000060   Code   RO         5758    i.Debug_SetParam    debug_usart.o
    0x08001e3c   0x08001e3c   0x0000003a   Code   RO         5759    i.Debug_StrCaseCmp  debug_usart.o
    0x08001e76   0x08001e76   0x00000036   Code   RO         5760    i.Debug_StrCaseCmpN  debug_usart.o
    0x08001eac   0x08001eac   0x00000014   Code   RO         5761    i.Debug_UserToInternal  debug_usart.o
    0x08001ec0   0x08001ec0   0x00000010   Code   RO         5762    i.Debug_WheelReady  debug_usart.o
    0x08001ed0   0x08001ed0   0x00000030   Code   RO         5763    i.Debug_ZdtAck      debug_usart.o
    0x08001f00   0x08001f00   0x0000001c   Code   RO         5764    i.Debug_ZdtTestFinish  debug_usart.o
    0x08001f1c   0x08001f1c   0x0000009a   Code   RO         5659    i.DmJ4310_DecodeFeedback  dm_j4310.o
    0x08001fb6   0x08001fb6   0x00000006   Code   RO         5660    i.DmJ4310_Disable   dm_j4310.o
    0x08001fbc   0x08001fbc   0x00000006   Code   RO         5661    i.DmJ4310_Enable    dm_j4310.o
    0x08001fc2   0x08001fc2   0x00000056   Code   RO         5662    i.DmJ4310_FloatToUint  dm_j4310.o
    0x08002018   0x08002018   0x000000e4   Code   RO         5663    i.DmJ4310_MITControl  dm_j4310.o
    0x080020fc   0x080020fc   0x00000030   Code   RO         5664    i.DmJ4310_PosVelControl  dm_j4310.o
    0x0800212c   0x0800212c   0x00000044   Code   RO         5665    i.DmJ4310_SendSystemCmd  dm_j4310.o
    0x08002170   0x08002170   0x00000054   Code   RO         5666    i.DmJ4310_SetControlMode  dm_j4310.o
    0x080021c4   0x080021c4   0x00000006   Code   RO         5667    i.DmJ4310_SetZero   dm_j4310.o
    0x080021ca   0x080021ca   0x00000002   PAD
    0x080021cc   0x080021cc   0x00000044   Code   RO         5668    i.DmJ4310_UintToFloat  dm_j4310.o
    0x08002210   0x08002210   0x00000004   Code   RO           13    i.Error_Handler     main.o
    0x08002214   0x08002214   0x00000024   Code   RO         1620    i.HAL_CAN_ActivateNotification  stm32f4xx_hal_can.o
    0x08002238   0x08002238   0x000000d0   Code   RO         1621    i.HAL_CAN_AddTxMessage  stm32f4xx_hal_can.o
    0x08002308   0x08002308   0x0000010c   Code   RO         1622    i.HAL_CAN_ConfigFilter  stm32f4xx_hal_can.o
    0x08002414   0x08002414   0x00000002   Code   RO         1625    i.HAL_CAN_ErrorCallback  stm32f4xx_hal_can.o
    0x08002416   0x08002416   0x000000f4   Code   RO         1628    i.HAL_CAN_GetRxMessage  stm32f4xx_hal_can.o
    0x0800250a   0x0800250a   0x0000002c   Code   RO         1630    i.HAL_CAN_GetTxMailboxesFreeLevel  stm32f4xx_hal_can.o
    0x08002536   0x08002536   0x000001fc   Code   RO         1632    i.HAL_CAN_IRQHandler  stm32f4xx_hal_can.o
    0x08002732   0x08002732   0x0000011a   Code   RO         1633    i.HAL_CAN_Init      stm32f4xx_hal_can.o
    0x0800284c   0x0800284c   0x00000088   Code   RO          298    i.HAL_CAN_MspInit   can.o
    0x080028d4   0x080028d4   0x00000002   Code   RO         1640    i.HAL_CAN_RxFifo0FullCallback  stm32f4xx_hal_can.o
    0x080028d6   0x080028d6   0x00000002   PAD
    0x080028d8   0x080028d8   0x00000060   Code   RO         5586    i.HAL_CAN_RxFifo0MsgPendingCallback  hcan.o
    0x08002938   0x08002938   0x00000002   Code   RO         1642    i.HAL_CAN_RxFifo1FullCallback  stm32f4xx_hal_can.o
    0x0800293a   0x0800293a   0x00000002   Code   RO         1643    i.HAL_CAN_RxFifo1MsgPendingCallback  stm32f4xx_hal_can.o
    0x0800293c   0x0800293c   0x00000002   Code   RO         1644    i.HAL_CAN_SleepCallback  stm32f4xx_hal_can.o
    0x0800293e   0x0800293e   0x00000002   PAD
    0x08002940   0x08002940   0x00000058   Code   RO         1645    i.HAL_CAN_Start     stm32f4xx_hal_can.o
    0x08002998   0x08002998   0x00000002   Code   RO         1647    i.HAL_CAN_TxMailbox0AbortCallback  stm32f4xx_hal_can.o
    0x0800299a   0x0800299a   0x00000002   Code   RO         1648    i.HAL_CAN_TxMailbox0CompleteCallback  stm32f4xx_hal_can.o
    0x0800299c   0x0800299c   0x00000002   Code   RO         1649    i.HAL_CAN_TxMailbox1AbortCallback  stm32f4xx_hal_can.o
    0x0800299e   0x0800299e   0x00000002   Code   RO         1650    i.HAL_CAN_TxMailbox1CompleteCallback  stm32f4xx_hal_can.o
    0x080029a0   0x080029a0   0x00000002   Code   RO         1651    i.HAL_CAN_TxMailbox2AbortCallback  stm32f4xx_hal_can.o
    0x080029a2   0x080029a2   0x00000002   Code   RO         1652    i.HAL_CAN_TxMailbox2CompleteCallback  stm32f4xx_hal_can.o
    0x080029a4   0x080029a4   0x00000002   Code   RO         1654    i.HAL_CAN_WakeUpFromRxMsgCallback  stm32f4xx_hal_can.o
    0x080029a6   0x080029a6   0x00000092   Code   RO         2315    i.HAL_DMA_Abort     stm32f4xx_hal_dma.o
    0x08002a38   0x08002a38   0x00000024   Code   RO         2316    i.HAL_DMA_Abort_IT  stm32f4xx_hal_dma.o
    0x08002a5c   0x08002a5c   0x00000004   Code   RO         2318    i.HAL_DMA_GetError  stm32f4xx_hal_dma.o
    0x08002a60   0x08002a60   0x00000006   Code   RO         2319    i.HAL_DMA_GetState  stm32f4xx_hal_dma.o
    0x08002a66   0x08002a66   0x00000002   PAD
    0x08002a68   0x08002a68   0x000001a0   Code   RO         2320    i.HAL_DMA_IRQHandler  stm32f4xx_hal_dma.o
    0x08002c08   0x08002c08   0x000000d4   Code   RO         2321    i.HAL_DMA_Init      stm32f4xx_hal_dma.o
    0x08002cdc   0x08002cdc   0x0000006e   Code   RO         2325    i.HAL_DMA_Start_IT  stm32f4xx_hal_dma.o
    0x08002d4a   0x08002d4a   0x00000002   PAD
    0x08002d4c   0x08002d4c   0x00000024   Code   RO         2752    i.HAL_Delay         stm32f4xx_hal.o
    0x08002d70   0x08002d70   0x000001f0   Code   RO         2208    i.HAL_GPIO_Init     stm32f4xx_hal_gpio.o
    0x08002f60   0x08002f60   0x0000000a   Code   RO         2212    i.HAL_GPIO_WritePin  stm32f4xx_hal_gpio.o
    0x08002f6a   0x08002f6a   0x00000002   PAD
    0x08002f6c   0x08002f6c   0x0000000c   Code   RO         2758    i.HAL_GetTick       stm32f4xx_hal.o
    0x08002f78   0x08002f78   0x00000010   Code   RO         2764    i.HAL_IncTick       stm32f4xx_hal.o
    0x08002f88   0x08002f88   0x00000034   Code   RO         2765    i.HAL_Init          stm32f4xx_hal.o
    0x08002fbc   0x08002fbc   0x00000098   Code   RO          607    i.HAL_InitTick      stm32f4xx_hal_timebase_tim.o
    0x08003054   0x08003054   0x00000038   Code   RO          583    i.HAL_MspInit       stm32f4xx_hal_msp.o
    0x0800308c   0x0800308c   0x0000001a   Code   RO         2600    i.HAL_NVIC_EnableIRQ  stm32f4xx_hal_cortex.o
    0x080030a6   0x080030a6   0x00000002   PAD
    0x080030a8   0x080030a8   0x00000040   Code   RO         2606    i.HAL_NVIC_SetPriority  stm32f4xx_hal_cortex.o
    0x080030e8   0x080030e8   0x00000024   Code   RO         2607    i.HAL_NVIC_SetPriorityGrouping  stm32f4xx_hal_cortex.o
    0x0800310c   0x0800310c   0x00000134   Code   RO         1854    i.HAL_RCC_ClockConfig  stm32f4xx_hal_rcc.o
    0x08003240   0x08003240   0x00000040   Code   RO         1858    i.HAL_RCC_GetClockConfig  stm32f4xx_hal_rcc.o
    0x08003280   0x08003280   0x00000020   Code   RO         1861    i.HAL_RCC_GetPCLK1Freq  stm32f4xx_hal_rcc.o
    0x080032a0   0x080032a0   0x00000020   Code   RO         1862    i.HAL_RCC_GetPCLK2Freq  stm32f4xx_hal_rcc.o
    0x080032c0   0x080032c0   0x00000060   Code   RO         1863    i.HAL_RCC_GetSysClockFreq  stm32f4xx_hal_rcc.o
    0x08003320   0x08003320   0x0000036c   Code   RO         1866    i.HAL_RCC_OscConfig  stm32f4xx_hal_rcc.o
    0x0800368c   0x0800368c   0x00000002   Code   RO         1352    i.HAL_TIMEx_BreakCallback  stm32f4xx_hal_tim_ex.o
    0x0800368e   0x0800368e   0x00000002   Code   RO         1353    i.HAL_TIMEx_CommutCallback  stm32f4xx_hal_tim_ex.o
    0x08003690   0x08003690   0x00000054   Code   RO         1355    i.HAL_TIMEx_ConfigBreakDeadTime  stm32f4xx_hal_tim_ex.o
    0x080036e4   0x080036e4   0x00000090   Code   RO         1371    i.HAL_TIMEx_MasterConfigSynchronization  stm32f4xx_hal_tim_ex.o
    0x08003774   0x08003774   0x0000005a   Code   RO          648    i.HAL_TIM_Base_Init  stm32f4xx_hal_tim.o
    0x080037ce   0x080037ce   0x00000002   PAD
    0x080037d0   0x080037d0   0x00000044   Code   RO          364    i.HAL_TIM_Base_MspInit  tim.o
    0x08003814   0x08003814   0x00000080   Code   RO          653    i.HAL_TIM_Base_Start_IT  stm32f4xx_hal_tim.o
    0x08003894   0x08003894   0x000000dc   Code   RO          657    i.HAL_TIM_ConfigClockSource  stm32f4xx_hal_tim.o
    0x08003970   0x08003970   0x00000002   Code   RO          682    i.HAL_TIM_IC_CaptureCallback  stm32f4xx_hal_tim.o
    0x08003972   0x08003972   0x00000130   Code   RO          696    i.HAL_TIM_IRQHandler  stm32f4xx_hal_tim.o
    0x08003aa2   0x08003aa2   0x00000002   PAD
    0x08003aa4   0x08003aa4   0x00000054   Code   RO          365    i.HAL_TIM_MspPostInit  tim.o
    0x08003af8   0x08003af8   0x00000002   Code   RO          699    i.HAL_TIM_OC_DelayElapsedCallback  stm32f4xx_hal_tim.o
    0x08003afa   0x08003afa   0x000000cc   Code   RO          720    i.HAL_TIM_PWM_ConfigChannel  stm32f4xx_hal_tim.o
    0x08003bc6   0x08003bc6   0x0000005a   Code   RO          723    i.HAL_TIM_PWM_Init  stm32f4xx_hal_tim.o
    0x08003c20   0x08003c20   0x00000002   Code   RO          725    i.HAL_TIM_PWM_MspInit  stm32f4xx_hal_tim.o
    0x08003c22   0x08003c22   0x00000002   Code   RO          726    i.HAL_TIM_PWM_PulseFinishedCallback  stm32f4xx_hal_tim.o
    0x08003c24   0x08003c24   0x00000014   Code   RO           14    i.HAL_TIM_PeriodElapsedCallback  main.o
    0x08003c38   0x08003c38   0x00000002   Code   RO          739    i.HAL_TIM_TriggerCallback  stm32f4xx_hal_tim.o
    0x08003c3a   0x08003c3a   0x0000004a   Code   RO         3013    i.HAL_UARTEx_ReceiveToIdle_DMA  stm32f4xx_hal_uart.o
    0x08003c84   0x08003c84   0x0000003c   Code   RO         5410    i.HAL_UARTEx_RxEventCallback  ops.o
    0x08003cc0   0x08003cc0   0x00000002   Code   RO         3017    i.HAL_UART_AbortCpltCallback  stm32f4xx_hal_uart.o
    0x08003cc2   0x08003cc2   0x00000094   Code   RO         3018    i.HAL_UART_AbortReceive  stm32f4xx_hal_uart.o
    0x08003d56   0x08003d56   0x00000002   Code   RO         3019    i.HAL_UART_AbortReceiveCpltCallback  stm32f4xx_hal_uart.o
    0x08003d58   0x08003d58   0x00000002   Code   RO         3022    i.HAL_UART_AbortTransmitCpltCallback  stm32f4xx_hal_uart.o
    0x08003d5a   0x08003d5a   0x00000002   PAD
    0x08003d5c   0x08003d5c   0x00000024   Code   RO         5411    i.HAL_UART_ErrorCallback  ops.o
    0x08003d80   0x08003d80   0x00000280   Code   RO         3032    i.HAL_UART_IRQHandler  stm32f4xx_hal_uart.o
    0x08004000   0x08004000   0x00000078   Code   RO         3033    i.HAL_UART_Init     stm32f4xx_hal_uart.o
    0x08004078   0x08004078   0x00000208   Code   RO          418    i.HAL_UART_MspInit  usart.o
    0x08004280   0x08004280   0x0000001c   Code   RO         3038    i.HAL_UART_Receive_IT  stm32f4xx_hal_uart.o
    0x0800429c   0x0800429c   0x00000076   Code   RO         3039    i.HAL_UART_RegisterCallback  stm32f4xx_hal_uart.o
    0x08004312   0x08004312   0x00000042   Code   RO         3040    i.HAL_UART_RegisterRxEventCallback  stm32f4xx_hal_uart.o
    0x08004354   0x08004354   0x00000002   Code   RO         3041    i.HAL_UART_RxCpltCallback  stm32f4xx_hal_uart.o
    0x08004356   0x08004356   0x00000002   Code   RO         3042    i.HAL_UART_RxHalfCpltCallback  stm32f4xx_hal_uart.o
    0x08004358   0x08004358   0x000000a0   Code   RO         3043    i.HAL_UART_Transmit  stm32f4xx_hal_uart.o
    0x080043f8   0x080043f8   0x00000084   Code   RO         3044    i.HAL_UART_Transmit_DMA  stm32f4xx_hal_uart.o
    0x0800447c   0x0800447c   0x00000002   Code   RO         3046    i.HAL_UART_TxCpltCallback  stm32f4xx_hal_uart.o
    0x0800447e   0x0800447e   0x00000002   Code   RO         3047    i.HAL_UART_TxHalfCpltCallback  stm32f4xx_hal_uart.o
    0x08004480   0x08004480   0x0000003a   Code   RO         5589    i.HCan_Submit       hcan.o
    0x080044ba   0x080044ba   0x00000002   Code   RO          483    i.HardFault_Handler  stm32f4xx_it.o
    0x080044bc   0x080044bc   0x00000044   Code   RO          299    i.MX_CAN2_Init      can.o
    0x08004500   0x08004500   0x0000005c   Code   RO          339    i.MX_DMA_Init       dma.o
    0x0800455c   0x0800455c   0x00000020   Code   RO          254    i.MX_FREERTOS_Init  freertos.o
    0x0800457c   0x0800457c   0x000000bc   Code   RO          230    i.MX_GPIO_Init      gpio.o
    0x08004638   0x08004638   0x000000cc   Code   RO          366    i.MX_TIM1_Init      tim.o
    0x08004704   0x08004704   0x00000044   Code   RO          367    i.MX_TIM6_Init      tim.o
    0x08004748   0x08004748   0x00000038   Code   RO          419    i.MX_UART4_Init     usart.o
    0x08004780   0x08004780   0x00000038   Code   RO          420    i.MX_USART1_UART_Init  usart.o
    0x080047b8   0x080047b8   0x00000038   Code   RO          421    i.MX_USART2_UART_Init  usart.o
    0x080047f0   0x080047f0   0x00000038   Code   RO          422    i.MX_USART3_UART_Init  usart.o
    0x08004828   0x08004828   0x00000024   Code   RO         5988    i.MecanumControl_ClearTarget  mecanum_control.o
    0x0800484c   0x0800484c   0x0000001e   Code   RO         5989    i.MecanumControl_Disable  mecanum_control.o
    0x0800486a   0x0800486a   0x00000024   Code   RO         5990    i.MecanumControl_Enable  mecanum_control.o
    0x0800488e   0x0800488e   0x00000002   PAD
    0x08004890   0x08004890   0x00000034   Code   RO         5991    i.MecanumControl_GetPose  mecanum_control.o
    0x080048c4   0x080048c4   0x00000084   Code   RO         5992    i.MecanumControl_GotoOPS  mecanum_control.o
    0x08004948   0x08004948   0x00000068   Code   RO         5993    i.MecanumControl_Init  mecanum_control.o
    0x080049b0   0x080049b0   0x00000044   Code   RO         5997    i.MecanumControl_MoveVelocity  mecanum_control.o
    0x080049f4   0x080049f4   0x00000016   Code   RO         6000    i.MecanumControl_Stop  mecanum_control.o
    0x08004a0a   0x08004a0a   0x00000002   PAD
    0x08004a0c   0x08004a0c   0x0000008c   Code   RO         6001    i.MecanumControl_UpdatePose  mecanum_control.o
    0x08004a98   0x08004a98   0x00000088   Code   RO         6002    i.Mecanum_NormalizeWheelSpeed  mecanum_control.o
    0x08004b20   0x08004b20   0x00000002   Code   RO          484    i.MemManage_Handler  stm32f4xx_it.o
    0x08004b22   0x08004b22   0x0000003c   Code   RO         5192    i.Motor28_AbsPosition  stepper_2835.o
    0x08004b5e   0x08004b5e   0x00000044   Code   RO         5193    i.Motor35_AbsPosition  stepper_2835.o
    0x08004ba2   0x08004ba2   0x00000002   PAD
    0x08004ba4   0x08004ba4   0x00000098   Code   RO         5194    i.Motor_AbsPosition  stepper_2835.o
    0x08004c3c   0x08004c3c   0x00000030   Code   RO         5195    i.Motor_Homing      stepper_2835.o
    0x08004c6c   0x08004c6c   0x00000002   Code   RO          485    i.NMI_Handler       stm32f4xx_it.o
    0x08004c6e   0x08004c6e   0x00000002   PAD
    0x08004c70   0x08004c70   0x0000001c   Code   RO         5414    i.OPS_ConsumeSessionChanged  ops.o
    0x08004c8c   0x08004c8c   0x0000012c   Code   RO         5415    i.OPS_CopyPosition  ops.o
    0x08004db8   0x08004db8   0x00000028   Code   RO         5416    i.OPS_DropFirstByte  ops.o
    0x08004de0   0x08004de0   0x00000068   Code   RO         5417    i.OPS_FrameValuesValid  ops.o
    0x08004e48   0x08004e48   0x00000006   Code   RO         5420    i.OPS_GetPosition   ops.o
    0x08004e4e   0x08004e4e   0x00000002   PAD
    0x08004e50   0x08004e50   0x0000007c   Code   RO         5421    i.OPS_Init          ops.o
    0x08004ecc   0x08004ecc   0x00000028   Code   RO         5423    i.OPS_IsOnline      ops.o
    0x08004ef4   0x08004ef4   0x00000178   Code   RO         5425    i.OPS_ParseByte     ops.o
    0x0800506c   0x0800506c   0x000000bc   Code   RO         5426    i.OPS_PublishFrame  ops.o
    0x08005128   0x08005128   0x00000070   Code   RO         5427    i.OPS_PublishV2Frame  ops.o
    0x08005198   0x08005198   0x00000038   Code   RO         5428    i.OPS_RestartReceive  ops.o
    0x080051d0   0x080051d0   0x00000020   Code   RO         5429    i.OPS_SendCommand   ops.o
    0x080051f0   0x080051f0   0x00000064   Code   RO         5430    i.OPS_ServiceRx     ops.o
    0x08005254   0x08005254   0x0000007c   Code   RO         5431    i.OPS_SetMountOffset  ops.o
    0x080052d0   0x080052d0   0x0000001c   Code   RO         5433    i.OPS_Start         ops.o
    0x080052ec   0x080052ec   0x00000048   Code   RO         5434    i.OPS_ZeroCoordinates  ops.o
    0x08005334   0x08005334   0x0000004c   Code   RO         6003    i.SetMotorVoltageAndDirection  mecanum_control.o
    0x08005380   0x08005380   0x00000034   Code   RO         5263    i.SoftSPI_OLED_Clear  oled_softspi.o
    0x080053b4   0x080053b4   0x00000030   Code   RO         5270    i.SoftSPI_OLED_DrawPoint  oled_softspi.o
    0x080053e4   0x080053e4   0x000001b4   Code   RO         5271    i.SoftSPI_OLED_Init  oled_softspi.o
    0x08005598   0x08005598   0x0000004c   Code   RO         5273    i.SoftSPI_OLED_Refresh  oled_softspi.o
    0x080055e4   0x080055e4   0x00000108   Code   RO         5276    i.SoftSPI_OLED_ShowChar  oled_softspi.o
    0x080056ec   0x080056ec   0x0000005e   Code   RO         5280    i.SoftSPI_OLED_ShowString  oled_softspi.o
    0x0800574a   0x0800574a   0x00000002   PAD
    0x0800574c   0x0800574c   0x00000088   Code   RO         5281    i.SoftSPI_OLED_WR_Byte  oled_softspi.o
    0x080057d4   0x080057d4   0x00000014   Code   RO         6004    i.SpeedTarget_stop  mecanum_control.o
    0x080057e8   0x080057e8   0x0000000c   Code   RO          255    i.StartDefaultTask  freertos.o
    0x080057f4   0x080057f4   0x0000001a   Code   RO         5197    i.Stepper2835_Index  stepper_2835.o
    0x0800580e   0x0800580e   0x00000002   PAD
    0x08005810   0x08005810   0x0000006c   Code   RO         5198    i.Stepper2835_OnRx  stepper_2835.o
    0x0800587c   0x0800587c   0x0000001a   Code   RO         4544    i.SysTick_Handler   cmsis_os2.o
    0x08005896   0x08005896   0x00000002   PAD
    0x08005898   0x08005898   0x00000094   Code   RO           15    i.SystemClock_Config  main.o
    0x0800592c   0x0800592c   0x00000010   Code   RO         3397    i.SystemInit        system_stm32f4xx.o
    0x0800593c   0x0800593c   0x0000000c   Code   RO          486    i.TIM7_IRQHandler   stm32f4xx_it.o
    0x08005948   0x08005948   0x000000d0   Code   RO          741    i.TIM_Base_SetConfig  stm32f4xx_hal_tim.o
    0x08005a18   0x08005a18   0x00000014   Code   RO          752    i.TIM_ETR_SetConfig  stm32f4xx_hal_tim.o
    0x08005a2c   0x08005a2c   0x00000010   Code   RO          753    i.TIM_ITRx_SetConfig  stm32f4xx_hal_tim.o
    0x08005a3c   0x08005a3c   0x00000060   Code   RO          754    i.TIM_OC1_SetConfig  stm32f4xx_hal_tim.o
    0x08005a9c   0x08005a9c   0x0000006c   Code   RO          755    i.TIM_OC2_SetConfig  stm32f4xx_hal_tim.o
    0x08005b08   0x08005b08   0x00000068   Code   RO          756    i.TIM_OC3_SetConfig  stm32f4xx_hal_tim.o
    0x08005b70   0x08005b70   0x00000050   Code   RO          757    i.TIM_OC4_SetConfig  stm32f4xx_hal_tim.o
    0x08005bc0   0x08005bc0   0x00000022   Code   RO          759    i.TIM_TI1_ConfigInputStage  stm32f4xx_hal_tim.o
    0x08005be2   0x08005be2   0x00000024   Code   RO          761    i.TIM_TI2_ConfigInputStage  stm32f4xx_hal_tim.o
    0x08005c06   0x08005c06   0x00000002   PAD
    0x08005c08   0x08005c08   0x0000000c   Code   RO          487    i.UART4_IRQHandler  stm32f4xx_it.o
    0x08005c14   0x08005c14   0x0000000a   Code   RO         3050    i.UART_DMAAbortOnError  stm32f4xx_hal_uart.o
    0x08005c1e   0x08005c1e   0x0000004c   Code   RO         3051    i.UART_DMAError     stm32f4xx_hal_uart.o
    0x08005c6a   0x08005c6a   0x00000086   Code   RO         3052    i.UART_DMAReceiveCplt  stm32f4xx_hal_uart.o
    0x08005cf0   0x08005cf0   0x00000018   Code   RO         3054    i.UART_DMARxHalfCplt  stm32f4xx_hal_uart.o
    0x08005d08   0x08005d08   0x0000003e   Code   RO         3056    i.UART_DMATransmitCplt  stm32f4xx_hal_uart.o
    0x08005d46   0x08005d46   0x00000006   Code   RO         3058    i.UART_DMATxHalfCplt  stm32f4xx_hal_uart.o
    0x08005d4c   0x08005d4c   0x0000004e   Code   RO         3060    i.UART_EndRxTransfer  stm32f4xx_hal_uart.o
    0x08005d9a   0x08005d9a   0x0000001c   Code   RO         3061    i.UART_EndTxTransfer  stm32f4xx_hal_uart.o
    0x08005db6   0x08005db6   0x00000002   PAD
    0x08005db8   0x08005db8   0x0000004c   Code   RO         3062    i.UART_InitCallbacksToDefault  stm32f4xx_hal_uart.o
    0x08005e04   0x08005e04   0x000000c2   Code   RO         3063    i.UART_Receive_IT   stm32f4xx_hal_uart.o
    0x08005ec6   0x08005ec6   0x00000002   PAD
    0x08005ec8   0x08005ec8   0x0000010c   Code   RO         3064    i.UART_SetConfig    stm32f4xx_hal_uart.o
    0x08005fd4   0x08005fd4   0x000000a0   Code   RO         3065    i.UART_Start_Receive_DMA  stm32f4xx_hal_uart.o
    0x08006074   0x08006074   0x00000036   Code   RO         3066    i.UART_Start_Receive_IT  stm32f4xx_hal_uart.o
    0x080060aa   0x080060aa   0x00000072   Code   RO         3067    i.UART_WaitOnFlagUntilTimeout  stm32f4xx_hal_uart.o
    0x0800611c   0x0800611c   0x0000000c   Code   RO          488    i.USART1_IRQHandler  stm32f4xx_it.o
    0x08006128   0x08006128   0x0000000c   Code   RO          489    i.USART2_IRQHandler  stm32f4xx_it.o
    0x08006134   0x08006134   0x00000002   Code   RO          490    i.UsageFault_Handler  stm32f4xx_it.o
    0x08006136   0x08006136   0x0000002c   Code   RO         5904    i.ZDT_X42S_Disable  zdt_x42s.o
    0x08006162   0x08006162   0x0000002e   Code   RO         5905    i.ZDT_X42S_Enable   zdt_x42s.o
    0x08006190   0x08006190   0x00000050   Code   RO         5906    i.ZDT_X42S_InitRx   zdt_x42s.o
    0x080061e0   0x080061e0   0x00000050   Code   RO         5907    i.ZDT_X42S_PopReply  zdt_x42s.o
    0x08006230   0x08006230   0x000000b0   Code   RO         5908    i.ZDT_X42S_RxComplete  zdt_x42s.o
    0x080062e0   0x080062e0   0x0000000c   Code   RO         5909    i.ZDT_X42S_RxError  zdt_x42s.o
    0x080062ec   0x080062ec   0x0000001c   Code   RO         5910    i.ZDT_X42S_Send     zdt_x42s.o
    0x08006308   0x08006308   0x00000044   Code   RO         5911    i.ZDT_X42S_ServiceRx  zdt_x42s.o
    0x0800634c   0x0800634c   0x0000003e   Code   RO         5913    i.ZDT_X42S_SpeedAcc  zdt_x42s.o
    0x0800638a   0x0800638a   0x00000028   Code   RO         5914    i.ZDT_X42S_Stop     zdt_x42s.o
    0x080063b2   0x080063b2   0x00000026   Code   RO         6210    i.__ARM_fpclassifyf  m_wm.l(fpclassifyf.o)
    0x080063d8   0x080063d8   0x00000020   Code   RO         2613    i.__NVIC_SetPriority  stm32f4xx_hal_cortex.o
    0x080063f8   0x080063f8   0x00000150   Code   RO         6160    i.__hardfp_cosf     m_wm.l(cosf.o)
    0x08006548   0x08006548   0x000000b0   Code   RO         6172    i.__hardfp_fmodf    m_wm.l(fmodf.o)
    0x080065f8   0x080065f8   0x00000190   Code   RO         6184    i.__hardfp_sinf     m_wm.l(sinf.o)
    0x08006788   0x08006788   0x00000006   Code   RO         6213    i.__mathlib_flt_infnan  m_wm.l(funder.o)
    0x0800678e   0x0800678e   0x00000002   PAD
    0x08006790   0x08006790   0x00000010   Code   RO         6215    i.__mathlib_flt_invalid  m_wm.l(funder.o)
    0x080067a0   0x080067a0   0x00000010   Code   RO         6218    i.__mathlib_flt_underflow  m_wm.l(funder.o)
    0x080067b0   0x080067b0   0x00000154   Code   RO         6226    i.__mathlib_rredf2  m_wm.l(rredf.o)
    0x08006904   0x08006904   0x00000340   Code   RO         6005    i.chassis_move      mecanum_control.o
    0x08006c44   0x08006c44   0x00000090   Code   RO           16    i.main              main.o
    0x08006cd4   0x08006cd4   0x00000052   Code   RO         6007    i.numerical_limit   mecanum_control.o
    0x08006d26   0x08006d26   0x0000001a   Code   RO         4546    i.osDelay           cmsis_os2.o
    0x08006d40   0x08006d40   0x00000024   Code   RO         4560    i.osKernelInitialize  cmsis_os2.o
    0x08006d64   0x08006d64   0x00000038   Code   RO         4563    i.osKernelStart     cmsis_os2.o
    0x08006d9c   0x08006d9c   0x0000008a   Code   RO         4605    i.osThreadNew       cmsis_os2.o
    0x08006e26   0x08006e26   0x00000002   PAD
    0x08006e28   0x08006e28   0x0000005c   Code   RO         4005    i.prvAddCurrentTaskToDelayedList  tasks.o
    0x08006e84   0x08006e84   0x000000d0   Code   RO         4006    i.prvAddNewTaskToReadyList  tasks.o
    0x08006f54   0x08006f54   0x00000058   Code   RO         4370    i.prvCheckForValidListAndQueue  timers.o
    0x08006fac   0x08006fac   0x00000026   Code   RO         3602    i.prvCopyDataFromQueue  queue.o
    0x08006fd2   0x08006fd2   0x0000006c   Code   RO         3603    i.prvCopyDataToQueue  queue.o
    0x0800703e   0x0800703e   0x00000034   Code   RO         4007    i.prvDeleteTCB      tasks.o
    0x08007072   0x08007072   0x00000002   PAD
    0x08007074   0x08007074   0x0000004c   Code   RO         5057    i.prvHeapInit       heap_4.o
    0x080070c0   0x080070c0   0x00000060   Code   RO         4008    i.prvIdleTask       tasks.o
    0x08007120   0x08007120   0x00000022   Code   RO         3605    i.prvInitialiseNewQueue  queue.o
    0x08007142   0x08007142   0x00000002   PAD
    0x08007144   0x08007144   0x000000b0   Code   RO         4009    i.prvInitialiseNewTask  tasks.o
    0x080071f4   0x080071f4   0x0000004c   Code   RO         5058    i.prvInsertBlockIntoFreeList  heap_4.o
    0x08007240   0x08007240   0x00000038   Code   RO         4372    i.prvInsertTimerInActiveList  timers.o
    0x08007278   0x08007278   0x0000001c   Code   RO         3606    i.prvIsQueueEmpty   queue.o
    0x08007294   0x08007294   0x000000fc   Code   RO         4373    i.prvProcessReceivedCommands  timers.o
    0x08007390   0x08007390   0x000000c0   Code   RO         4374    i.prvProcessTimerOrBlockTask  timers.o
    0x08007450   0x08007450   0x00000020   Code   RO         4011    i.prvResetNextTaskUnblockTime  tasks.o
    0x08007470   0x08007470   0x00000028   Code   RO         4375    i.prvSampleTimeNow  timers.o
    0x08007498   0x08007498   0x0000006c   Code   RO         4376    i.prvSwitchTimerLists  timers.o
    0x08007504   0x08007504   0x00000028   Code   RO         5113    i.prvTaskExitError  port.o
    0x0800752c   0x0800752c   0x00000024   Code   RO         4377    i.prvTimerTask      timers.o
    0x08007550   0x08007550   0x0000006a   Code   RO         3607    i.prvUnlockQueue    queue.o
    0x080075ba   0x080075ba   0x00000002   PAD
    0x080075bc   0x080075bc   0x000000dc   Code   RO         5059    i.pvPortMalloc      heap_4.o
    0x08007698   0x08007698   0x0000002c   Code   RO         5114    i.pxPortInitialiseStack  port.o
    0x080076c4   0x080076c4   0x00000026   Code   RO         3562    i.uxListRemove      list.o
    0x080076ea   0x080076ea   0x00000002   PAD
    0x080076ec   0x080076ec   0x00000014   Code   RO         4617    i.vApplicationGetIdleTaskMemory  cmsis_os2.o
    0x08007700   0x08007700   0x00000018   Code   RO         4618    i.vApplicationGetTimerTaskMemory  cmsis_os2.o
    0x08007718   0x08007718   0x00000016   Code   RO         3563    i.vListInitialise   list.o
    0x0800772e   0x0800772e   0x00000006   Code   RO         3564    i.vListInitialiseItem  list.o
    0x08007734   0x08007734   0x00000030   Code   RO         3565    i.vListInsert       list.o
    0x08007764   0x08007764   0x00000018   Code   RO         3566    i.vListInsertEnd    list.o
    0x0800777c   0x0800777c   0x00000040   Code   RO         5116    i.vPortEnterCritical  port.o
    0x080077bc   0x080077bc   0x00000028   Code   RO         5117    i.vPortExitCritical  port.o
    0x080077e4   0x080077e4   0x00000064   Code   RO         5060    i.vPortFree         heap_4.o
    0x08007848   0x08007848   0x00000024   Code   RO         5118    i.vPortSetupTimerInterrupt  port.o
    0x0800786c   0x0800786c   0x00000054   Code   RO         5119    i.vPortValidateInterruptPriority  port.o
    0x080078c0   0x080078c0   0x00000028   Code   RO         3613    i.vQueueAddToRegistry  queue.o
    0x080078e8   0x080078e8   0x00000044   Code   RO         3617    i.vQueueWaitForMessageRestricted  queue.o
    0x0800792c   0x0800792c   0x0000004c   Code   RO         4024    i.vTaskDelay        tasks.o
    0x08007978   0x08007978   0x00000010   Code   RO         4029    i.vTaskInternalSetTimeOutState  tasks.o
    0x08007988   0x08007988   0x0000000c   Code   RO         4030    i.vTaskMissedYield  tasks.o
    0x08007994   0x08007994   0x00000030   Code   RO         4032    i.vTaskPlaceOnEventList  tasks.o
    0x080079c4   0x080079c4   0x00000038   Code   RO         4033    i.vTaskPlaceOnEventListRestricted  tasks.o
    0x080079fc   0x080079fc   0x00000088   Code   RO         4041    i.vTaskStartScheduler  tasks.o
    0x08007a84   0x08007a84   0x00000010   Code   RO         4043    i.vTaskSuspendAll   tasks.o
    0x08007a94   0x08007a94   0x00000064   Code   RO         4044    i.vTaskSwitchContext  tasks.o
    0x08007af8   0x08007af8   0x000000f4   Code   RO         5120    i.xPortStartScheduler  port.o
    0x08007bec   0x08007bec   0x0000002c   Code   RO         5121    i.xPortSysTickHandler  port.o
    0x08007c18   0x08007c18   0x00000066   Code   RO         3623    i.xQueueGenericCreateStatic  queue.o
    0x08007c7e   0x08007c7e   0x00000002   PAD
    0x08007c80   0x08007c80   0x00000088   Code   RO         3624    i.xQueueGenericReset  queue.o
    0x08007d08   0x08007d08   0x00000160   Code   RO         3625    i.xQueueGenericSend  queue.o
    0x08007e68   0x08007e68   0x000000be   Code   RO         3626    i.xQueueGenericSendFromISR  queue.o
    0x08007f26   0x08007f26   0x00000002   PAD
    0x08007f28   0x08007f28   0x00000138   Code   RO         3635    i.xQueueReceive     queue.o
    0x08008060   0x08008060   0x00000074   Code   RO         4046    i.xTaskCheckForTimeOut  tasks.o
    0x080080d4   0x080080d4   0x0000005a   Code   RO         4047    i.xTaskCreate       tasks.o
    0x0800812e   0x0800812e   0x00000056   Code   RO         4048    i.xTaskCreateStatic  tasks.o
    0x08008184   0x08008184   0x0000001c   Code   RO         4052    i.xTaskGetSchedulerState  tasks.o
    0x080081a0   0x080081a0   0x0000000c   Code   RO         4053    i.xTaskGetTickCount  tasks.o
    0x080081ac   0x080081ac   0x000000c8   Code   RO         4055    i.xTaskIncrementTick  tasks.o
    0x08008274   0x08008274   0x00000080   Code   RO         4058    i.xTaskPriorityDisinherit  tasks.o
    0x080082f4   0x080082f4   0x00000070   Code   RO         4060    i.xTaskRemoveFromEventList  tasks.o
    0x08008364   0x08008364   0x000000c4   Code   RO         4061    i.xTaskResumeAll    tasks.o
    0x08008428   0x08008428   0x00000060   Code   RO         4386    i.xTimerCreateTimerTask  timers.o
    0x08008488   0x08008488   0x00000068   Code   RO         4387    i.xTimerGenericCommand  timers.o
    0x080084f0   0x080084f0   0x0000008c   Code   RO         6251    x$fpl$fnaninf       fz_wm.l(fnaninf.o)
    0x0800857c   0x0800857c   0x0000000a   Code   RO         6338    x$fpl$fpinit        fz_wm.l(fpinit.o)
    0x08008586   0x08008586   0x00000002   PAD
    0x08008588   0x08008588   0x000000f4   Code   RO         6207    x$fpl$frem          fz_wm.l(frem_clz.o)
    0x0800867c   0x0800867c   0x00000000   Code   RO         6209    x$fpl$usenofp       fz_wm.l(usenofp.o)
    0x0800867c   0x0800867c   0x00000024   Data   RO          256    .constdata          freertos.o
    0x080086a0   0x080086a0   0x00000008   Data   RO         2327    .constdata          stm32f4xx_hal_dma.o
    0x080086a8   0x080086a8   0x00000010   Data   RO         3398    .constdata          system_stm32f4xx.o
    0x080086b8   0x080086b8   0x00000008   Data   RO         3399    .constdata          system_stm32f4xx.o
    0x080086c0   0x080086c0   0x00002010   Data   RO         5283    .constdata          oled_softspi.o
    0x0800a6d0   0x0800a6d0   0x00000100   Data   RO         5436    .constdata          ops.o
    0x0800a7d0   0x0800a7d0   0x000000b1   Data   RO         5766    .constdata          debug_usart.o
    0x0800a881   0x0800a881   0x00000003   PAD
    0x0800a884   0x0800a884   0x00000020   Data   RO         6227    .constdata          m_wm.l(rredf.o)
    0x0800a8a4   0x0800a8a4   0x0000000c   Data   RO          257    .conststring        freertos.o
    0x0800a8b0   0x0800a8b0   0x000001c8   Data   RO         5767    .conststring        debug_usart.o
    0x0800aa78   0x0800aa78   0x00000020   Data   RO         6396    Region$$Table       anon$$obj.o


    Execution Region RW_IRAM1 (Exec base: 0x20000000, Load base: 0x0800aa98, Size: 0x00005cb0, Max: 0x0001c000, ABSOLUTE, COMPRESSED[0x00000024])

    Exec Addr    Load Addr    Size         Type   Attr      Idx    E Section Name        Object

    0x20000000   COMPRESSED   0x00000004   Data   RW          258    .data               freertos.o
    0x20000004   COMPRESSED   0x0000000c   Data   RW         2772    .data               stm32f4xx_hal.o
    0x20000010   COMPRESSED   0x00000004   Data   RW         3400    .data               system_stm32f4xx.o
    0x20000014   COMPRESSED   0x0000003c   Data   RW         4064    .data               tasks.o
    0x20000050   COMPRESSED   0x00000014   Data   RW         4395    .data               timers.o
    0x20000064   COMPRESSED   0x00000004   Data   RW         4620    .data               cmsis_os2.o
    0x20000068   COMPRESSED   0x00000020   Data   RW         5066    .data               heap_4.o
    0x20000088   COMPRESSED   0x0000000c   Data   RW         5122    .data               port.o
    0x20000094   COMPRESSED   0x00000006   Data   RW         5284    .data               oled_softspi.o
    0x2000009a   COMPRESSED   0x00000002   PAD
    0x2000009c   COMPRESSED   0x00000018   Data   RW         5437    .data               ops.o
    0x200000b4   COMPRESSED   0x00000001   Data   RW         5591    .data               hcan.o
    0x200000b5   COMPRESSED   0x00000003   PAD
    0x200000b8   COMPRESSED   0x0000006c   Data   RW         5768    .data               debug_usart.o
    0x20000124   COMPRESSED   0x00000010   Data   RW         5916    .data               zdt_x42s.o
    0x20000134   COMPRESSED   0x00000038   Data   RW         6009    .data               mecanum_control.o
    0x2000016c        -       0x00000028   Zero   RW          300    .bss                can.o
    0x20000194        -       0x00000090   Zero   RW          368    .bss                tim.o
    0x20000224        -       0x00000300   Zero   RW          423    .bss                usart.o
    0x20000524        -       0x00000048   Zero   RW          610    .bss                stm32f4xx_hal_timebase_tim.o
    0x2000056c        -       0x00000040   Zero   RW         3639    .bss                queue.o
    0x200005ac        -       0x000004c4   Zero   RW         4063    .bss                tasks.o
    0x20000a70        -       0x00000118   Zero   RW         4394    .bss                timers.o
    0x20000b88        -       0x000006b8   Zero   RW         4619    .bss                cmsis_os2.o
    0x20001240        -       0x00003c00   Zero   RW         5065    .bss                heap_4.o
    0x20004e40        -       0x00000028   Zero   RW         5199    .bss                stepper_2835.o
    0x20004e68        -       0x00000480   Zero   RW         5282    .bss                oled_softspi.o
    0x200052e8        -       0x000000d4   Zero   RW         5435    .bss                ops.o
    0x200053bc        -       0x00000014   Zero   RW         5590    .bss                hcan.o
    0x200053d0        -       0x00000220   Zero   RW         5765    .bss                debug_usart.o
    0x200055f0        -       0x00000040   Zero   RW         5915    .bss                zdt_x42s.o
    0x20005630        -       0x00000020   Zero   RW         6008    .bss                mecanum_control.o
    0x20005650        -       0x00000060   Zero   RW         6254    .bss                c_w.l(libspace.o)
    0x200056b0        -       0x00000200   Zero   RW            2    HEAP                startup_stm32f407xx.o
    0x200058b0        -       0x00000400   Zero   RW            1    STACK               startup_stm32f407xx.o


    Execution Region RW_IRAM2 (Exec base: 0x2001c000, Load base: 0x0800aabc, Size: 0x00000000, Max: 0x00004000, ABSOLUTE)

    **** No section assigned to this execution region ****


==============================================================================

Image component sizes


      Code (inc. data)   RO Data    RW Data    ZI Data      Debug   Object Name

       204         20          0          0         40       1693   can.o
       326         22          0          4       1720      64979   cmsis_os2.o
      5346        582        633        108        544      25979   debug_usart.o
       754         38          0          0          0       8660   dm_j4310.o
        92          4          0          0          0        810   dma.o
         0          0          0          0          0      19400   event_groups.o
        44         14         48          4          0       1701   freertos.o
       188         12          0          0          0        995   gpio.o
       584         18          0          1         20       6103   hcan.o
       472         24          0         32      15360       4807   heap_4.o
       138          0          0          0          0       3486   list.o
       316         28          0          0          0     717192   main.o
      1766        156          0         56         32      11159   mecanum_control.o
      1106         62       8208          6       1152       7109   oled_softspi.o
      1826        170        256         24        212      14433   ops.o
       786         82          0         12          0      11393   port.o
      1514         20          0          0         64      17284   queue.o
        64         26        392          0       1536        836   startup_stm32f407xx.o
       462         36          0          0         40      10838   stepper_2835.o
       116         18          0         12          0       8654   stm32f4xx_hal.o
      1702          6          0          0          0      14869   stm32f4xx_hal_can.o
       158         14          0          0          0      32978   stm32f4xx_hal_cortex.o
      1094         16          8          0          0       8420   stm32f4xx_hal_dma.o
       506         46          0          0          0       2168   stm32f4xx_hal_gpio.o
        56          4          0          0          0        850   stm32f4xx_hal_msp.o
      1408         82          0          0          0       5853   stm32f4xx_hal_rcc.o
      1748        108          0          0          0      15386   stm32f4xx_hal_tim.o
       232         28          0          0          0       3261   stm32f4xx_hal_tim_ex.o
       152         20          0          0         72       1451   stm32f4xx_hal_timebase_tim.o
      2784         98          0          0          0      22999   stm32f4xx_hal_uart.o
       108         48          0          0          0       6430   stm32f4xx_it.o
         0          0          0          0          0        388   stream_buffer.o
        16          4         24          4          0       1103   system_stm32f4xx.o
      2084        168          0         60       1220      26664   tasks.o
       424         42          0          0        144       3005   tim.o
       972         80          0         20        280      31975   timers.o
       744         78          0          0        768       4000   usart.o
       636         56          0         16         64       6812   zdt_x42s.o

    ----------------------------------------------------------------------
     30992       2230       9604        364      23268    1126123   Object Totals
         0          0         32          0          0          0   (incl. Generated)
        64          0          3          5          0          0   (incl. Padding)

    ----------------------------------------------------------------------

      Code (inc. data)   RO Data    RW Data    ZI Data      Debug   Library Member Name

        58          0          0          0          0          0   __dczerorl.o
         8          0          0          0          0         68   __main.o
         0          0          0          0          0          0   __rtentry.o
        12          0          0          0          0          0   __rtentry2.o
         6          0          0          0          0          0   __rtentry4.o
        52          8          0          0          0          0   __scatter.o
        28          0          0          0          0          0   __scatter_zi.o
        22          0          0          0          0        100   _rserrno.o
        16          0          0          0          0         68   aeabi_memset.o
        18          0          0          0          0         80   exit.o
         6          0          0          0          0        152   heapauxi.o
         0          0          0          0          0          0   indicate_semi.o
         2          0          0          0          0          0   libinit.o
         6          0          0          0          0          0   libinit2.o
         2          0          0          0          0          0   libshutdown.o
         2          0          0          0          0          0   libshutdown2.o
         8          4          0          0         96         68   libspace.o
       238          0          0          0          0        100   lludivv7m.o
         8          4          0          0          0         68   rt_errno_addr_intlibspace.o
        68          0          0          0          0         68   rt_memclr.o
        78          0          0          0          0         80   rt_memclr_w.o
       138          0          0          0          0         68   rt_memcpy_v6.o
       100          0          0          0          0         80   rt_memcpy_w.o
       132          0          0          0          0         68   rt_memmove_v6.o
       122          0          0          0          0         80   rt_memmove_w.o
         2          0          0          0          0          0   rtexit.o
        10          0          0          0          0          0   rtexit2.o
        20          0          0          0          0         68   strchr.o
        62          0          0          0          0         76   strlen.o
        12          4          0          0          0         68   sys_exit.o
        74          0          0          0          0         80   sys_stackheap_outer.o
         2          0          0          0          0         68   use_no_semi.o
       140          4          0          0          0        132   fnaninf.o
        10          0          0          0          0        116   fpinit.o
       244          8          0          0          0        132   frem_clz.o
         0          0          0          0          0          0   usenofp.o
       336         56          0          0          0        136   cosf.o
       176          0          0          0          0        168   fmodf.o
        38          0          0          0          0        116   fpclassifyf.o
        38         12          0          0          0        348   funder.o
       340         24         32          0          0        160   rredf.o
       400         56          0          0          0        212   sinf.o

    ----------------------------------------------------------------------
      3044        180         32          0         96       3028   Library Totals
        10          0          0          0          0          0   (incl. Padding)

    ----------------------------------------------------------------------

      Code (inc. data)   RO Data    RW Data    ZI Data      Debug   Library Name

      1312         20          0          0         96       1508   c_w.l
       394         12          0          0          0        380   fz_wm.l
      1328        148         32          0          0       1140   m_wm.l

    ----------------------------------------------------------------------
      3044        180         32          0         96       3028   Library Totals

    ----------------------------------------------------------------------

==============================================================================


      Code (inc. data)   RO Data    RW Data    ZI Data      Debug   

     34036       2410       9636        364      23364    1098371   Grand Totals
     34036       2410       9636         36      23364    1098371   ELF Image Totals (compressed)
     34036       2410       9636         36          0          0   ROM Totals

==============================================================================

    Total RO  Size (Code + RO Data)                43672 (  42.65kB)
    Total RW  Size (RW Data + ZI Data)             23728 (  23.17kB)
    Total ROM Size (Code + RO Data + RW Data)      43708 (  42.68kB)

==============================================================================

